START W_NonMonotonicShipUnreachable 20:02:50
END W_NonMonotonicShipUnreachable 20:02:52 | Invariant NonMonotonicShipUnreachable is violated; | 582822 states generated, 453928 distinct states found, 309529 states left on queue.
START W_WallClockDivergenceUnreachable 20:02:52
END W_WallClockDivergenceUnreachable 20:03:00 | Invariant WallClockDivergenceUnreachable is violated; | Progress(20) at 2026-09-14 20:02:55: 3,983,274 states generated (3,983,274 s/min), 3,145,375 distinct states found (3,145,375 ds/min), 1,927,353 states left on queue.
11489156 states generated, 8927390 distinct states found, 4761953 states left on queue.
START W_BurialGapUnreachable 20:03:00
END W_BurialGapUnreachable 20:03:02 | Invariant BurialGapUnreachable is violated; | 954416 states generated, 745259 distinct states found, 501333 states left on queue.
START W_ShipUnreachable 20:03:02
END W_ShipUnreachable 20:03:03 | Invariant ShipUnreachable is violated; | 1037061 states generated, 809833 distinct states found, 545527 states left on queue.
START W_LateBurialArtifactUnreachable 20:03:03
END W_LateBurialArtifactUnreachable 20:03:07 | Invariant LateBurialArtifactUnreachable is violated; | 2389425 states generated, 1886618 distinct states found, 1214109 states left on queue.
START W_EpsilonSideUnreachable 20:03:07
END W_EpsilonSideUnreachable 20:03:07 | Invariant EpsilonSideUnreachable is violated; | 1181 states generated, 920 distinct states found, 663 states left on queue.
START C_AnchorSubst_Corr 20:03:07
END C_AnchorSubst_Corr 20:03:09 | Invariant ShippedDesignatedAgree is violated; | 973668 states generated, 757947 distinct states found, 508870 states left on queue.
START C_AnchorSubst_Late 20:03:09
END C_AnchorSubst_Late 20:03:12 | Invariant LateBurialRejected is violated; | 2506162 states generated, 1969320 distinct states found, 1264860 states left on queue.
START C_AnchorSubst_Green 20:03:12
END C_AnchorSubst_Green 20:04:42 |  | Progress(20) at 2026-09-14 20:03:15: 3,087,991 states generated (3,087,991 s/min), 2,431,094 distinct states found (2,431,094 ds/min), 1,550,202 states left on queue.
Progress(20) at 2026-09-14 20:04:15: 90,854,989 states generated (87,766,998 s/min), 68,798,454 distinct states found (66,367,360 ds/min), 17,416,523 states left on queue.
114703188 states generated, 86849955 distinct states found, 0 states left on queue.
START C_WallClock_Red 20:04:42
END C_WallClock_Red 20:04:45 | Invariant HonestShipAccepted is violated; | 4147451 states generated, 3279835 distinct states found, 2042926 states left on queue.
START C_WallClock_Green 20:04:45
END C_WallClock_Green 20:06:17 |  | Progress(20) at 2026-09-14 20:04:49: 3,244,584 states generated (3,244,584 s/min), 2,554,134 distinct states found (2,554,134 ds/min), 1,636,629 states left on queue.
Progress(20) at 2026-09-14 20:05:49: 86,681,520 states generated (83,436,936 s/min), 65,511,219 distinct states found (62,957,085 ds/min), 17,389,973 states left on queue.
111011829 states generated, 83730033 distinct states found, 0 states left on queue.
