TLC2 Version 2026.07.31.184830 (rev: 30cc360)
Running breadth-first search Model-Checking with fp 104 and seed 1328750779289625679 with 4 workers on 12 cores with 7068MB heap and 64MB offheap memory [pid: 658279] (Linux 6.8.0-136-generic amd64, Ubuntu 21.0.12 64bit, MSBDiskFPSet, DiskStateQueue).
Parsing file /home/tony/projects/tessera/formal/tla/P5c_IssuanceProtocol_BrokenSilent.tla
Parsing file /tmp/tlc-2012514099431572032/Integers.tla (jar:file:/home/tony/.local/lib/tla2tools.jar!/tla2sany/StandardModules/Integers.tla)
Parsing file /tmp/tlc-2012514099431572032/_TLCTrace.tla (jar:file:/home/tony/.local/lib/tla2tools.jar!/tla2sany/StandardModules/_TLCTrace.tla)
Parsing file /tmp/tlc-2012514099431572032/Naturals.tla (jar:file:/home/tony/.local/lib/tla2tools.jar!/tla2sany/StandardModules/Naturals.tla)
Parsing file /tmp/tlc-2012514099431572032/TLC.tla (jar:file:/home/tony/.local/lib/tla2tools.jar!/tla2sany/StandardModules/TLC.tla)
Parsing file /tmp/tlc-2012514099431572032/TLCExt.tla (jar:file:/home/tony/.local/lib/tla2tools.jar!/tla2sany/StandardModules/TLCExt.tla)
Parsing file /tmp/tlc-2012514099431572032/Sequences.tla (jar:file:/home/tony/.local/lib/tla2tools.jar!/tla2sany/StandardModules/Sequences.tla)
Parsing file /tmp/tlc-2012514099431572032/FiniteSets.tla (jar:file:/home/tony/.local/lib/tla2tools.jar!/tla2sany/StandardModules/FiniteSets.tla)
Semantic processing of module Naturals
Semantic processing of module Integers
Semantic processing of module Sequences
Semantic processing of module FiniteSets
Semantic processing of module TLC
Semantic processing of module TLCExt
Semantic processing of module _TLCTrace
Semantic processing of module P5c_IssuanceProtocol_BrokenSilent
Linting of module TLCExt
Linting of module _TLCTrace
Linting of module P5c_IssuanceProtocol_BrokenSilent
Starting... (2026-09-06 19:34:53)
Computing initial states...
Finished computing initial states: 1 distinct state generated at 2026-09-06 19:34:53.
Error: Invariant NoSilentDeadlock is violated.
Error: The behavior up to this point is:
State 1: <Initial predicate>
/\ now = 0
/\ depth = 0
/\ reorgs = 0
/\ declared = 0
/\ refused = FALSE
/\ anchorAt = -1
/\ shippedOrphaned = FALSE
/\ attempts = 1
/\ shipped = FALSE
/\ refusedAt = -1

State 2: <Anchor line 68, col 3 to line 71, col 37 of module P5c_IssuanceProtocol_BrokenSilent>
/\ now = 0
/\ depth = 0
/\ reorgs = 0
/\ declared = 0
/\ refused = FALSE
/\ anchorAt = 0
/\ shippedOrphaned = FALSE
/\ attempts = 1
/\ shipped = FALSE
/\ refusedAt = -1

State 3: <Tick line 61, col 3 to line 65, col 45 of module P5c_IssuanceProtocol_BrokenSilent>
/\ now = 1
/\ depth = 1
/\ reorgs = 0
/\ declared = 0
/\ refused = FALSE
/\ anchorAt = 0
/\ shippedOrphaned = FALSE
/\ attempts = 1
/\ shipped = FALSE
/\ refusedAt = -1

State 4: <Tick line 61, col 3 to line 65, col 45 of module P5c_IssuanceProtocol_BrokenSilent>
/\ now = 2
/\ depth = 2
/\ reorgs = 0
/\ declared = 0
/\ refused = FALSE
/\ anchorAt = 0
/\ shippedOrphaned = FALSE
/\ attempts = 1
/\ shipped = FALSE
/\ refusedAt = -1

State 5: <Tick line 61, col 3 to line 65, col 45 of module P5c_IssuanceProtocol_BrokenSilent>
/\ now = 3
/\ depth = 2
/\ reorgs = 0
/\ declared = 0
/\ refused = FALSE
/\ anchorAt = 0
/\ shippedOrphaned = FALSE
/\ attempts = 1
/\ shipped = FALSE
/\ refusedAt = -1

State 6: <Tick line 61, col 3 to line 65, col 45 of module P5c_IssuanceProtocol_BrokenSilent>
/\ now = 4
/\ depth = 2
/\ reorgs = 0
/\ declared = 0
/\ refused = FALSE
/\ anchorAt = 0
/\ shippedOrphaned = FALSE
/\ attempts = 1
/\ shipped = FALSE
/\ refusedAt = -1

State 7: <Reissue line 89, col 3 to line 93, col 76 of module P5c_IssuanceProtocol_BrokenSilent>
/\ now = 4
/\ depth = 0
/\ reorgs = 0
/\ declared = 4
/\ refused = FALSE
/\ anchorAt = -1
/\ shippedOrphaned = FALSE
/\ attempts = 2
/\ shipped = FALSE
/\ refusedAt = -1

State 8: <Tick line 61, col 3 to line 65, col 45 of module P5c_IssuanceProtocol_BrokenSilent>
/\ now = 5
/\ depth = 0
/\ reorgs = 0
/\ declared = 4
/\ refused = FALSE
/\ anchorAt = -1
/\ shippedOrphaned = FALSE
/\ attempts = 2
/\ shipped = FALSE
/\ refusedAt = -1

State 9: <Tick line 61, col 3 to line 65, col 45 of module P5c_IssuanceProtocol_BrokenSilent>
/\ now = 6
/\ depth = 0
/\ reorgs = 0
/\ declared = 4
/\ refused = FALSE
/\ anchorAt = -1
/\ shippedOrphaned = FALSE
/\ attempts = 2
/\ shipped = FALSE
/\ refusedAt = -1

State 10: <Tick line 61, col 3 to line 65, col 45 of module P5c_IssuanceProtocol_BrokenSilent>
/\ now = 7
/\ depth = 0
/\ reorgs = 0
/\ declared = 4
/\ refused = FALSE
/\ anchorAt = -1
/\ shippedOrphaned = FALSE
/\ attempts = 2
/\ shipped = FALSE
/\ refusedAt = -1

State 11: <Tick line 61, col 3 to line 65, col 45 of module P5c_IssuanceProtocol_BrokenSilent>
/\ now = 8
/\ depth = 0
/\ reorgs = 0
/\ declared = 4
/\ refused = FALSE
/\ anchorAt = -1
/\ shippedOrphaned = FALSE
/\ attempts = 2
/\ shipped = FALSE
/\ refusedAt = -1

State 12: <Reissue line 89, col 3 to line 93, col 76 of module P5c_IssuanceProtocol_BrokenSilent>
/\ now = 8
/\ depth = 0
/\ reorgs = 0
/\ declared = 8
/\ refused = FALSE
/\ anchorAt = -1
/\ shippedOrphaned = FALSE
/\ attempts = 3
/\ shipped = FALSE
/\ refusedAt = -1

State 13: <Tick line 61, col 3 to line 65, col 45 of module P5c_IssuanceProtocol_BrokenSilent>
/\ now = 9
/\ depth = 0
/\ reorgs = 0
/\ declared = 8
/\ refused = FALSE
/\ anchorAt = -1
/\ shippedOrphaned = FALSE
/\ attempts = 3
/\ shipped = FALSE
/\ refusedAt = -1

State 14: <Tick line 61, col 3 to line 65, col 45 of module P5c_IssuanceProtocol_BrokenSilent>
/\ now = 10
/\ depth = 0
/\ reorgs = 0
/\ declared = 8
/\ refused = FALSE
/\ anchorAt = -1
/\ shippedOrphaned = FALSE
/\ attempts = 3
/\ shipped = FALSE
/\ refusedAt = -1

State 15: <Tick line 61, col 3 to line 65, col 45 of module P5c_IssuanceProtocol_BrokenSilent>
/\ now = 11
/\ depth = 0
/\ reorgs = 0
/\ declared = 8
/\ refused = FALSE
/\ anchorAt = -1
/\ shippedOrphaned = FALSE
/\ attempts = 3
/\ shipped = FALSE
/\ refusedAt = -1

State 16: <Tick line 61, col 3 to line 65, col 45 of module P5c_IssuanceProtocol_BrokenSilent>
/\ now = 12
/\ depth = 0
/\ reorgs = 0
/\ declared = 8
/\ refused = FALSE
/\ anchorAt = -1
/\ shippedOrphaned = FALSE
/\ attempts = 3
/\ shipped = FALSE
/\ refusedAt = -1

1625 states generated, 1056 distinct states found, 241 states left on queue.
The depth of the complete state graph search is 17.
Finished in 00s at (2026-09-06 19:34:53)
Trace exploration spec path: ./P5c_IssuanceProtocol_BrokenSilent_TTrace_1788723293.tla
