Process 0 (that is, the initial process):
{1}new skD: skey;
{2}new skR: skey;
{3}new skI: skey;
{4}let tH: bitstring = (issuerId,fp(pk(skI)),ssetH,algH,verH) in
{5}out(c, pk(skD));
{6}out(c, pk(skR));
{7}out(c, pk(skI));
{8}out(c, skR);
(
    {9}!
    {10}let skD_1: skey = skD in
    {11}event AuthorityPublishedDNS(tH);
    {12}out(c, sign((STMT,h(tH)),skD_1))
) | (
    {13}!
    {14}let skR_1: skey = skR in
    {15}event AuthorityPublishedRepo(tH);
    {16}out(c, sign((STMT,h(tH)),skR_1))
) | (
    {17}!
    {18}let skI_1: skey = skI in
    {19}let fb: bitstring = fbH in
    {20}event IssuerPossession(pk(skI_1));
    {21}out(c, sign((POSS,fp(pk(skI_1))),skI_1));
    {22}event IssuerSigned(pk(skI_1),fb);
    {23}out(c, sign((BYTES,fb),skI_1))
) | (
    {24}!
    {25}let pkA: pkey = pk(skR) in
    {26}in(c, (t: bitstring,label: bitstring,ev: bitstring,kX: pkey,ppf: bitstring,sg: bitstring,fb_1: bitstring));
    {27}let (=STMT,=h(t)) = checksign(ev,pkA) in
    {28}let (id: bitstring,kfpr: bitstring,ss: bitstring,alg: bitstring,ver: bitstring) = t in
    {29}if (fp(kX) = kfpr) then
    {30}let (=POSS,=fp(kX)) = checksign(ppf,kX) in
    {31}let (=BYTES,=fb_1) = checksign(sg,kX) in
    {32}event AcceptS(ev,t,kX,fb_1)
)

--  Process 1 (that is, process 0, with let moved downwards):
{1}new skD: skey;
{2}new skR: skey;
{3}new skI: skey;
{5}out(c, pk(skD));
{6}out(c, pk(skR));
{7}out(c, pk(skI));
{8}out(c, skR);
{4}let tH: bitstring = (issuerId,fp(pk(skI)),ssetH,algH,verH) in
(
    {9}!
    {11}event AuthorityPublishedDNS(tH);
    {10}let skD_1: skey = skD in
    {12}out(c, sign((STMT,h(tH)),skD_1))
) | (
    {13}!
    {15}event AuthorityPublishedRepo(tH);
    {14}let skR_1: skey = skR in
    {16}out(c, sign((STMT,h(tH)),skR_1))
) | (
    {17}!
    {18}let skI_1: skey = skI in
    {20}event IssuerPossession(pk(skI_1));
    {21}out(c, sign((POSS,fp(pk(skI_1))),skI_1));
    {19}let fb: bitstring = fbH in
    {22}event IssuerSigned(pk(skI_1),fb);
    {23}out(c, sign((BYTES,fb),skI_1))
) | (
    {24}!
    {26}in(c, (t: bitstring,label: bitstring,ev: bitstring,kX: pkey,ppf: bitstring,sg: bitstring,fb_1: bitstring));
    {25}let pkA: pkey = pk(skR) in
    {27}let (=STMT,=h(t)) = checksign(ev,pkA) in
    {28}let (id: bitstring,kfpr: bitstring,ss: bitstring,alg: bitstring,ver: bitstring) = t in
    {29}if (fp(kX) = kfpr) then
    {30}let (=POSS,=fp(kX)) = checksign(ppf,kX) in
    {31}let (=BYTES,=fb_1) = checksign(sg,kX) in
    {32}event AcceptS(ev,t,kX,fb_1)
)

-- Query event(AcceptS(ev_1,t_1,k,fb_2)) ==> event(AuthorityPublishedRepo(t_1)) && event(IssuerPossession(k)) && event(IssuerSigned(k,fb_2)) in process 1.
Translating the process into Horn clauses...
Completing...
Starting query event(AcceptS(ev_1,t_1,k,fb_2)) ==> event(AuthorityPublishedRepo(t_1)) && event(IssuerPossession(k)) && event(IssuerSigned(k,fb_2))
goal reachable: attacker(id_1) && attacker(ss_1) && attacker(alg_1) && attacker(ver_1) && attacker(k) && attacker(fb_2) -> event(AcceptS(sign((STMT,h((id_1,fp(pk(k)),ss_1,alg_1,ver_1))),skR[]),(id_1,fp(pk(k)),ss_1,alg_1,ver_1),pk(k),fb_2))

Derivation:

1. We assume as hypothesis that
attacker(fb_2).

2. We assume as hypothesis that
attacker(k).

3. Using the function BYTES the attacker may obtain BYTES.
attacker(BYTES).

4. By 3, the attacker may know BYTES.
By 1, the attacker may know fb_2.
Using the function 2-tuple the attacker may obtain (BYTES,fb_2).
attacker((BYTES,fb_2)).

5. By 4, the attacker may know (BYTES,fb_2).
By 2, the attacker may know k.
Using the function sign the attacker may obtain sign((BYTES,fb_2),k).
attacker(sign((BYTES,fb_2),k)).

6. By 2, the attacker may know k.
Using the function pk the attacker may obtain pk(k).
attacker(pk(k)).

7. By 6, the attacker may know pk(k).
Using the function fp the attacker may obtain fp(pk(k)).
attacker(fp(pk(k))).

8. Using the function POSS the attacker may obtain POSS.
attacker(POSS).

9. By 8, the attacker may know POSS.
By 7, the attacker may know fp(pk(k)).
Using the function 2-tuple the attacker may obtain (POSS,fp(pk(k))).
attacker((POSS,fp(pk(k)))).

10. By 9, the attacker may know (POSS,fp(pk(k))).
By 2, the attacker may know k.
Using the function sign the attacker may obtain sign((POSS,fp(pk(k))),k).
attacker(sign((POSS,fp(pk(k))),k)).

11. The message skR[] may be sent to the attacker at output {8}.
attacker(skR[]).

12. We assume as hypothesis that
attacker(ver_1).

13. We assume as hypothesis that
attacker(alg_1).

14. We assume as hypothesis that
attacker(ss_1).

15. We assume as hypothesis that
attacker(id_1).

16. By 15, the attacker may know id_1.
By 7, the attacker may know fp(pk(k)).
By 14, the attacker may know ss_1.
By 13, the attacker may know alg_1.
By 12, the attacker may know ver_1.
Using the function 5-tuple the attacker may obtain (id_1,fp(pk(k)),ss_1,alg_1,ver_1).
attacker((id_1,fp(pk(k)),ss_1,alg_1,ver_1)).

17. By 16, the attacker may know (id_1,fp(pk(k)),ss_1,alg_1,ver_1).
Using the function h the attacker may obtain h((id_1,fp(pk(k)),ss_1,alg_1,ver_1)).
attacker(h((id_1,fp(pk(k)),ss_1,alg_1,ver_1))).

18. Using the function STMT the attacker may obtain STMT.
attacker(STMT).

19. By 18, the attacker may know STMT.
By 17, the attacker may know h((id_1,fp(pk(k)),ss_1,alg_1,ver_1)).
Using the function 2-tuple the attacker may obtain (STMT,h((id_1,fp(pk(k)),ss_1,alg_1,ver_1))).
attacker((STMT,h((id_1,fp(pk(k)),ss_1,alg_1,ver_1)))).

20. By 19, the attacker may know (STMT,h((id_1,fp(pk(k)),ss_1,alg_1,ver_1))).
By 11, the attacker may know skR[].
Using the function sign the attacker may obtain sign((STMT,h((id_1,fp(pk(k)),ss_1,alg_1,ver_1))),skR[]).
attacker(sign((STMT,h((id_1,fp(pk(k)),ss_1,alg_1,ver_1))),skR[])).

21. The attacker has some term label_1.
attacker(label_1).

22. By 16, the attacker may know (id_1,fp(pk(k)),ss_1,alg_1,ver_1).
By 21, the attacker may know label_1.
By 20, the attacker may know sign((STMT,h((id_1,fp(pk(k)),ss_1,alg_1,ver_1))),skR[]).
By 6, the attacker may know pk(k).
By 10, the attacker may know sign((POSS,fp(pk(k))),k).
By 5, the attacker may know sign((BYTES,fb_2),k).
By 1, the attacker may know fb_2.
Using the function 7-tuple the attacker may obtain ((id_1,fp(pk(k)),ss_1,alg_1,ver_1),label_1,sign((STMT,h((id_1,fp(pk(k)),ss_1,alg_1,ver_1))),skR[]),pk(k),sign((POSS,fp(pk(k))),k),sign((BYTES,fb_2),k),fb_2).
attacker(((id_1,fp(pk(k)),ss_1,alg_1,ver_1),label_1,sign((STMT,h((id_1,fp(pk(k)),ss_1,alg_1,ver_1))),skR[]),pk(k),sign((POSS,fp(pk(k))),k),sign((BYTES,fb_2),k),fb_2)).

23. The message ((id_1,fp(pk(k)),ss_1,alg_1,ver_1),label_1,sign((STMT,h((id_1,fp(pk(k)),ss_1,alg_1,ver_1))),skR[]),pk(k),sign((POSS,fp(pk(k))),k),sign((BYTES,fb_2),k),fb_2) that the attacker may have by 22 may be received at input {26}.
So event AcceptS(sign((STMT,h((id_1,fp(pk(k)),ss_1,alg_1,ver_1))),skR[]),(id_1,fp(pk(k)),ss_1,alg_1,ver_1),pk(k),fb_2) may be executed at {32}.
event(AcceptS(sign((STMT,h((id_1,fp(pk(k)),ss_1,alg_1,ver_1))),skR[]),(id_1,fp(pk(k)),ss_1,alg_1,ver_1),pk(k),fb_2)).

24. By 23, event(AcceptS(sign((STMT,h((id_1,fp(pk(k)),ss_1,alg_1,ver_1))),skR[]),(id_1,fp(pk(k)),ss_1,alg_1,ver_1),pk(k),fb_2)).
The goal is reached, represented in the following fact:
event(AcceptS(sign((STMT,h((id_1,fp(pk(k)),ss_1,alg_1,ver_1))),skR[]),(id_1,fp(pk(k)),ss_1,alg_1,ver_1),pk(k),fb_2)).


A more detailed output of the traces is available with
  set traceDisplay = long.

new skD: skey creating skD_2 at {1}

new skR: skey creating skR_2 at {2}

new skI: skey creating skI_2 at {3}

out(c, ~M) with ~M = pk(skD_2) at {5}

out(c, ~M_1) with ~M_1 = pk(skR_2) at {6}

out(c, ~M_2) with ~M_2 = pk(skI_2) at {7}

out(c, ~M_3) with ~M_3 = skR_2 at {8}

in(c, ((a,fp(pk(a_1)),a_2,a_3,a_4),a_5,sign((STMT,h((a,fp(pk(a_1)),a_2,a_3,a_4))),~M_3),pk(a_1),sign((POSS,fp(pk(a_1))),a_1),sign((BYTES,a_6),a_1),a_6)) with sign((STMT,h((a,fp(pk(a_1)),a_2,a_3,a_4))),~M_3) = sign((STMT,h((a,fp(pk(a_1)),a_2,a_3,a_4))),skR_2) at {26} in copy a_7

event AcceptS(sign((STMT,h((a,fp(pk(a_1)),a_2,a_3,a_4))),skR_2),(a,fp(pk(a_1)),a_2,a_3,a_4),pk(a_1),a_6) at {32} in copy a_7 (goal)

The event AcceptS(sign((STMT,h((a,fp(pk(a_1)),a_2,a_3,a_4))),skR_2),(a,fp(pk(a_1)),a_2,a_3,a_4),pk(a_1),a_6) is executed at {32} in copy a_7.
A trace has been found.
RESULT event(AcceptS(ev_1,t_1,k,fb_2)) ==> event(AuthorityPublishedRepo(t_1)) && event(IssuerPossession(k)) && event(IssuerSigned(k,fb_2)) is false.

--------------------------------------------------------------
Verification summary:

Query event(AcceptS(ev_1,t_1,k,fb_2)) ==> event(AuthorityPublishedRepo(t_1)) && event(IssuerPossession(k)) && event(IssuerSigned(k,fb_2)) is false.

--------------------------------------------------------------

