Process 0 (that is, the initial process):
{1}new skD: skey;
{2}new skR: skey;
{3}new skI: skey;
{4}let tH: bitstring = (issuerId,fp(pk(skI)),ssetH,algH,verH) in
{5}out(c, pk(skD));
{6}out(c, pk(skR));
{7}out(c, pk(skI));
(
    {8}!
    {9}let skD_1: skey = skD in
    {10}out(c, sign((STMT,h(tH)),skD_1))
) | (
    {11}!
    {12}let skR_1: skey = skR in
    {13}out(c, sign((STMT,h(tH)),skR_1))
) | (
    {14}!
    {15}let skI_1: skey = skI in
    {16}let fb: bitstring = fbH in
    {17}out(c, sign((POSS,fp(pk(skI_1))),skI_1));
    {18}out(c, sign((BYTES,fb),skI_1))
) | (
    {19}!
    {20}let pkA: pkey = pk(skD) in
    {21}in(c, (t: bitstring,label: bitstring,ev: bitstring,kX: pkey,ppf: bitstring,sg: bitstring,fb_1: bitstring));
    {22}let (=STMT,=h(t)) = checksign(ev,pkA) in
    {23}let (id: bitstring,kfpr: bitstring,ss: bitstring,alg: bitstring,ver: bitstring) = t in
    {24}if (fp(kX) = kfpr) then
    {25}let (=POSS,=fp(kX)) = checksign(ppf,kX) in
    {26}let (=BYTES,=fb_1) = checksign(sg,kX) in
    {27}event AcceptS(ev,t,kX,fb_1);
    {28}out(accS, (ev,t))
) | (
    {29}!
    {30}in(accS, (e1: bitstring,t1: bitstring));
    {31}in(accS, (=e1,t2: bitstring));
    {32}if (t1 = t2) then
        0
    else
        {33}event TwoWorldsSingle(e1,t1,t2)
)

--  Process 1 (that is, process 0, with let moved downwards):
{1}new skD: skey;
{2}new skR: skey;
{3}new skI: skey;
{5}out(c, pk(skD));
{6}out(c, pk(skR));
{7}out(c, pk(skI));
{4}let tH: bitstring = (issuerId,fp(pk(skI)),ssetH,algH,verH) in
(
    {8}!
    {9}let skD_1: skey = skD in
    {10}out(c, sign((STMT,h(tH)),skD_1))
) | (
    {11}!
    {12}let skR_1: skey = skR in
    {13}out(c, sign((STMT,h(tH)),skR_1))
) | (
    {14}!
    {15}let skI_1: skey = skI in
    {17}out(c, sign((POSS,fp(pk(skI_1))),skI_1));
    {16}let fb: bitstring = fbH in
    {18}out(c, sign((BYTES,fb),skI_1))
) | (
    {19}!
    {21}in(c, (t: bitstring,label: bitstring,ev: bitstring,kX: pkey,ppf: bitstring,sg: bitstring,fb_1: bitstring));
    {20}let pkA: pkey = pk(skD) in
    {22}let (=STMT,=h(t)) = checksign(ev,pkA) in
    {23}let (id: bitstring,kfpr: bitstring,ss: bitstring,alg: bitstring,ver: bitstring) = t in
    {24}if (fp(kX) = kfpr) then
    {25}let (=POSS,=fp(kX)) = checksign(ppf,kX) in
    {26}let (=BYTES,=fb_1) = checksign(sg,kX) in
    {27}event AcceptS(ev,t,kX,fb_1);
    {28}out(accS, (ev,t))
) | (
    {29}!
    {30}in(accS, (e1: bitstring,t1: bitstring));
    {31}in(accS, (=e1,t2: bitstring));
    {32}if (t1 = t2) then
        0
    else
        {33}event TwoWorldsSingle(e1,t1,t2)
)

-- Query not event(TwoWorldsSingle(ev_1,t1_1,t2_1)) in process 1.
Translating the process into Horn clauses...
Completing...
Starting query not event(TwoWorldsSingle(ev_1,t1_1,t2_1))
RESULT not event(TwoWorldsSingle(ev_1,t1_1,t2_1)) is true.

--------------------------------------------------------------
Verification summary:

Query not event(TwoWorldsSingle(ev_1,t1_1,t2_1)) is true.

--------------------------------------------------------------

