Process 0 (that is, the initial process):
{1}new skD: skey;
{2}new skR: skey;
{3}new skI: skey;
{4}let tH: bitstring = (issuerId,fp(pk(skI)),ssetH,algH,verH) in
{5}out(c, pk(skD));
{6}out(c, pk(skR));
{7}out(c, pk(skI));
(
    {8}!
    {9}let skD_1: skey = skD in
    {10}out(c, sign((STMT,h(tH)),skD_1))
) | (
    {11}!
    {12}let skR_1: skey = skR in
    {13}let (id: bitstring,kfpr: bitstring,ss: bitstring,alg: bitstring,ver: bitstring) = tH in
    {14}out(c, sign((STMT,id),skR_1))
) | (
    {15}!
    {16}let skI_1: skey = skI in
    {17}let fb: bitstring = fbH in
    {18}out(c, sign((POSS,fp(pk(skI_1))),skI_1));
    {19}out(c, sign((BYTES,fb),skI_1))
) | (
    {20}!
    {21}let pkR: pkey = pk(skR) in
    {22}in(c, (t: bitstring,label: bitstring,ev: bitstring,kX: pkey,ppf: bitstring,sg: bitstring,fb_1: bitstring));
    {23}let (id_1: bitstring,kfpr_1: bitstring,ss_1: bitstring,alg_1: bitstring,ver_1: bitstring) = t in
    {24}let (=STMT,=id_1) = checksign(ev,pkR) in
    {25}if (fp(kX) = kfpr_1) then
    {26}let (=POSS,=fp(kX)) = checksign(ppf,kX) in
    {27}let (=BYTES,=fb_1) = checksign(sg,kX) in
    {28}event AcceptS(ev,t,kX,fb_1);
    {29}out(accS, (ev,t))
) | (
    {30}!
    {31}let pkD: pkey = pk(skD) in
    {32}let pkR_1: pkey = pk(skR) in
    {33}in(c, (t_1: bitstring,label_1: bitstring,evD: bitstring,evR: bitstring,kX_1: pkey,ppf_1: bitstring,sg_1: bitstring,fb_2: bitstring));
    {34}let (id_2: bitstring,kfpr_2: bitstring,ss_2: bitstring,alg_2: bitstring,ver_2: bitstring) = t_1 in
    {35}let (=STMT,=h(t_1)) = checksign(evD,pkD) in
    {36}let (=STMT,=id_2) = checksign(evR,pkR_1) in
    {37}if (fp(kX_1) = kfpr_2) then
    {38}let (=POSS,=fp(kX_1)) = checksign(ppf_1,kX_1) in
    {39}let (=BYTES,=fb_2) = checksign(sg_1,kX_1) in
    {40}event AcceptP(evD,evR,t_1,kX_1,fb_2);
    {41}out(accP, (evD,evR,t_1))
) | (
    {42}!
    {43}in(accS, (e1: bitstring,t1: bitstring));
    {44}in(accS, (=e1,t2: bitstring));
    {45}if (t1 = t2) then
        0
    else
        {46}event TwoWorldsSingle(e1,t1,t2)
) | (
    {47}!
    {48}in(accP, (e1_1: bitstring,e2: bitstring,t1_1: bitstring));
    {49}in(accP, (=e1_1,=e2,t2_1: bitstring));
    {50}if (t1_1 = t2_1) then
        0
    else
        {51}event TwoWorldsPair(e1_1,e2,t1_1,t2_1)
)

--  Process 1 (that is, process 0, with let moved downwards):
{1}new skD: skey;
{2}new skR: skey;
{3}new skI: skey;
{5}out(c, pk(skD));
{6}out(c, pk(skR));
{7}out(c, pk(skI));
{4}let tH: bitstring = (issuerId,fp(pk(skI)),ssetH,algH,verH) in
(
    {8}!
    {9}let skD_1: skey = skD in
    {10}out(c, sign((STMT,h(tH)),skD_1))
) | (
    {11}!
    {13}let (id: bitstring,kfpr: bitstring,ss: bitstring,alg: bitstring,ver: bitstring) = tH in
    {12}let skR_1: skey = skR in
    {14}out(c, sign((STMT,id),skR_1))
) | (
    {15}!
    {16}let skI_1: skey = skI in
    {18}out(c, sign((POSS,fp(pk(skI_1))),skI_1));
    {17}let fb: bitstring = fbH in
    {19}out(c, sign((BYTES,fb),skI_1))
) | (
    {20}!
    {22}in(c, (t: bitstring,label: bitstring,ev: bitstring,kX: pkey,ppf: bitstring,sg: bitstring,fb_1: bitstring));
    {23}let (id_1: bitstring,kfpr_1: bitstring,ss_1: bitstring,alg_1: bitstring,ver_1: bitstring) = t in
    {21}let pkR: pkey = pk(skR) in
    {24}let (=STMT,=id_1) = checksign(ev,pkR) in
    {25}if (fp(kX) = kfpr_1) then
    {26}let (=POSS,=fp(kX)) = checksign(ppf,kX) in
    {27}let (=BYTES,=fb_1) = checksign(sg,kX) in
    {28}event AcceptS(ev,t,kX,fb_1);
    {29}out(accS, (ev,t))
) | (
    {30}!
    {33}in(c, (t_1: bitstring,label_1: bitstring,evD: bitstring,evR: bitstring,kX_1: pkey,ppf_1: bitstring,sg_1: bitstring,fb_2: bitstring));
    {34}let (id_2: bitstring,kfpr_2: bitstring,ss_2: bitstring,alg_2: bitstring,ver_2: bitstring) = t_1 in
    {31}let pkD: pkey = pk(skD) in
    {35}let (=STMT,=h(t_1)) = checksign(evD,pkD) in
    {32}let pkR_1: pkey = pk(skR) in
    {36}let (=STMT,=id_2) = checksign(evR,pkR_1) in
    {37}if (fp(kX_1) = kfpr_2) then
    {38}let (=POSS,=fp(kX_1)) = checksign(ppf_1,kX_1) in
    {39}let (=BYTES,=fb_2) = checksign(sg_1,kX_1) in
    {40}event AcceptP(evD,evR,t_1,kX_1,fb_2);
    {41}out(accP, (evD,evR,t_1))
) | (
    {42}!
    {43}in(accS, (e1: bitstring,t1: bitstring));
    {44}in(accS, (=e1,t2: bitstring));
    {45}if (t1 = t2) then
        0
    else
        {46}event TwoWorldsSingle(e1,t1,t2)
) | (
    {47}!
    {48}in(accP, (e1_1: bitstring,e2: bitstring,t1_1: bitstring));
    {49}in(accP, (=e1_1,=e2,t2_1: bitstring));
    {50}if (t1_1 = t2_1) then
        0
    else
        {51}event TwoWorldsPair(e1_1,e2,t1_1,t2_1)
)

-- Query not event(TwoWorldsSingle(ev_1,t1_2,t2_2)) in process 1.
Translating the process into Horn clauses...
Completing...
Starting query not event(TwoWorldsSingle(ev_1,t1_2,t2_2))
goal reachable: (k ≠ skI[] | ss_3 ≠ ss_4 | alg_3 ≠ alg_4 | ver_3 ≠ ver_4) && attacker(ss_4) && attacker(alg_4) && attacker(ver_4) && attacker(ss_3) && attacker(alg_3) && attacker(ver_3) && attacker(k) -> event(TwoWorldsSingle(sign((STMT,issuerId[]),skR[]),(issuerId[],fp(pk(k)),ss_3,alg_3,ver_3),(issuerId[],fp(pk(skI[])),ss_4,alg_4,ver_4)))

Derivation:

1. The attacker has some term fb_3.
attacker(fb_3).

2. We assume as hypothesis that
attacker(k).

3. Using the function BYTES the attacker may obtain BYTES.
attacker(BYTES).

4. By 3, the attacker may know BYTES.
By 1, the attacker may know fb_3.
Using the function 2-tuple the attacker may obtain (BYTES,fb_3).
attacker((BYTES,fb_3)).

5. By 4, the attacker may know (BYTES,fb_3).
By 2, the attacker may know k.
Using the function sign the attacker may obtain sign((BYTES,fb_3),k).
attacker(sign((BYTES,fb_3),k)).

6. By 2, the attacker may know k.
Using the function pk the attacker may obtain pk(k).
attacker(pk(k)).

7. By 6, the attacker may know pk(k).
Using the function fp the attacker may obtain fp(pk(k)).
attacker(fp(pk(k))).

8. Using the function POSS the attacker may obtain POSS.
attacker(POSS).

9. By 8, the attacker may know POSS.
By 7, the attacker may know fp(pk(k)).
Using the function 2-tuple the attacker may obtain (POSS,fp(pk(k))).
attacker((POSS,fp(pk(k)))).

10. By 9, the attacker may know (POSS,fp(pk(k))).
By 2, the attacker may know k.
Using the function sign the attacker may obtain sign((POSS,fp(pk(k))),k).
attacker(sign((POSS,fp(pk(k))),k)).

11. The message sign((STMT,issuerId[]),skR[]) may be sent to the attacker at output {14}.
attacker(sign((STMT,issuerId[]),skR[])).

12. The attacker has some term label_2.
attacker(label_2).

13. We assume as hypothesis that
attacker(ver_3).

14. We assume as hypothesis that
attacker(alg_3).

15. We assume as hypothesis that
attacker(ss_3).

16. The attacker initially knows issuerId[].
attacker(issuerId[]).

17. By 16, the attacker may know issuerId[].
By 7, the attacker may know fp(pk(k)).
By 15, the attacker may know ss_3.
By 14, the attacker may know alg_3.
By 13, the attacker may know ver_3.
Using the function 5-tuple the attacker may obtain (issuerId[],fp(pk(k)),ss_3,alg_3,ver_3).
attacker((issuerId[],fp(pk(k)),ss_3,alg_3,ver_3)).

18. By 17, the attacker may know (issuerId[],fp(pk(k)),ss_3,alg_3,ver_3).
By 12, the attacker may know label_2.
By 11, the attacker may know sign((STMT,issuerId[]),skR[]).
By 6, the attacker may know pk(k).
By 10, the attacker may know sign((POSS,fp(pk(k))),k).
By 5, the attacker may know sign((BYTES,fb_3),k).
By 1, the attacker may know fb_3.
Using the function 7-tuple the attacker may obtain ((issuerId[],fp(pk(k)),ss_3,alg_3,ver_3),label_2,sign((STMT,issuerId[]),skR[]),pk(k),sign((POSS,fp(pk(k))),k),sign((BYTES,fb_3),k),fb_3).
attacker(((issuerId[],fp(pk(k)),ss_3,alg_3,ver_3),label_2,sign((STMT,issuerId[]),skR[]),pk(k),sign((POSS,fp(pk(k))),k),sign((BYTES,fb_3),k),fb_3)).

19. The message ((issuerId[],fp(pk(k)),ss_3,alg_3,ver_3),label_2,sign((STMT,issuerId[]),skR[]),pk(k),sign((POSS,fp(pk(k))),k),sign((BYTES,fb_3),k),fb_3) that the attacker may have by 18 may be received at input {22}.
So the message (sign((STMT,issuerId[]),skR[]),(issuerId[],fp(pk(k)),ss_3,alg_3,ver_3)) may be sent on channel accS[] at output {29}.
mess(accS[],(sign((STMT,issuerId[]),skR[]),(issuerId[],fp(pk(k)),ss_3,alg_3,ver_3))).

20. The attacker initially knows fbH[].
attacker(fbH[]).

21. The message sign((BYTES,fbH[]),skI[]) may be sent to the attacker at output {19}.
attacker(sign((BYTES,fbH[]),skI[])).

22. The message sign((POSS,fp(pk(skI[]))),skI[]) may be sent to the attacker at output {18}.
attacker(sign((POSS,fp(pk(skI[]))),skI[])).

23. The message pk(skI[]) may be sent to the attacker at output {7}.
attacker(pk(skI[])).

24. The attacker has some term label_3.
attacker(label_3).

25. We assume as hypothesis that
attacker(ver_4).

26. We assume as hypothesis that
attacker(alg_4).

27. We assume as hypothesis that
attacker(ss_4).

28. By 23, the attacker may know pk(skI[]).
Using the function fp the attacker may obtain fp(pk(skI[])).
attacker(fp(pk(skI[]))).

29. By 16, the attacker may know issuerId[].
By 28, the attacker may know fp(pk(skI[])).
By 27, the attacker may know ss_4.
By 26, the attacker may know alg_4.
By 25, the attacker may know ver_4.
Using the function 5-tuple the attacker may obtain (issuerId[],fp(pk(skI[])),ss_4,alg_4,ver_4).
attacker((issuerId[],fp(pk(skI[])),ss_4,alg_4,ver_4)).

30. By 29, the attacker may know (issuerId[],fp(pk(skI[])),ss_4,alg_4,ver_4).
By 24, the attacker may know label_3.
By 11, the attacker may know sign((STMT,issuerId[]),skR[]).
By 23, the attacker may know pk(skI[]).
By 22, the attacker may know sign((POSS,fp(pk(skI[]))),skI[]).
By 21, the attacker may know sign((BYTES,fbH[]),skI[]).
By 20, the attacker may know fbH[].
Using the function 7-tuple the attacker may obtain ((issuerId[],fp(pk(skI[])),ss_4,alg_4,ver_4),label_3,sign((STMT,issuerId[]),skR[]),pk(skI[]),sign((POSS,fp(pk(skI[]))),skI[]),sign((BYTES,fbH[]),skI[]),fbH[]).
attacker(((issuerId[],fp(pk(skI[])),ss_4,alg_4,ver_4),label_3,sign((STMT,issuerId[]),skR[]),pk(skI[]),sign((POSS,fp(pk(skI[]))),skI[]),sign((BYTES,fbH[]),skI[]),fbH[])).

31. The message ((issuerId[],fp(pk(skI[])),ss_4,alg_4,ver_4),label_3,sign((STMT,issuerId[]),skR[]),pk(skI[]),sign((POSS,fp(pk(skI[]))),skI[]),sign((BYTES,fbH[]),skI[]),fbH[]) that the attacker may have by 30 may be received at input {22}.
So the message (sign((STMT,issuerId[]),skR[]),(issuerId[],fp(pk(skI[])),ss_4,alg_4,ver_4)) may be sent on channel accS[] at output {29}.
mess(accS[],(sign((STMT,issuerId[]),skR[]),(issuerId[],fp(pk(skI[])),ss_4,alg_4,ver_4))).

32. The message (sign((STMT,issuerId[]),skR[]),(issuerId[],fp(pk(k)),ss_3,alg_3,ver_3)) that may be sent on channel accS[] by 19 may be received at input {43}.
The message (sign((STMT,issuerId[]),skR[]),(issuerId[],fp(pk(skI[])),ss_4,alg_4,ver_4)) that may be sent on channel accS[] by 31 may be received at input {44}.
We have (issuerId[],fp(pk(k)),ss_3,alg_3,ver_3) ≠ (issuerId[],fp(pk(skI[])),ss_4,alg_4,ver_4).
So event TwoWorldsSingle(sign((STMT,issuerId[]),skR[]),(issuerId[],fp(pk(k)),ss_3,alg_3,ver_3),(issuerId[],fp(pk(skI[])),ss_4,alg_4,ver_4)) may be executed at {46}.
event(TwoWorldsSingle(sign((STMT,issuerId[]),skR[]),(issuerId[],fp(pk(k)),ss_3,alg_3,ver_3),(issuerId[],fp(pk(skI[])),ss_4,alg_4,ver_4))).

33. By 32, event(TwoWorldsSingle(sign((STMT,issuerId[]),skR[]),(issuerId[],fp(pk(k)),ss_3,alg_3,ver_3),(issuerId[],fp(pk(skI[])),ss_4,alg_4,ver_4))).
The goal is reached, represented in the following fact:
event(TwoWorldsSingle(sign((STMT,issuerId[]),skR[]),(issuerId[],fp(pk(k)),ss_3,alg_3,ver_3),(issuerId[],fp(pk(skI[])),ss_4,alg_4,ver_4))).


A more detailed output of the traces is available with
  set traceDisplay = long.

new skD: skey creating skD_2 at {1}

new skR: skey creating skR_2 at {2}

new skI: skey creating skI_2 at {3}

out(c, ~M) with ~M = pk(skD_2) at {5}

out(c, ~M_1) with ~M_1 = pk(skR_2) at {6}

out(c, ~M_2) with ~M_2 = pk(skI_2) at {7}

out(c, ~M_3) with ~M_3 = sign((POSS,fp(pk(skI_2))),skI_2) at {18} in copy a

out(c, ~M_4) with ~M_4 = sign((BYTES,fbH),skI_2) at {19} in copy a

out(c, ~M_5) with ~M_5 = sign((POSS,fp(pk(skI_2))),skI_2) at {18} in copy a_1

out(c, ~M_6) with ~M_6 = sign((BYTES,fbH),skI_2) at {19} in copy a_1

out(c, ~M_7) with ~M_7 = sign((STMT,issuerId),skR_2) at {14} in copy a_2

in(c, ((issuerId,fp(~M_2),a_3,a_4,a_5),a_6,~M_7,~M_2,~M_3,~M_4,fbH)) with fp(~M_2) = fp(pk(skI_2)), ~M_7 = sign((STMT,issuerId),skR_2), ~M_2 = pk(skI_2), ~M_3 = sign((POSS,fp(pk(skI_2))),skI_2), ~M_4 = sign((BYTES,fbH),skI_2) at {22} in copy a_7

event AcceptS(sign((STMT,issuerId),skR_2),(issuerId,fp(pk(skI_2)),a_3,a_4,a_5),pk(skI_2),fbH) at {28} in copy a_7

in(c, ((issuerId,fp(pk(a_8)),a_9,a_10,a_11),a_12,~M_7,pk(a_8),sign((POSS,fp(pk(a_8))),a_8),sign((BYTES,a_13),a_8),a_13)) with ~M_7 = sign((STMT,issuerId),skR_2) at {22} in copy a_14

event AcceptS(sign((STMT,issuerId),skR_2),(issuerId,fp(pk(a_8)),a_9,a_10,a_11),pk(a_8),a_13) at {28} in copy a_14

out(accS, (sign((STMT,issuerId),skR_2),(issuerId,fp(pk(a_8)),a_9,a_10,a_11))) at {29} in copy a_14 received at {43} in copy a_15

out(accS, (sign((STMT,issuerId),skR_2),(issuerId,fp(pk(skI_2)),a_3,a_4,a_5))) at {29} in copy a_7 received at {44} in copy a_15

event TwoWorldsSingle(sign((STMT,issuerId),skR_2),(issuerId,fp(pk(a_8)),a_9,a_10,a_11),(issuerId,fp(pk(skI_2)),a_3,a_4,a_5)) at {46} in copy a_15 (goal)

The event TwoWorldsSingle(sign((STMT,issuerId),skR_2),(issuerId,fp(pk(a_8)),a_9,a_10,a_11),(issuerId,fp(pk(skI_2)),a_3,a_4,a_5)) is executed at {46} in copy a_15.
A trace has been found.
RESULT not event(TwoWorldsSingle(ev_1,t1_2,t2_2)) is false.
-- Query not event(TwoWorldsPair(evD_1,evR_1,t1_2,t2_2)) in process 1.
Translating the process into Horn clauses...
Completing...
Starting query not event(TwoWorldsPair(evD_1,evR_1,t1_2,t2_2))
RESULT not event(TwoWorldsPair(evD_1,evR_1,t1_2,t2_2)) is true.

--------------------------------------------------------------
Verification summary:

Query not event(TwoWorldsSingle(ev_1,t1_2,t2_2)) is false.

Query not event(TwoWorldsPair(evD_1,evR_1,t1_2,t2_2)) is true.

--------------------------------------------------------------

