File "d7_q1_vac_single_issuer.pv", line 103, characters 27-29:
Warning: identifier fbH rebound.
Process 0 (that is, the initial process):
{1}new skD: skey;
{2}new skR: skey;
{3}new skI: skey;
{4}new skI2: skey;
{5}let m: bitstring = authTuple(issuerId,fp(pk(skI)),ssetH,algH,verH) in
{6}let m2: bitstring = authTuple(issuerId2,fp(pk(skI2)),ssetH,algH,verH) in
{7}out(c, pk(skD));
{8}out(c, pk(skR));
{9}out(c, pk(skI));
{10}out(c, pk(skI2));
{11}out(c, m);
{12}out(c, m2);
{13}out(c, skD);
(
    {14}!
    {15}let skD_1: skey = skD in
    {16}event AuthorityPublishedDNS(m);
    {17}out(c, sign((STMT_DIGEST,h(m)),skD_1))
) | (
    {18}!
    {19}let skD_2: skey = skD in
    {20}event AuthorityPublishedDNS(m2);
    {21}out(c, sign((STMT_DIGEST,h(m2)),skD_2))
) | (
    {22}!
    {23}let skR_1: skey = skR in
    {24}event AuthorityPublishedRepo(m);
    {25}out(c, sign((STMT_DIGEST,h(m)),skR_1))
) | (
    {26}!
    {27}let skR_2: skey = skR in
    {28}event AuthorityPublishedRepo(m2);
    {29}out(c, sign((STMT_DIGEST,h(m2)),skR_2))
) | (
    {30}!
    {31}let skI_1: skey = skI in
    {32}let id: bitstring = issuerId in
    {33}in(c, payload: bitstring);
    {34}event IssuerPossession(pk(skI_1));
    {35}let ppf: bitstring = sign((POSS,m),skI_1) in
    {36}out(honestPossCh, (pk(skI_1),ppf));
    {37}out(c, ppf);
    {38}let fb: bitstring = framed(objTypeH,algH,id,fp(pk(skI_1)),h(m),canonVerH,payload) in
    {39}event IssuerSigned(pk(skI_1),fb);
    {40}out(honestCh, (pk(skI_1),fb));
    {41}out(c, sign((BYTES,fb),skI_1))
) | (
    {42}!
    {43}let pkD: pkey = pk(skD) in
    {44}let pkR: pkey = pk(skR) in
    {45}in(c, (t: bitstring,evD: bitstring,evR: bitstring,kX: pkey,ppf_1: bitstring,sg: bitstring,fb_1: bitstring));
    {46}let (=STMT_DIGEST,=h(t)) = checksign(evD,pkD) in
    {47}let (=STMT_DIGEST,=h(t)) = checksign(evR,pkR) in
    {48}let authTuple(id_1: bitstring,kfpr: bitstring,ss: bitstring,alg: bitstring,ver: bitstring) = t in
    {49}if (fp(kX) = kfpr) then
    {50}let (=POSS,=t) = checksign(ppf_1,kX) in
    {51}let (=BYTES,=fb_1) = checksign(sg,kX) in
    {52}let framed(ot: bitstring,=alg,=id_1,=fp(kX),mh: bitstring,cv: bitstring,pl: bitstring) = fb_1 in
    {53}if (mh = h(t)) then
    {54}event Accept(evD,evR,t,kX,fb_1);
    {55}out(possCh, (kX,ppf_1));
    {56}out(acceptCh, (kX,id_1,fb_1))
) | (
    {57}!
    {58}in(honestCh, (kH: pkey,fbH_1: bitstring));
    {59}in(acceptCh, (kX_1: pkey,id_2: bitstring,=fbH_1));
    {60}if (kX_1 = kH) then
        0
    else
        {61}event Reattributed(kX_1,kH,fbH_1)
) | (
    {62}!
    {63}in(honestPossCh, (kH_1: pkey,p: bitstring));
    {64}in(possCh, (kX_2: pkey,=p));
    {65}if (kX_2 = kH_1) then
        0
    else
        {66}event PossessionTransplanted(kX_2,p)
)

--  Process 1 (that is, process 0, with let moved downwards):
{1}new skD: skey;
{2}new skR: skey;
{3}new skI: skey;
{4}new skI2: skey;
{7}out(c, pk(skD));
{8}out(c, pk(skR));
{9}out(c, pk(skI));
{10}out(c, pk(skI2));
{5}let m: bitstring = authTuple(issuerId,fp(pk(skI)),ssetH,algH,verH) in
{11}out(c, m);
{6}let m2: bitstring = authTuple(issuerId2,fp(pk(skI2)),ssetH,algH,verH) in
{12}out(c, m2);
{13}out(c, skD);
(
    {14}!
    {16}event AuthorityPublishedDNS(m);
    {15}let skD_1: skey = skD in
    {17}out(c, sign((STMT_DIGEST,h(m)),skD_1))
) | (
    {18}!
    {20}event AuthorityPublishedDNS(m2);
    {19}let skD_2: skey = skD in
    {21}out(c, sign((STMT_DIGEST,h(m2)),skD_2))
) | (
    {22}!
    {24}event AuthorityPublishedRepo(m);
    {23}let skR_1: skey = skR in
    {25}out(c, sign((STMT_DIGEST,h(m)),skR_1))
) | (
    {26}!
    {28}event AuthorityPublishedRepo(m2);
    {27}let skR_2: skey = skR in
    {29}out(c, sign((STMT_DIGEST,h(m2)),skR_2))
) | (
    {30}!
    {33}in(c, payload: bitstring);
    {31}let skI_1: skey = skI in
    {34}event IssuerPossession(pk(skI_1));
    {35}let ppf: bitstring = sign((POSS,m),skI_1) in
    {36}out(honestPossCh, (pk(skI_1),ppf));
    {37}out(c, ppf);
    {32}let id: bitstring = issuerId in
    {38}let fb: bitstring = framed(objTypeH,algH,id,fp(pk(skI_1)),h(m),canonVerH,payload) in
    {39}event IssuerSigned(pk(skI_1),fb);
    {40}out(honestCh, (pk(skI_1),fb));
    {41}out(c, sign((BYTES,fb),skI_1))
) | (
    {42}!
    {45}in(c, (t: bitstring,evD: bitstring,evR: bitstring,kX: pkey,ppf_1: bitstring,sg: bitstring,fb_1: bitstring));
    {43}let pkD: pkey = pk(skD) in
    {46}let (=STMT_DIGEST,=h(t)) = checksign(evD,pkD) in
    {44}let pkR: pkey = pk(skR) in
    {47}let (=STMT_DIGEST,=h(t)) = checksign(evR,pkR) in
    {48}let authTuple(id_1: bitstring,kfpr: bitstring,ss: bitstring,alg: bitstring,ver: bitstring) = t in
    {49}if (fp(kX) = kfpr) then
    {50}let (=POSS,=t) = checksign(ppf_1,kX) in
    {51}let (=BYTES,=fb_1) = checksign(sg,kX) in
    {52}let framed(ot: bitstring,=alg,=id_1,=fp(kX),mh: bitstring,cv: bitstring,pl: bitstring) = fb_1 in
    {53}if (mh = h(t)) then
    {54}event Accept(evD,evR,t,kX,fb_1);
    {55}out(possCh, (kX,ppf_1));
    {56}out(acceptCh, (kX,id_1,fb_1))
) | (
    {57}!
    {58}in(honestCh, (kH: pkey,fbH_1: bitstring));
    {59}in(acceptCh, (kX_1: pkey,id_2: bitstring,=fbH_1));
    {60}if (kX_1 = kH) then
        0
    else
        {61}event Reattributed(kX_1,kH,fbH_1)
) | (
    {62}!
    {63}in(honestPossCh, (kH_1: pkey,p: bitstring));
    {64}in(possCh, (kX_2: pkey,=p));
    {65}if (kX_2 = kH_1) then
        0
    else
        {66}event PossessionTransplanted(kX_2,p)
)

-- Query not event(Accept(evD_1,evR_1,t_1,k,fb_2)) in process 1.
Translating the process into Horn clauses...
Completing...
Starting query not event(Accept(evD_1,evR_1,t_1,k,fb_2))
goal reachable: attacker(pl_1) -> event(Accept(sign((STMT_DIGEST,h(authTuple(issuerId[],fp(pk(skI[])),ssetH[],algH[],verH[]))),skD[]),sign((STMT_DIGEST,h(authTuple(issuerId[],fp(pk(skI[])),ssetH[],algH[],verH[]))),skR[]),authTuple(issuerId[],fp(pk(skI[])),ssetH[],algH[],verH[]),pk(skI[]),framed(objTypeH[],algH[],issuerId[],fp(pk(skI[])),h(authTuple(issuerId[],fp(pk(skI[])),ssetH[],algH[],verH[])),canonVerH[],pl_1)))

Derivation:

1. We assume as hypothesis that
attacker(pl_1).

2. The attacker initially knows canonVerH[].
attacker(canonVerH[]).

3. The attacker initially knows verH[].
attacker(verH[]).

4. The attacker initially knows algH[].
attacker(algH[]).

5. The attacker initially knows ssetH[].
attacker(ssetH[]).

6. The message pk(skI[]) may be sent to the attacker at output {9}.
attacker(pk(skI[])).

7. By 6, the attacker may know pk(skI[]).
Using the function fp the attacker may obtain fp(pk(skI[])).
attacker(fp(pk(skI[]))).

8. The attacker initially knows issuerId[].
attacker(issuerId[]).

9. By 8, the attacker may know issuerId[].
By 7, the attacker may know fp(pk(skI[])).
By 5, the attacker may know ssetH[].
By 4, the attacker may know algH[].
By 3, the attacker may know verH[].
Using the function authTuple the attacker may obtain authTuple(issuerId[],fp(pk(skI[])),ssetH[],algH[],verH[]).
attacker(authTuple(issuerId[],fp(pk(skI[])),ssetH[],algH[],verH[])).

10. By 9, the attacker may know authTuple(issuerId[],fp(pk(skI[])),ssetH[],algH[],verH[]).
Using the function h the attacker may obtain h(authTuple(issuerId[],fp(pk(skI[])),ssetH[],algH[],verH[])).
attacker(h(authTuple(issuerId[],fp(pk(skI[])),ssetH[],algH[],verH[]))).

11. The attacker initially knows objTypeH[].
attacker(objTypeH[]).

12. By 11, the attacker may know objTypeH[].
By 4, the attacker may know algH[].
By 8, the attacker may know issuerId[].
By 7, the attacker may know fp(pk(skI[])).
By 10, the attacker may know h(authTuple(issuerId[],fp(pk(skI[])),ssetH[],algH[],verH[])).
By 2, the attacker may know canonVerH[].
By 1, the attacker may know pl_1.
Using the function framed the attacker may obtain framed(objTypeH[],algH[],issuerId[],fp(pk(skI[])),h(authTuple(issuerId[],fp(pk(skI[])),ssetH[],algH[],verH[])),canonVerH[],pl_1).
attacker(framed(objTypeH[],algH[],issuerId[],fp(pk(skI[])),h(authTuple(issuerId[],fp(pk(skI[])),ssetH[],algH[],verH[])),canonVerH[],pl_1)).

13. The message pl_1 that the attacker may have by 1 may be received at input {33}.
So the message sign((BYTES,framed(objTypeH[],algH[],issuerId[],fp(pk(skI[])),h(authTuple(issuerId[],fp(pk(skI[])),ssetH[],algH[],verH[])),canonVerH[],pl_1)),skI[]) may be sent to the attacker at output {41}.
attacker(sign((BYTES,framed(objTypeH[],algH[],issuerId[],fp(pk(skI[])),h(authTuple(issuerId[],fp(pk(skI[])),ssetH[],algH[],verH[])),canonVerH[],pl_1)),skI[])).

14. The attacker has some term payload_1.
attacker(payload_1).

15. The message payload_1 that the attacker may have by 14 may be received at input {33}.
So the message sign((POSS,authTuple(issuerId[],fp(pk(skI[])),ssetH[],algH[],verH[])),skI[]) may be sent to the attacker at output {37}.
attacker(sign((POSS,authTuple(issuerId[],fp(pk(skI[])),ssetH[],algH[],verH[])),skI[])).

16. The message sign((STMT_DIGEST,h(authTuple(issuerId[],fp(pk(skI[])),ssetH[],algH[],verH[]))),skR[]) may be sent to the attacker at output {25}.
attacker(sign((STMT_DIGEST,h(authTuple(issuerId[],fp(pk(skI[])),ssetH[],algH[],verH[]))),skR[])).

17. The message skD[] may be sent to the attacker at output {13}.
attacker(skD[]).

18. Using the function STMT_DIGEST the attacker may obtain STMT_DIGEST.
attacker(STMT_DIGEST).

19. By 18, the attacker may know STMT_DIGEST.
By 10, the attacker may know h(authTuple(issuerId[],fp(pk(skI[])),ssetH[],algH[],verH[])).
Using the function 2-tuple the attacker may obtain (STMT_DIGEST,h(authTuple(issuerId[],fp(pk(skI[])),ssetH[],algH[],verH[]))).
attacker((STMT_DIGEST,h(authTuple(issuerId[],fp(pk(skI[])),ssetH[],algH[],verH[])))).

20. By 19, the attacker may know (STMT_DIGEST,h(authTuple(issuerId[],fp(pk(skI[])),ssetH[],algH[],verH[]))).
By 17, the attacker may know skD[].
Using the function sign the attacker may obtain sign((STMT_DIGEST,h(authTuple(issuerId[],fp(pk(skI[])),ssetH[],algH[],verH[]))),skD[]).
attacker(sign((STMT_DIGEST,h(authTuple(issuerId[],fp(pk(skI[])),ssetH[],algH[],verH[]))),skD[])).

21. By 9, the attacker may know authTuple(issuerId[],fp(pk(skI[])),ssetH[],algH[],verH[]).
By 20, the attacker may know sign((STMT_DIGEST,h(authTuple(issuerId[],fp(pk(skI[])),ssetH[],algH[],verH[]))),skD[]).
By 16, the attacker may know sign((STMT_DIGEST,h(authTuple(issuerId[],fp(pk(skI[])),ssetH[],algH[],verH[]))),skR[]).
By 6, the attacker may know pk(skI[]).
By 15, the attacker may know sign((POSS,authTuple(issuerId[],fp(pk(skI[])),ssetH[],algH[],verH[])),skI[]).
By 13, the attacker may know sign((BYTES,framed(objTypeH[],algH[],issuerId[],fp(pk(skI[])),h(authTuple(issuerId[],fp(pk(skI[])),ssetH[],algH[],verH[])),canonVerH[],pl_1)),skI[]).
By 12, the attacker may know framed(objTypeH[],algH[],issuerId[],fp(pk(skI[])),h(authTuple(issuerId[],fp(pk(skI[])),ssetH[],algH[],verH[])),canonVerH[],pl_1).
Using the function 7-tuple the attacker may obtain (authTuple(issuerId[],fp(pk(skI[])),ssetH[],algH[],verH[]),sign((STMT_DIGEST,h(authTuple(issuerId[],fp(pk(skI[])),ssetH[],algH[],verH[]))),skD[]),sign((STMT_DIGEST,h(authTuple(issuerId[],fp(pk(skI[])),ssetH[],algH[],verH[]))),skR[]),pk(skI[]),sign((POSS,authTuple(issuerId[],fp(pk(skI[])),ssetH[],algH[],verH[])),skI[]),sign((BYTES,framed(objTypeH[],algH[],issuerId[],fp(pk(skI[])),h(authTuple(issuerId[],fp(pk(skI[])),ssetH[],algH[],verH[])),canonVerH[],pl_1)),skI[]),framed(objTypeH[],algH[],issuerId[],fp(pk(skI[])),h(authTuple(issuerId[],fp(pk(skI[])),ssetH[],algH[],verH[])),canonVerH[],pl_1)).
attacker((authTuple(issuerId[],fp(pk(skI[])),ssetH[],algH[],verH[]),sign((STMT_DIGEST,h(authTuple(issuerId[],fp(pk(skI[])),ssetH[],algH[],verH[]))),skD[]),sign((STMT_DIGEST,h(authTuple(issuerId[],fp(pk(skI[])),ssetH[],algH[],verH[]))),skR[]),pk(skI[]),sign((POSS,authTuple(issuerId[],fp(pk(skI[])),ssetH[],algH[],verH[])),skI[]),sign((BYTES,framed(objTypeH[],algH[],issuerId[],fp(pk(skI[])),h(authTuple(issuerId[],fp(pk(skI[])),ssetH[],algH[],verH[])),canonVerH[],pl_1)),skI[]),framed(objTypeH[],algH[],issuerId[],fp(pk(skI[])),h(authTuple(issuerId[],fp(pk(skI[])),ssetH[],algH[],verH[])),canonVerH[],pl_1))).

22. The message (authTuple(issuerId[],fp(pk(skI[])),ssetH[],algH[],verH[]),sign((STMT_DIGEST,h(authTuple(issuerId[],fp(pk(skI[])),ssetH[],algH[],verH[]))),skD[]),sign((STMT_DIGEST,h(authTuple(issuerId[],fp(pk(skI[])),ssetH[],algH[],verH[]))),skR[]),pk(skI[]),sign((POSS,authTuple(issuerId[],fp(pk(skI[])),ssetH[],algH[],verH[])),skI[]),sign((BYTES,framed(objTypeH[],algH[],issuerId[],fp(pk(skI[])),h(authTuple(issuerId[],fp(pk(skI[])),ssetH[],algH[],verH[])),canonVerH[],pl_1)),skI[]),framed(objTypeH[],algH[],issuerId[],fp(pk(skI[])),h(authTuple(issuerId[],fp(pk(skI[])),ssetH[],algH[],verH[])),canonVerH[],pl_1)) that the attacker may have by 21 may be received at input {45}.
So event Accept(sign((STMT_DIGEST,h(authTuple(issuerId[],fp(pk(skI[])),ssetH[],algH[],verH[]))),skD[]),sign((STMT_DIGEST,h(authTuple(issuerId[],fp(pk(skI[])),ssetH[],algH[],verH[]))),skR[]),authTuple(issuerId[],fp(pk(skI[])),ssetH[],algH[],verH[]),pk(skI[]),framed(objTypeH[],algH[],issuerId[],fp(pk(skI[])),h(authTuple(issuerId[],fp(pk(skI[])),ssetH[],algH[],verH[])),canonVerH[],pl_1)) may be executed at {54}.
event(Accept(sign((STMT_DIGEST,h(authTuple(issuerId[],fp(pk(skI[])),ssetH[],algH[],verH[]))),skD[]),sign((STMT_DIGEST,h(authTuple(issuerId[],fp(pk(skI[])),ssetH[],algH[],verH[]))),skR[]),authTuple(issuerId[],fp(pk(skI[])),ssetH[],algH[],verH[]),pk(skI[]),framed(objTypeH[],algH[],issuerId[],fp(pk(skI[])),h(authTuple(issuerId[],fp(pk(skI[])),ssetH[],algH[],verH[])),canonVerH[],pl_1))).

23. By 22, event(Accept(sign((STMT_DIGEST,h(authTuple(issuerId[],fp(pk(skI[])),ssetH[],algH[],verH[]))),skD[]),sign((STMT_DIGEST,h(authTuple(issuerId[],fp(pk(skI[])),ssetH[],algH[],verH[]))),skR[]),authTuple(issuerId[],fp(pk(skI[])),ssetH[],algH[],verH[]),pk(skI[]),framed(objTypeH[],algH[],issuerId[],fp(pk(skI[])),h(authTuple(issuerId[],fp(pk(skI[])),ssetH[],algH[],verH[])),canonVerH[],pl_1))).
The goal is reached, represented in the following fact:
event(Accept(sign((STMT_DIGEST,h(authTuple(issuerId[],fp(pk(skI[])),ssetH[],algH[],verH[]))),skD[]),sign((STMT_DIGEST,h(authTuple(issuerId[],fp(pk(skI[])),ssetH[],algH[],verH[]))),skR[]),authTuple(issuerId[],fp(pk(skI[])),ssetH[],algH[],verH[]),pk(skI[]),framed(objTypeH[],algH[],issuerId[],fp(pk(skI[])),h(authTuple(issuerId[],fp(pk(skI[])),ssetH[],algH[],verH[])),canonVerH[],pl_1))).


Could not find a trace corresponding to this derivation.
RESULT not event(Accept(evD_1,evR_1,t_1,k,fb_2)) cannot be proved.

--------------------------------------------------------------
Verification summary:

Query not event(Accept(evD_1,evR_1,t_1,k,fb_2)) cannot be proved.

--------------------------------------------------------------

