TLC2 Version 2026.07.31.184830 (rev: 30cc360)
Running breadth-first search Model-Checking with fp 0 and seed 8429763036056115567 with 4 workers on 12 cores with 7068MB heap and 64MB offheap memory [pid: 571912] (Linux 6.8.0-136-generic amd64, Ubuntu 21.0.12 64bit, MSBDiskFPSet, DiskStateQueue).
Parsing file /home/tony/projects/tessera/formal/spike/tla-probes/P9/P9_Statelessness.tla
Parsing file /tmp/tlc-6631639198610514893/Naturals.tla (jar:file:/home/tony/.local/lib/tla2tools.jar!/tla2sany/StandardModules/Naturals.tla)
Parsing file /tmp/tlc-6631639198610514893/Sequences.tla (jar:file:/home/tony/.local/lib/tla2tools.jar!/tla2sany/StandardModules/Sequences.tla)
Parsing file /tmp/tlc-6631639198610514893/FiniteSets.tla (jar:file:/home/tony/.local/lib/tla2tools.jar!/tla2sany/StandardModules/FiniteSets.tla)
Parsing file /tmp/tlc-6631639198610514893/_TLCTrace.tla (jar:file:/home/tony/.local/lib/tla2tools.jar!/tla2sany/StandardModules/_TLCTrace.tla)
Parsing file /tmp/tlc-6631639198610514893/TLC.tla (jar:file:/home/tony/.local/lib/tla2tools.jar!/tla2sany/StandardModules/TLC.tla)
Parsing file /tmp/tlc-6631639198610514893/TLCExt.tla (jar:file:/home/tony/.local/lib/tla2tools.jar!/tla2sany/StandardModules/TLCExt.tla)
Parsing file /tmp/tlc-6631639198610514893/Integers.tla (jar:file:/home/tony/.local/lib/tla2tools.jar!/tla2sany/StandardModules/Integers.tla)
Semantic processing of module Naturals
Semantic processing of module Sequences
Semantic processing of module FiniteSets
Semantic processing of module TLC
Semantic processing of module Integers
Semantic processing of module TLCExt
Semantic processing of module _TLCTrace
Semantic processing of module P9_Statelessness
Linting of module TLCExt
Linting of module _TLCTrace
Linting of module P9_Statelessness
Starting... (2026-09-06 18:34:43)
Computing initial states...
Computed 2 initial states...
Computed 4 initial states...
Computed 8 initial states...
Computed 16 initial states...
Finished computing initial states: 18 distinct states generated at 2026-09-06 18:34:43.
Model checking completed. No error has been found.
  Estimates of the probability that TLC did not check all reachable states
  because two distinct states had the same fingerprint:
  calculated (optimistic):  val = 9.1E-16
306 states generated, 234 distinct states found, 0 states left on queue.
The depth of the complete state graph search is 7.
The average outdegree of the complete state graph is 1 (minimum is 0, the maximum 2 and the 95th percentile is 2).
Finished in 00s at (2026-09-06 18:34:43)
