TLC2 Version 2026.07.31.184830 (rev: 30cc360)
Running breadth-first search Model-Checking with fp 58 and seed 7267575996622129034 with 4 workers on 12 cores with 7068MB heap and 64MB offheap memory [pid: 571966] (Linux 6.8.0-136-generic amd64, Ubuntu 21.0.12 64bit, MSBDiskFPSet, DiskStateQueue).
Parsing file /home/tony/projects/tessera/formal/spike/tla-probes/P9/P9_Statelessness.tla
Parsing file /tmp/tlc-3875129524957225369/Naturals.tla (jar:file:/home/tony/.local/lib/tla2tools.jar!/tla2sany/StandardModules/Naturals.tla)
Parsing file /tmp/tlc-3875129524957225369/Sequences.tla (jar:file:/home/tony/.local/lib/tla2tools.jar!/tla2sany/StandardModules/Sequences.tla)
Parsing file /tmp/tlc-3875129524957225369/FiniteSets.tla (jar:file:/home/tony/.local/lib/tla2tools.jar!/tla2sany/StandardModules/FiniteSets.tla)
Parsing file /tmp/tlc-3875129524957225369/_TLCTrace.tla (jar:file:/home/tony/.local/lib/tla2tools.jar!/tla2sany/StandardModules/_TLCTrace.tla)
Parsing file /tmp/tlc-3875129524957225369/TLC.tla (jar:file:/home/tony/.local/lib/tla2tools.jar!/tla2sany/StandardModules/TLC.tla)
Parsing file /tmp/tlc-3875129524957225369/TLCExt.tla (jar:file:/home/tony/.local/lib/tla2tools.jar!/tla2sany/StandardModules/TLCExt.tla)
Parsing file /tmp/tlc-3875129524957225369/Integers.tla (jar:file:/home/tony/.local/lib/tla2tools.jar!/tla2sany/StandardModules/Integers.tla)
Semantic processing of module Naturals
Semantic processing of module Sequences
Semantic processing of module FiniteSets
Semantic processing of module TLC
Semantic processing of module Integers
Semantic processing of module TLCExt
Semantic processing of module _TLCTrace
Semantic processing of module P9_Statelessness
Linting of module TLCExt
Linting of module _TLCTrace
Linting of module P9_Statelessness
Starting... (2026-09-06 18:34:44)
Computing initial states...
Computed 2 initial states...
Computed 4 initial states...
Computed 8 initial states...
Computed 16 initial states...
Computed 32 initial states...
Finished computing initial states: 54 distinct states generated at 2026-09-06 18:34:44.
Error: Invariant Purity is violated.
Error: The behavior up to this point is:
State 1: <Initial predicate>
/\ service = "unreachable"
/\ bundle = (c1 :> "pass" @@ c2 :> "pass")
/\ seen = (mA :> FALSE @@ mB :> FALSE)
/\ view = "none"
/\ consulted = FALSE
/\ policy = {}
/\ phase = "idle"
/\ verdicts = <<>>
/\ machine = mA

State 2: <StartRun(mA) line 141, col 3 to line 148, col 58 of module P9_Statelessness>
/\ service = "unreachable"
/\ bundle = (c1 :> "pass" @@ c2 :> "pass")
/\ seen = (mA :> FALSE @@ mB :> FALSE)
/\ view = "none"
/\ consulted = FALSE
/\ policy = {}
/\ phase = "running"
/\ verdicts = <<>>
/\ machine = mA

State 3: <Consult line 155, col 3 to line 159, col 74 of module P9_Statelessness>
/\ service = "unreachable"
/\ bundle = (c1 :> "pass" @@ c2 :> "pass")
/\ seen = (mA :> FALSE @@ mB :> FALSE)
/\ view = "unreachable"
/\ consulted = TRUE
/\ policy = {}
/\ phase = "running"
/\ verdicts = <<>>
/\ machine = mA

State 4: <Decide line 164, col 3 to line 170, col 68 of module P9_Statelessness>
/\ service = "unreachable"
/\ bundle = (c1 :> "pass" @@ c2 :> "pass")
/\ seen = (mA :> TRUE @@ mB :> FALSE)
/\ view = "unreachable"
/\ consulted = TRUE
/\ policy = {}
/\ phase = "idle"
/\ verdicts = <<[m |-> mA, v |-> "UNVERIFIABLE", svc |-> "unreachable", cons |-> TRUE]>>
/\ machine = mA

733 states generated, 301 distinct states found, 122 states left on queue.
The depth of the complete state graph search is 4.
Finished in 00s at (2026-09-06 18:34:44)
Trace exploration spec path: ./P9_Statelessness_TTrace_1788719684.tla
