Process 0 (that is, the initial process):
{1}new skS: skey;
{2}new skI1: skey;
{3}new skI2: skey;
{4}new skW1: skey;
{5}new skW2: skey;
{6}let mI1: bitstring = authTuple(issuerId,fp(pk(skI1)),ssetH,algH,verH) in
{7}let mI2: bitstring = authTuple(issuerId2,fp(pk(skI2)),ssetH,algH,verH) in
{8}let mW1: bitstring = authTuple(idW1,fp(pk(skW1)),ssetH,algH,verH) in
{9}let mW2: bitstring = authTuple(idW2,fp(pk(skW2)),ssetH,algH,verH) in
{10}out(c, pk(skS));
{11}out(c, pk(skI1));
{12}out(c, pk(skI2));
{13}out(c, pk(skW1));
{14}out(c, pk(skW2));
{15}out(c, mI1);
{16}out(c, mI2);
{17}out(c, mW1);
{18}out(c, mW2);
{19}out(c, skS);
(
    {20}!
    {21}let skS_1: skey = skS in
    {22}event AuthorityPublishedDNS(mI1);
    {23}out(c, sign((STMT_DIGEST,h(mI1)),skS_1))
) | (
    {24}!
    {25}let skS_2: skey = skS in
    {26}event AuthorityPublishedDNS(mI2);
    {27}out(c, sign((STMT_DIGEST,h(mI2)),skS_2))
) | (
    {28}!
    {29}let skS_3: skey = skS in
    {30}event AuthorityPublishedDNS(mW1);
    {31}out(c, sign((STMT_DIGEST,h(mW1)),skS_3))
) | (
    {32}!
    {33}let skS_4: skey = skS in
    {34}event AuthorityPublishedDNS(mW2);
    {35}out(c, sign((STMT_DIGEST,h(mW2)),skS_4))
) | (
    {36}!
    {37}let skI: skey = skI1 in
    {38}let idI: bitstring = issuerId in
    {39}let cvI: bitstring = cvA in
    {40}in(c, payload: bitstring);
    {41}event IssuerPossession(pk(skI));
    {42}let ppfI: bitstring = sign((POSS,mI1),skI) in
    {43}out(c, ppfI);
    {44}let fbI: bitstring = framed(OT_ATTEST,algH,idI,fp(pk(skI)),h(mI1),cvI,payload) in
    {45}let sgI: bitstring = sign((BYTES,fbI),skI) in
    {46}event IssuerSigned(pk(skI),fbI);
    (
        {47}out(honestTypeCh, (OT_ATTEST,fbI))
    ) | (
        {48}out(honestCh, (pk(skI),fbI))
    ) | (
        {49}out(honestInnerCh, (pk(skI),idI,fbI))
    ) | (
        {50}out(honestSigCh, (pk(skI),sgI))
    ) | (
        {51}out(c, sgI)
    )
) | (
    {52}!
    {53}let skW: skey = skI1 in
    {54}let idW: bitstring = issuerId in
    {55}let cvW: bitstring = cvB in
    {56}in(c, (cvIw: bitstring,fbIn: bitstring,sgIn: bitstring));
    {57}event IssuerPossession(pk(skW));
    {58}let ppfW: bitstring = sign((POSS,mI1),skW) in
    {59}out(c, ppfW);
    {60}let fbW: bitstring = framed(OT_WRAPPER,algH,idW,fp(pk(skW)),h(mI1),cvW,wrap(cvIw,(fbIn,sgIn))) in
    {61}event IssuerSigned(pk(skW),fbW);
    (
        {62}out(honestTypeCh, (OT_WRAPPER,fbW))
    ) | (
        {63}out(c, sign((BYTES,fbW),skW))
    )
) | (
    {64}!
    {65}let skI_1: skey = skI2 in
    {66}let idI_1: bitstring = issuerId2 in
    {67}let cvI_1: bitstring = cvB in
    {68}in(c, payload_1: bitstring);
    {69}event IssuerPossession(pk(skI_1));
    {70}let ppfI_1: bitstring = sign((POSS,mI2),skI_1) in
    {71}out(c, ppfI_1);
    {72}let fbI_1: bitstring = framed(OT_ATTEST,algH,idI_1,fp(pk(skI_1)),h(mI2),cvI_1,payload_1) in
    {73}let sgI_1: bitstring = sign((BYTES,fbI_1),skI_1) in
    {74}event IssuerSigned(pk(skI_1),fbI_1);
    (
        {75}out(honestTypeCh, (OT_ATTEST,fbI_1))
    ) | (
        {76}out(honestCh, (pk(skI_1),fbI_1))
    ) | (
        {77}out(honestInnerCh, (pk(skI_1),idI_1,fbI_1))
    ) | (
        {78}out(honestSigCh, (pk(skI_1),sgI_1))
    ) | (
        {79}out(c, sgI_1)
    )
) | (
    {80}!
    {81}let skO: skey = skI2 in
    {82}let idO: bitstring = issuerId2 in
    {83}let ot: bitstring = OT_REVIEWREC in
    {84}let cvO: bitstring = cvA in
    {85}in(c, payload_2: bitstring);
    {86}event IssuerPossession(pk(skO));
    {87}let ppfO: bitstring = sign((POSS,mI2),skO) in
    {88}out(c, ppfO);
    {89}let fbO: bitstring = framed(ot,algH,idO,fp(pk(skO)),h(mI2),cvO,payload_2) in
    {90}event IssuerSigned(pk(skO),fbO);
    (
        {91}out(honestTypeCh, (ot,fbO))
    ) | (
        {92}out(c, sign((BYTES,fbO),skO))
    )
) | (
    {93}!
    {94}let skW_1: skey = skW1 in
    {95}let idW_1: bitstring = idW1 in
    {96}let cvW_1: bitstring = cvB in
    {97}in(c, (cvIw_1: bitstring,fbIn_1: bitstring,sgIn_1: bitstring));
    {98}event IssuerPossession(pk(skW_1));
    {99}let ppfW_1: bitstring = sign((POSS,mW1),skW_1) in
    {100}out(c, ppfW_1);
    {101}let fbW_1: bitstring = framed(OT_WRAPPER,algH,idW_1,fp(pk(skW_1)),h(mW1),cvW_1,wrap(cvIw_1,(fbIn_1,sgIn_1))) in
    {102}event IssuerSigned(pk(skW_1),fbW_1);
    (
        {103}out(honestTypeCh, (OT_WRAPPER,fbW_1))
    ) | (
        {104}out(c, sign((BYTES,fbW_1),skW_1))
    )
) | (
    {105}!
    {106}let skW_2: skey = skW2 in
    {107}let idW_2: bitstring = idW2 in
    {108}let cvW_2: bitstring = cvA in
    {109}in(c, (cvIw_2: bitstring,fbIn_2: bitstring,sgIn_2: bitstring));
    {110}event IssuerPossession(pk(skW_2));
    {111}let ppfW_2: bitstring = sign((POSS,mW2),skW_2) in
    {112}out(c, ppfW_2);
    {113}let fbW_2: bitstring = framed(OT_WRAPPER,algH,idW_2,fp(pk(skW_2)),h(mW2),cvW_2,wrap(cvIw_2,(fbIn_2,sgIn_2))) in
    {114}event IssuerSigned(pk(skW_2),fbW_2);
    (
        {115}out(honestTypeCh, (OT_WRAPPER,fbW_2))
    ) | (
        {116}out(c, sign((BYTES,fbW_2),skW_2))
    )
) | (
    {117}!
    {118}let pkS: pkey = pk(skS) in
    {119}in(c, (tI: bitstring,evI: bitstring,kI: pkey,ppfI_2: bitstring,sgI_2: bitstring,fbI_2: bitstring));
    {120}let ctx: bitstring = BASE in
    {121}let (=STMT_DIGEST,=h(tI)) = checksign(evI,pkS) in
    {122}let authTuple(idI_2: bitstring,kfprI: bitstring,ssI: bitstring,algI: bitstring,verI: bitstring) = tI in
    {123}let (=BYTES,=fbI_2) = checksign(sgI_2,kI) in
    {124}let framed(=OT_ATTEST,=algI,idF: bitstring,=fp(kI),mhI: bitstring,cvI_2: bitstring,plI: bitstring) = fbI_2 in
    {125}event AcceptInner(ctx,kI,idI_2,fbI_2);
    (
        {126}out(typeCh, (OT_ATTEST,fbI_2))
    ) | (
        {127}out(acceptCh, (ctx,kI,idI_2,fbI_2))
    ) | (
        {128}out(scopeCh, (ctx,kI,idI_2,fbI_2))
    ) | (
        {129}out(sigCh, (ctx,kI,sgI_2))
    )
) | (
    {130}!
    {131}let pkS_1: pkey = pk(skS) in
    {132}in(c, (tW: bitstring,evW: bitstring,kW: pkey,ppfW_3: bitstring,sgW: bitstring,fbW_3: bitstring,tI_1: bitstring,evI_1: bitstring,kI_1: pkey,ppfI_3: bitstring));
    {133}let (=STMT_DIGEST,=h(tW)) = checksign(evW,pkS_1) in
    {134}let authTuple(idW_3: bitstring,kfprW: bitstring,ssW: bitstring,algW: bitstring,verW: bitstring) = tW in
    {135}if (fp(kW) = kfprW) then
    {136}let (=POSS,=tW) = checksign(ppfW_3,kW) in
    {137}let (=BYTES,=fbW_3) = checksign(sgW,kW) in
    {138}let framed(=OT_WRAPPER,=algW,=idW_3,=fp(kW),mhW: bitstring,cvW_3: bitstring,wrap(cvIw_3: bitstring,(fbI_3: bitstring,sgI_3: bitstring))) = fbW_3 in
    {139}if (mhW = h(tW)) then
    {140}event AcceptOuter(kW,idW_3,fbW_3);
    (
        {141}out(typeCh, (OT_WRAPPER,fbW_3))
    ) | (
        {142}let ctx_1: bitstring = wctx(kW,idW_3,fbW_3) in
        {143}let (=STMT_DIGEST,=h(tI_1)) = checksign(evI_1,pkS_1) in
        {144}let authTuple(idI_3: bitstring,kfprI_1: bitstring,ssI_1: bitstring,algI_1: bitstring,verI_1: bitstring) = tI_1 in
        {145}let (=BYTES,=fbI_3) = checksign(sgI_3,kI_1) in
        {146}let framed(=OT_ATTEST,=algI_1,idF_1: bitstring,=fp(kI_1),mhI_1: bitstring,cvI_3: bitstring,plI_1: bitstring) = fbI_3 in
        {147}event AcceptInner(ctx_1,kI_1,idI_3,fbI_3);
        (
            {148}out(typeCh, (OT_ATTEST,fbI_3))
        ) | (
            {149}out(acceptCh, (ctx_1,kI_1,idI_3,fbI_3))
        ) | (
            {150}out(scopeCh, (ctx_1,kI_1,idI_3,fbI_3))
        ) | (
            {151}out(sigCh, (ctx_1,kI_1,sgI_3))
        )
    )
) | (
    {152}!
    {153}in(honestCh, (kH: pkey,fbHon: bitstring));
    {154}in(acceptCh, (ctx_2: bitstring,kX: pkey,idX: bitstring,=fbHon));
    {155}if (kX = kH) then
    (
        {156}if (ctx_2 = BASE) then
        {157}event HonestAccepted(kX,fbHon)
    )
    else
        {158}event Reattributed(kX,kH,fbHon)
) | (
    {159}!
    {160}in(honestTypeCh, (otS: bitstring,fbT: bitstring));
    {161}in(typeCh, (otA: bitstring,=fbT));
    {162}if (otS = otA) then
        0
    else
        {163}event TypeConfused(otS,otA,fbT)
) | (
    {164}!
    {165}in(honestInnerCh, (kH_1: pkey,idH: bitstring,fbHon_1: bitstring));
    {166}in(scopeCh, (wctx(kW_1: pkey,idW_4: bitstring,fbW_4: bitstring),kIrep: pkey,idIrep: bitstring,=fbHon_1));
    {167}if ((kIrep = kH_1) && (idIrep = idH)) then
        {168}event HonestWrappedAccepted(kH_1,fbHon_1,kW_1)
    else
        {169}event Rescoped(kIrep,idIrep,kH_1,idH,fbHon_1)
) | (
    {170}!
    {171}in(honestSigCh, (kH_2: pkey,sgH: bitstring));
    {172}in(sigCh, (wctx(kW_2: pkey,idW_5: bitstring,fbW_5: bitstring),kIrep_1: pkey,=sgH));
    {173}if (kIrep_1 = kH_2) then
        0
    else
        {174}event InnerSigTransplanted(kIrep_1,sgH)
)

--  Process 1 (that is, process 0, with let moved downwards):
{1}new skS: skey;
{2}new skI1: skey;
{3}new skI2: skey;
{4}new skW1: skey;
{5}new skW2: skey;
{10}out(c, pk(skS));
{11}out(c, pk(skI1));
{12}out(c, pk(skI2));
{13}out(c, pk(skW1));
{14}out(c, pk(skW2));
{6}let mI1: bitstring = authTuple(issuerId,fp(pk(skI1)),ssetH,algH,verH) in
{15}out(c, mI1);
{7}let mI2: bitstring = authTuple(issuerId2,fp(pk(skI2)),ssetH,algH,verH) in
{16}out(c, mI2);
{8}let mW1: bitstring = authTuple(idW1,fp(pk(skW1)),ssetH,algH,verH) in
{17}out(c, mW1);
{9}let mW2: bitstring = authTuple(idW2,fp(pk(skW2)),ssetH,algH,verH) in
{18}out(c, mW2);
{19}out(c, skS);
(
    {20}!
    {22}event AuthorityPublishedDNS(mI1);
    {21}let skS_1: skey = skS in
    {23}out(c, sign((STMT_DIGEST,h(mI1)),skS_1))
) | (
    {24}!
    {26}event AuthorityPublishedDNS(mI2);
    {25}let skS_2: skey = skS in
    {27}out(c, sign((STMT_DIGEST,h(mI2)),skS_2))
) | (
    {28}!
    {30}event AuthorityPublishedDNS(mW1);
    {29}let skS_3: skey = skS in
    {31}out(c, sign((STMT_DIGEST,h(mW1)),skS_3))
) | (
    {32}!
    {34}event AuthorityPublishedDNS(mW2);
    {33}let skS_4: skey = skS in
    {35}out(c, sign((STMT_DIGEST,h(mW2)),skS_4))
) | (
    {36}!
    {40}in(c, payload: bitstring);
    {37}let skI: skey = skI1 in
    {41}event IssuerPossession(pk(skI));
    {42}let ppfI: bitstring = sign((POSS,mI1),skI) in
    {43}out(c, ppfI);
    {39}let cvI: bitstring = cvA in
    {38}let idI: bitstring = issuerId in
    {44}let fbI: bitstring = framed(OT_ATTEST,algH,idI,fp(pk(skI)),h(mI1),cvI,payload) in
    {46}event IssuerSigned(pk(skI),fbI);
    (
        {47}out(honestTypeCh, (OT_ATTEST,fbI))
    ) | (
        {48}out(honestCh, (pk(skI),fbI))
    ) | (
        {49}out(honestInnerCh, (pk(skI),idI,fbI))
    ) | (
        {45}let sgI: bitstring = sign((BYTES,fbI),skI) in
        (
            {50}out(honestSigCh, (pk(skI),sgI))
        ) | (
            {51}out(c, sgI)
        )
    )
) | (
    {52}!
    {56}in(c, (cvIw: bitstring,fbIn: bitstring,sgIn: bitstring));
    {53}let skW: skey = skI1 in
    {57}event IssuerPossession(pk(skW));
    {58}let ppfW: bitstring = sign((POSS,mI1),skW) in
    {59}out(c, ppfW);
    {55}let cvW: bitstring = cvB in
    {54}let idW: bitstring = issuerId in
    {60}let fbW: bitstring = framed(OT_WRAPPER,algH,idW,fp(pk(skW)),h(mI1),cvW,wrap(cvIw,(fbIn,sgIn))) in
    {61}event IssuerSigned(pk(skW),fbW);
    (
        {62}out(honestTypeCh, (OT_WRAPPER,fbW))
    ) | (
        {63}out(c, sign((BYTES,fbW),skW))
    )
) | (
    {64}!
    {68}in(c, payload_1: bitstring);
    {65}let skI_1: skey = skI2 in
    {69}event IssuerPossession(pk(skI_1));
    {70}let ppfI_1: bitstring = sign((POSS,mI2),skI_1) in
    {71}out(c, ppfI_1);
    {67}let cvI_1: bitstring = cvB in
    {66}let idI_1: bitstring = issuerId2 in
    {72}let fbI_1: bitstring = framed(OT_ATTEST,algH,idI_1,fp(pk(skI_1)),h(mI2),cvI_1,payload_1) in
    {74}event IssuerSigned(pk(skI_1),fbI_1);
    (
        {75}out(honestTypeCh, (OT_ATTEST,fbI_1))
    ) | (
        {76}out(honestCh, (pk(skI_1),fbI_1))
    ) | (
        {77}out(honestInnerCh, (pk(skI_1),idI_1,fbI_1))
    ) | (
        {73}let sgI_1: bitstring = sign((BYTES,fbI_1),skI_1) in
        (
            {78}out(honestSigCh, (pk(skI_1),sgI_1))
        ) | (
            {79}out(c, sgI_1)
        )
    )
) | (
    {80}!
    {85}in(c, payload_2: bitstring);
    {81}let skO: skey = skI2 in
    {86}event IssuerPossession(pk(skO));
    {87}let ppfO: bitstring = sign((POSS,mI2),skO) in
    {88}out(c, ppfO);
    {84}let cvO: bitstring = cvA in
    {83}let ot: bitstring = OT_REVIEWREC in
    {82}let idO: bitstring = issuerId2 in
    {89}let fbO: bitstring = framed(ot,algH,idO,fp(pk(skO)),h(mI2),cvO,payload_2) in
    {90}event IssuerSigned(pk(skO),fbO);
    (
        {91}out(honestTypeCh, (ot,fbO))
    ) | (
        {92}out(c, sign((BYTES,fbO),skO))
    )
) | (
    {93}!
    {97}in(c, (cvIw_1: bitstring,fbIn_1: bitstring,sgIn_1: bitstring));
    {94}let skW_1: skey = skW1 in
    {98}event IssuerPossession(pk(skW_1));
    {99}let ppfW_1: bitstring = sign((POSS,mW1),skW_1) in
    {100}out(c, ppfW_1);
    {96}let cvW_1: bitstring = cvB in
    {95}let idW_1: bitstring = idW1 in
    {101}let fbW_1: bitstring = framed(OT_WRAPPER,algH,idW_1,fp(pk(skW_1)),h(mW1),cvW_1,wrap(cvIw_1,(fbIn_1,sgIn_1))) in
    {102}event IssuerSigned(pk(skW_1),fbW_1);
    (
        {103}out(honestTypeCh, (OT_WRAPPER,fbW_1))
    ) | (
        {104}out(c, sign((BYTES,fbW_1),skW_1))
    )
) | (
    {105}!
    {109}in(c, (cvIw_2: bitstring,fbIn_2: bitstring,sgIn_2: bitstring));
    {106}let skW_2: skey = skW2 in
    {110}event IssuerPossession(pk(skW_2));
    {111}let ppfW_2: bitstring = sign((POSS,mW2),skW_2) in
    {112}out(c, ppfW_2);
    {108}let cvW_2: bitstring = cvA in
    {107}let idW_2: bitstring = idW2 in
    {113}let fbW_2: bitstring = framed(OT_WRAPPER,algH,idW_2,fp(pk(skW_2)),h(mW2),cvW_2,wrap(cvIw_2,(fbIn_2,sgIn_2))) in
    {114}event IssuerSigned(pk(skW_2),fbW_2);
    (
        {115}out(honestTypeCh, (OT_WRAPPER,fbW_2))
    ) | (
        {116}out(c, sign((BYTES,fbW_2),skW_2))
    )
) | (
    {117}!
    {119}in(c, (tI: bitstring,evI: bitstring,kI: pkey,ppfI_2: bitstring,sgI_2: bitstring,fbI_2: bitstring));
    {118}let pkS: pkey = pk(skS) in
    {121}let (=STMT_DIGEST,=h(tI)) = checksign(evI,pkS) in
    {122}let authTuple(idI_2: bitstring,kfprI: bitstring,ssI: bitstring,algI: bitstring,verI: bitstring) = tI in
    {123}let (=BYTES,=fbI_2) = checksign(sgI_2,kI) in
    {124}let framed(=OT_ATTEST,=algI,idF: bitstring,=fp(kI),mhI: bitstring,cvI_2: bitstring,plI: bitstring) = fbI_2 in
    {120}let ctx: bitstring = BASE in
    {125}event AcceptInner(ctx,kI,idI_2,fbI_2);
    (
        {126}out(typeCh, (OT_ATTEST,fbI_2))
    ) | (
        {127}out(acceptCh, (ctx,kI,idI_2,fbI_2))
    ) | (
        {128}out(scopeCh, (ctx,kI,idI_2,fbI_2))
    ) | (
        {129}out(sigCh, (ctx,kI,sgI_2))
    )
) | (
    {130}!
    {132}in(c, (tW: bitstring,evW: bitstring,kW: pkey,ppfW_3: bitstring,sgW: bitstring,fbW_3: bitstring,tI_1: bitstring,evI_1: bitstring,kI_1: pkey,ppfI_3: bitstring));
    {131}let pkS_1: pkey = pk(skS) in
    {133}let (=STMT_DIGEST,=h(tW)) = checksign(evW,pkS_1) in
    {134}let authTuple(idW_3: bitstring,kfprW: bitstring,ssW: bitstring,algW: bitstring,verW: bitstring) = tW in
    {135}if (fp(kW) = kfprW) then
    {136}let (=POSS,=tW) = checksign(ppfW_3,kW) in
    {137}let (=BYTES,=fbW_3) = checksign(sgW,kW) in
    {138}let framed(=OT_WRAPPER,=algW,=idW_3,=fp(kW),mhW: bitstring,cvW_3: bitstring,wrap(cvIw_3: bitstring,(fbI_3: bitstring,sgI_3: bitstring))) = fbW_3 in
    {139}if (mhW = h(tW)) then
    {140}event AcceptOuter(kW,idW_3,fbW_3);
    (
        {141}out(typeCh, (OT_WRAPPER,fbW_3))
    ) | (
        {143}let (=STMT_DIGEST,=h(tI_1)) = checksign(evI_1,pkS_1) in
        {144}let authTuple(idI_3: bitstring,kfprI_1: bitstring,ssI_1: bitstring,algI_1: bitstring,verI_1: bitstring) = tI_1 in
        {145}let (=BYTES,=fbI_3) = checksign(sgI_3,kI_1) in
        {146}let framed(=OT_ATTEST,=algI_1,idF_1: bitstring,=fp(kI_1),mhI_1: bitstring,cvI_3: bitstring,plI_1: bitstring) = fbI_3 in
        {142}let ctx_1: bitstring = wctx(kW,idW_3,fbW_3) in
        {147}event AcceptInner(ctx_1,kI_1,idI_3,fbI_3);
        (
            {148}out(typeCh, (OT_ATTEST,fbI_3))
        ) | (
            {149}out(acceptCh, (ctx_1,kI_1,idI_3,fbI_3))
        ) | (
            {150}out(scopeCh, (ctx_1,kI_1,idI_3,fbI_3))
        ) | (
            {151}out(sigCh, (ctx_1,kI_1,sgI_3))
        )
    )
) | (
    {152}!
    {153}in(honestCh, (kH: pkey,fbHon: bitstring));
    {154}in(acceptCh, (ctx_2: bitstring,kX: pkey,idX: bitstring,=fbHon));
    {155}if (kX = kH) then
    (
        {156}if (ctx_2 = BASE) then
        {157}event HonestAccepted(kX,fbHon)
    )
    else
        {158}event Reattributed(kX,kH,fbHon)
) | (
    {159}!
    {160}in(honestTypeCh, (otS: bitstring,fbT: bitstring));
    {161}in(typeCh, (otA: bitstring,=fbT));
    {162}if (otS = otA) then
        0
    else
        {163}event TypeConfused(otS,otA,fbT)
) | (
    {164}!
    {165}in(honestInnerCh, (kH_1: pkey,idH: bitstring,fbHon_1: bitstring));
    {166}in(scopeCh, (wctx(kW_1: pkey,idW_4: bitstring,fbW_4: bitstring),kIrep: pkey,idIrep: bitstring,=fbHon_1));
    {167}if ((kIrep = kH_1) && (idIrep = idH)) then
        {168}event HonestWrappedAccepted(kH_1,fbHon_1,kW_1)
    else
        {169}event Rescoped(kIrep,idIrep,kH_1,idH,fbHon_1)
) | (
    {170}!
    {171}in(honestSigCh, (kH_2: pkey,sgH: bitstring));
    {172}in(sigCh, (wctx(kW_2: pkey,idW_5: bitstring,fbW_5: bitstring),kIrep_1: pkey,=sgH));
    {173}if (kIrep_1 = kH_2) then
        0
    else
        {174}event InnerSigTransplanted(kIrep_1,sgH)
)

-- Query not event(TypeConfused(otS_1,otA_1,fb)) in process 1.
Translating the process into Horn clauses...
Completing...
200 rules inserted. Base: 156 rules (77 with conclusion selected). Queue: 39 rules.
400 rules inserted. Base: 197 rules (77 with conclusion selected). Queue: 98 rules.
600 rules inserted. Base: 243 rules (93 with conclusion selected). Queue: 92 rules.
800 rules inserted. Base: 225 rules (93 with conclusion selected). Queue: 74 rules.
1000 rules inserted. Base: 309 rules (127 with conclusion selected). Queue: 5 rules.
Starting query not event(TypeConfused(otS_1,otA_1,fb))
RESULT not event(TypeConfused(otS_1,otA_1,fb)) is true.
-- Query not event(Rescoped(kX_1,idX_1,kH_3,idH_1,fb)) in process 1.
Translating the process into Horn clauses...
Completing...
200 rules inserted. Base: 156 rules (77 with conclusion selected). Queue: 38 rules.
400 rules inserted. Base: 202 rules (77 with conclusion selected). Queue: 95 rules.
600 rules inserted. Base: 249 rules (93 with conclusion selected). Queue: 76 rules.
800 rules inserted. Base: 217 rules (93 with conclusion selected). Queue: 61 rules.
Starting query not event(Rescoped(kX_1,idX_1,kH_3,idH_1,fb))
goal reachable: idX_1 ≠ issuerId2[] && attacker(idX_1) && attacker(plI_2) -> event(Rescoped(pk(skI2[]),idX_1,pk(skI2[]),issuerId2[],framed(OT_ATTEST,algH[],issuerId2[],fp(pk(skI2[])),h(authTuple(issuerId2[],fp(pk(skI2[])),ssetH[],algH[],verH[])),cvB[],plI_2)))

Derivation:

1. We assume as hypothesis that
attacker(plI_2).

2. The message plI_2 that the attacker may have by 1 may be received at input {68}.
So the message (pk(skI2[]),issuerId2[],framed(OT_ATTEST,algH[],issuerId2[],fp(pk(skI2[])),h(authTuple(issuerId2[],fp(pk(skI2[])),ssetH[],algH[],verH[])),cvB[],plI_2)) may be sent on channel honestInnerCh[] at output {77}.
mess(honestInnerCh[],(pk(skI2[]),issuerId2[],framed(OT_ATTEST,algH[],issuerId2[],fp(pk(skI2[])),h(authTuple(issuerId2[],fp(pk(skI2[])),ssetH[],algH[],verH[])),cvB[],plI_2))).

3. The attacker has some term ppfI_4.
attacker(ppfI_4).

4. The message pk(skI2[]) may be sent to the attacker at output {12}.
attacker(pk(skI2[])).

5. The message skS[] may be sent to the attacker at output {19}.
attacker(skS[]).

6. The attacker has some term verI_2.
attacker(verI_2).

7. The attacker initially knows algH[].
attacker(algH[]).

8. The attacker has some term ssI_2.
attacker(ssI_2).

9. The attacker has some term kfprI_2.
attacker(kfprI_2).

10. We assume as hypothesis that
attacker(idX_1).

11. By 10, the attacker may know idX_1.
By 9, the attacker may know kfprI_2.
By 8, the attacker may know ssI_2.
By 7, the attacker may know algH[].
By 6, the attacker may know verI_2.
Using the function authTuple the attacker may obtain authTuple(idX_1,kfprI_2,ssI_2,algH[],verI_2).
attacker(authTuple(idX_1,kfprI_2,ssI_2,algH[],verI_2)).

12. By 11, the attacker may know authTuple(idX_1,kfprI_2,ssI_2,algH[],verI_2).
Using the function h the attacker may obtain h(authTuple(idX_1,kfprI_2,ssI_2,algH[],verI_2)).
attacker(h(authTuple(idX_1,kfprI_2,ssI_2,algH[],verI_2))).

13. Using the function STMT_DIGEST the attacker may obtain STMT_DIGEST.
attacker(STMT_DIGEST).

14. By 13, the attacker may know STMT_DIGEST.
By 12, the attacker may know h(authTuple(idX_1,kfprI_2,ssI_2,algH[],verI_2)).
Using the function 2-tuple the attacker may obtain (STMT_DIGEST,h(authTuple(idX_1,kfprI_2,ssI_2,algH[],verI_2))).
attacker((STMT_DIGEST,h(authTuple(idX_1,kfprI_2,ssI_2,algH[],verI_2)))).

15. By 14, the attacker may know (STMT_DIGEST,h(authTuple(idX_1,kfprI_2,ssI_2,algH[],verI_2))).
By 5, the attacker may know skS[].
Using the function sign the attacker may obtain sign((STMT_DIGEST,h(authTuple(idX_1,kfprI_2,ssI_2,algH[],verI_2))),skS[]).
attacker(sign((STMT_DIGEST,h(authTuple(idX_1,kfprI_2,ssI_2,algH[],verI_2))),skS[])).

16. The message plI_2 that the attacker may have by 1 may be received at input {68}.
So the message sign((BYTES,framed(OT_ATTEST,algH[],issuerId2[],fp(pk(skI2[])),h(authTuple(issuerId2[],fp(pk(skI2[])),ssetH[],algH[],verH[])),cvB[],plI_2)),skI2[]) may be sent to the attacker at output {79}.
attacker(sign((BYTES,framed(OT_ATTEST,algH[],issuerId2[],fp(pk(skI2[])),h(authTuple(issuerId2[],fp(pk(skI2[])),ssetH[],algH[],verH[])),cvB[],plI_2)),skI2[])).

17. The attacker initially knows cvB[].
attacker(cvB[]).

18. The attacker initially knows verH[].
attacker(verH[]).

19. The attacker initially knows ssetH[].
attacker(ssetH[]).

20. By 4, the attacker may know pk(skI2[]).
Using the function fp the attacker may obtain fp(pk(skI2[])).
attacker(fp(pk(skI2[]))).

21. The attacker initially knows issuerId2[].
attacker(issuerId2[]).

22. By 21, the attacker may know issuerId2[].
By 20, the attacker may know fp(pk(skI2[])).
By 19, the attacker may know ssetH[].
By 7, the attacker may know algH[].
By 18, the attacker may know verH[].
Using the function authTuple the attacker may obtain authTuple(issuerId2[],fp(pk(skI2[])),ssetH[],algH[],verH[]).
attacker(authTuple(issuerId2[],fp(pk(skI2[])),ssetH[],algH[],verH[])).

23. By 22, the attacker may know authTuple(issuerId2[],fp(pk(skI2[])),ssetH[],algH[],verH[]).
Using the function h the attacker may obtain h(authTuple(issuerId2[],fp(pk(skI2[])),ssetH[],algH[],verH[])).
attacker(h(authTuple(issuerId2[],fp(pk(skI2[])),ssetH[],algH[],verH[]))).

24. Using the function OT_ATTEST the attacker may obtain OT_ATTEST.
attacker(OT_ATTEST).

25. By 24, the attacker may know OT_ATTEST.
By 7, the attacker may know algH[].
By 21, the attacker may know issuerId2[].
By 20, the attacker may know fp(pk(skI2[])).
By 23, the attacker may know h(authTuple(issuerId2[],fp(pk(skI2[])),ssetH[],algH[],verH[])).
By 17, the attacker may know cvB[].
By 1, the attacker may know plI_2.
Using the function framed the attacker may obtain framed(OT_ATTEST,algH[],issuerId2[],fp(pk(skI2[])),h(authTuple(issuerId2[],fp(pk(skI2[])),ssetH[],algH[],verH[])),cvB[],plI_2).
attacker(framed(OT_ATTEST,algH[],issuerId2[],fp(pk(skI2[])),h(authTuple(issuerId2[],fp(pk(skI2[])),ssetH[],algH[],verH[])),cvB[],plI_2)).

26. By 25, the attacker may know framed(OT_ATTEST,algH[],issuerId2[],fp(pk(skI2[])),h(authTuple(issuerId2[],fp(pk(skI2[])),ssetH[],algH[],verH[])),cvB[],plI_2).
By 16, the attacker may know sign((BYTES,framed(OT_ATTEST,algH[],issuerId2[],fp(pk(skI2[])),h(authTuple(issuerId2[],fp(pk(skI2[])),ssetH[],algH[],verH[])),cvB[],plI_2)),skI2[]).
Using the function 2-tuple the attacker may obtain (framed(OT_ATTEST,algH[],issuerId2[],fp(pk(skI2[])),h(authTuple(issuerId2[],fp(pk(skI2[])),ssetH[],algH[],verH[])),cvB[],plI_2),sign((BYTES,framed(OT_ATTEST,algH[],issuerId2[],fp(pk(skI2[])),h(authTuple(issuerId2[],fp(pk(skI2[])),ssetH[],algH[],verH[])),cvB[],plI_2)),skI2[])).
attacker((framed(OT_ATTEST,algH[],issuerId2[],fp(pk(skI2[])),h(authTuple(issuerId2[],fp(pk(skI2[])),ssetH[],algH[],verH[])),cvB[],plI_2),sign((BYTES,framed(OT_ATTEST,algH[],issuerId2[],fp(pk(skI2[])),h(authTuple(issuerId2[],fp(pk(skI2[])),ssetH[],algH[],verH[])),cvB[],plI_2)),skI2[]))).

27. The attacker has some term cvIw_4.
attacker(cvIw_4).

28. By 27, the attacker may know cvIw_4.
By 26, the attacker may know (framed(OT_ATTEST,algH[],issuerId2[],fp(pk(skI2[])),h(authTuple(issuerId2[],fp(pk(skI2[])),ssetH[],algH[],verH[])),cvB[],plI_2),sign((BYTES,framed(OT_ATTEST,algH[],issuerId2[],fp(pk(skI2[])),h(authTuple(issuerId2[],fp(pk(skI2[])),ssetH[],algH[],verH[])),cvB[],plI_2)),skI2[])).
Using the function wrap the attacker may obtain wrap(cvIw_4,(framed(OT_ATTEST,algH[],issuerId2[],fp(pk(skI2[])),h(authTuple(issuerId2[],fp(pk(skI2[])),ssetH[],algH[],verH[])),cvB[],plI_2),sign((BYTES,framed(OT_ATTEST,algH[],issuerId2[],fp(pk(skI2[])),h(authTuple(issuerId2[],fp(pk(skI2[])),ssetH[],algH[],verH[])),cvB[],plI_2)),skI2[]))).
attacker(wrap(cvIw_4,(framed(OT_ATTEST,algH[],issuerId2[],fp(pk(skI2[])),h(authTuple(issuerId2[],fp(pk(skI2[])),ssetH[],algH[],verH[])),cvB[],plI_2),sign((BYTES,framed(OT_ATTEST,algH[],issuerId2[],fp(pk(skI2[])),h(authTuple(issuerId2[],fp(pk(skI2[])),ssetH[],algH[],verH[])),cvB[],plI_2)),skI2[])))).

29. The attacker initially knows cvA[].
attacker(cvA[]).

30. The message pk(skW2[]) may be sent to the attacker at output {14}.
attacker(pk(skW2[])).

31. By 30, the attacker may know pk(skW2[]).
Using the function fp the attacker may obtain fp(pk(skW2[])).
attacker(fp(pk(skW2[]))).

32. The attacker initially knows idW2[].
attacker(idW2[]).

33. By 32, the attacker may know idW2[].
By 31, the attacker may know fp(pk(skW2[])).
By 19, the attacker may know ssetH[].
By 7, the attacker may know algH[].
By 18, the attacker may know verH[].
Using the function authTuple the attacker may obtain authTuple(idW2[],fp(pk(skW2[])),ssetH[],algH[],verH[]).
attacker(authTuple(idW2[],fp(pk(skW2[])),ssetH[],algH[],verH[])).

34. By 33, the attacker may know authTuple(idW2[],fp(pk(skW2[])),ssetH[],algH[],verH[]).
Using the function h the attacker may obtain h(authTuple(idW2[],fp(pk(skW2[])),ssetH[],algH[],verH[])).
attacker(h(authTuple(idW2[],fp(pk(skW2[])),ssetH[],algH[],verH[]))).

35. Using the function OT_WRAPPER the attacker may obtain OT_WRAPPER.
attacker(OT_WRAPPER).

36. By 35, the attacker may know OT_WRAPPER.
By 7, the attacker may know algH[].
By 32, the attacker may know idW2[].
By 31, the attacker may know fp(pk(skW2[])).
By 34, the attacker may know h(authTuple(idW2[],fp(pk(skW2[])),ssetH[],algH[],verH[])).
By 29, the attacker may know cvA[].
By 28, the attacker may know wrap(cvIw_4,(framed(OT_ATTEST,algH[],issuerId2[],fp(pk(skI2[])),h(authTuple(issuerId2[],fp(pk(skI2[])),ssetH[],algH[],verH[])),cvB[],plI_2),sign((BYTES,framed(OT_ATTEST,algH[],issuerId2[],fp(pk(skI2[])),h(authTuple(issuerId2[],fp(pk(skI2[])),ssetH[],algH[],verH[])),cvB[],plI_2)),skI2[]))).
Using the function framed the attacker may obtain framed(OT_WRAPPER,algH[],idW2[],fp(pk(skW2[])),h(authTuple(idW2[],fp(pk(skW2[])),ssetH[],algH[],verH[])),cvA[],wrap(cvIw_4,(framed(OT_ATTEST,algH[],issuerId2[],fp(pk(skI2[])),h(authTuple(issuerId2[],fp(pk(skI2[])),ssetH[],algH[],verH[])),cvB[],plI_2),sign((BYTES,framed(OT_ATTEST,algH[],issuerId2[],fp(pk(skI2[])),h(authTuple(issuerId2[],fp(pk(skI2[])),ssetH[],algH[],verH[])),cvB[],plI_2)),skI2[])))).
attacker(framed(OT_WRAPPER,algH[],idW2[],fp(pk(skW2[])),h(authTuple(idW2[],fp(pk(skW2[])),ssetH[],algH[],verH[])),cvA[],wrap(cvIw_4,(framed(OT_ATTEST,algH[],issuerId2[],fp(pk(skI2[])),h(authTuple(issuerId2[],fp(pk(skI2[])),ssetH[],algH[],verH[])),cvB[],plI_2),sign((BYTES,framed(OT_ATTEST,algH[],issuerId2[],fp(pk(skI2[])),h(authTuple(issuerId2[],fp(pk(skI2[])),ssetH[],algH[],verH[])),cvB[],plI_2)),skI2[]))))).

37. By 27, the attacker may know cvIw_4.
By 25, the attacker may know framed(OT_ATTEST,algH[],issuerId2[],fp(pk(skI2[])),h(authTuple(issuerId2[],fp(pk(skI2[])),ssetH[],algH[],verH[])),cvB[],plI_2).
By 16, the attacker may know sign((BYTES,framed(OT_ATTEST,algH[],issuerId2[],fp(pk(skI2[])),h(authTuple(issuerId2[],fp(pk(skI2[])),ssetH[],algH[],verH[])),cvB[],plI_2)),skI2[]).
Using the function 3-tuple the attacker may obtain (cvIw_4,framed(OT_ATTEST,algH[],issuerId2[],fp(pk(skI2[])),h(authTuple(issuerId2[],fp(pk(skI2[])),ssetH[],algH[],verH[])),cvB[],plI_2),sign((BYTES,framed(OT_ATTEST,algH[],issuerId2[],fp(pk(skI2[])),h(authTuple(issuerId2[],fp(pk(skI2[])),ssetH[],algH[],verH[])),cvB[],plI_2)),skI2[])).
attacker((cvIw_4,framed(OT_ATTEST,algH[],issuerId2[],fp(pk(skI2[])),h(authTuple(issuerId2[],fp(pk(skI2[])),ssetH[],algH[],verH[])),cvB[],plI_2),sign((BYTES,framed(OT_ATTEST,algH[],issuerId2[],fp(pk(skI2[])),h(authTuple(issuerId2[],fp(pk(skI2[])),ssetH[],algH[],verH[])),cvB[],plI_2)),skI2[]))).

38. The message (cvIw_4,framed(OT_ATTEST,algH[],issuerId2[],fp(pk(skI2[])),h(authTuple(issuerId2[],fp(pk(skI2[])),ssetH[],algH[],verH[])),cvB[],plI_2),sign((BYTES,framed(OT_ATTEST,algH[],issuerId2[],fp(pk(skI2[])),h(authTuple(issuerId2[],fp(pk(skI2[])),ssetH[],algH[],verH[])),cvB[],plI_2)),skI2[])) that the attacker may have by 37 may be received at input {109}.
So the message sign((BYTES,framed(OT_WRAPPER,algH[],idW2[],fp(pk(skW2[])),h(authTuple(idW2[],fp(pk(skW2[])),ssetH[],algH[],verH[])),cvA[],wrap(cvIw_4,(framed(OT_ATTEST,algH[],issuerId2[],fp(pk(skI2[])),h(authTuple(issuerId2[],fp(pk(skI2[])),ssetH[],algH[],verH[])),cvB[],plI_2),sign((BYTES,framed(OT_ATTEST,algH[],issuerId2[],fp(pk(skI2[])),h(authTuple(issuerId2[],fp(pk(skI2[])),ssetH[],algH[],verH[])),cvB[],plI_2)),skI2[]))))),skW2[]) may be sent to the attacker at output {116}.
attacker(sign((BYTES,framed(OT_WRAPPER,algH[],idW2[],fp(pk(skW2[])),h(authTuple(idW2[],fp(pk(skW2[])),ssetH[],algH[],verH[])),cvA[],wrap(cvIw_4,(framed(OT_ATTEST,algH[],issuerId2[],fp(pk(skI2[])),h(authTuple(issuerId2[],fp(pk(skI2[])),ssetH[],algH[],verH[])),cvB[],plI_2),sign((BYTES,framed(OT_ATTEST,algH[],issuerId2[],fp(pk(skI2[])),h(authTuple(issuerId2[],fp(pk(skI2[])),ssetH[],algH[],verH[])),cvB[],plI_2)),skI2[]))))),skW2[])).

39. The attacker has some term sgIn_3.
attacker(sgIn_3).

40. The attacker has some term fbIn_3.
attacker(fbIn_3).

41. The attacker has some term cvIw_5.
attacker(cvIw_5).

42. By 41, the attacker may know cvIw_5.
By 40, the attacker may know fbIn_3.
By 39, the attacker may know sgIn_3.
Using the function 3-tuple the attacker may obtain (cvIw_5,fbIn_3,sgIn_3).
attacker((cvIw_5,fbIn_3,sgIn_3)).

43. The message (cvIw_5,fbIn_3,sgIn_3) that the attacker may have by 42 may be received at input {109}.
So the message sign((POSS,authTuple(idW2[],fp(pk(skW2[])),ssetH[],algH[],verH[])),skW2[]) may be sent to the attacker at output {112}.
attacker(sign((POSS,authTuple(idW2[],fp(pk(skW2[])),ssetH[],algH[],verH[])),skW2[])).

44. By 13, the attacker may know STMT_DIGEST.
By 34, the attacker may know h(authTuple(idW2[],fp(pk(skW2[])),ssetH[],algH[],verH[])).
Using the function 2-tuple the attacker may obtain (STMT_DIGEST,h(authTuple(idW2[],fp(pk(skW2[])),ssetH[],algH[],verH[]))).
attacker((STMT_DIGEST,h(authTuple(idW2[],fp(pk(skW2[])),ssetH[],algH[],verH[])))).

45. By 44, the attacker may know (STMT_DIGEST,h(authTuple(idW2[],fp(pk(skW2[])),ssetH[],algH[],verH[]))).
By 5, the attacker may know skS[].
Using the function sign the attacker may obtain sign((STMT_DIGEST,h(authTuple(idW2[],fp(pk(skW2[])),ssetH[],algH[],verH[]))),skS[]).
attacker(sign((STMT_DIGEST,h(authTuple(idW2[],fp(pk(skW2[])),ssetH[],algH[],verH[]))),skS[])).

46. By 33, the attacker may know authTuple(idW2[],fp(pk(skW2[])),ssetH[],algH[],verH[]).
By 45, the attacker may know sign((STMT_DIGEST,h(authTuple(idW2[],fp(pk(skW2[])),ssetH[],algH[],verH[]))),skS[]).
By 30, the attacker may know pk(skW2[]).
By 43, the attacker may know sign((POSS,authTuple(idW2[],fp(pk(skW2[])),ssetH[],algH[],verH[])),skW2[]).
By 38, the attacker may know sign((BYTES,framed(OT_WRAPPER,algH[],idW2[],fp(pk(skW2[])),h(authTuple(idW2[],fp(pk(skW2[])),ssetH[],algH[],verH[])),cvA[],wrap(cvIw_4,(framed(OT_ATTEST,algH[],issuerId2[],fp(pk(skI2[])),h(authTuple(issuerId2[],fp(pk(skI2[])),ssetH[],algH[],verH[])),cvB[],plI_2),sign((BYTES,framed(OT_ATTEST,algH[],issuerId2[],fp(pk(skI2[])),h(authTuple(issuerId2[],fp(pk(skI2[])),ssetH[],algH[],verH[])),cvB[],plI_2)),skI2[]))))),skW2[]).
By 36, the attacker may know framed(OT_WRAPPER,algH[],idW2[],fp(pk(skW2[])),h(authTuple(idW2[],fp(pk(skW2[])),ssetH[],algH[],verH[])),cvA[],wrap(cvIw_4,(framed(OT_ATTEST,algH[],issuerId2[],fp(pk(skI2[])),h(authTuple(issuerId2[],fp(pk(skI2[])),ssetH[],algH[],verH[])),cvB[],plI_2),sign((BYTES,framed(OT_ATTEST,algH[],issuerId2[],fp(pk(skI2[])),h(authTuple(issuerId2[],fp(pk(skI2[])),ssetH[],algH[],verH[])),cvB[],plI_2)),skI2[])))).
By 11, the attacker may know authTuple(idX_1,kfprI_2,ssI_2,algH[],verI_2).
By 15, the attacker may know sign((STMT_DIGEST,h(authTuple(idX_1,kfprI_2,ssI_2,algH[],verI_2))),skS[]).
By 4, the attacker may know pk(skI2[]).
By 3, the attacker may know ppfI_4.
Using the function 10-tuple the attacker may obtain (authTuple(idW2[],fp(pk(skW2[])),ssetH[],algH[],verH[]),sign((STMT_DIGEST,h(authTuple(idW2[],fp(pk(skW2[])),ssetH[],algH[],verH[]))),skS[]),pk(skW2[]),sign((POSS,authTuple(idW2[],fp(pk(skW2[])),ssetH[],algH[],verH[])),skW2[]),sign((BYTES,framed(OT_WRAPPER,algH[],idW2[],fp(pk(skW2[])),h(authTuple(idW2[],fp(pk(skW2[])),ssetH[],algH[],verH[])),cvA[],wrap(cvIw_4,(framed(OT_ATTEST,algH[],issuerId2[],fp(pk(skI2[])),h(authTuple(issuerId2[],fp(pk(skI2[])),ssetH[],algH[],verH[])),cvB[],plI_2),sign((BYTES,framed(OT_ATTEST,algH[],issuerId2[],fp(pk(skI2[])),h(authTuple(issuerId2[],fp(pk(skI2[])),ssetH[],algH[],verH[])),cvB[],plI_2)),skI2[]))))),skW2[]),framed(OT_WRAPPER,algH[],idW2[],fp(pk(skW2[])),h(authTuple(idW2[],fp(pk(skW2[])),ssetH[],algH[],verH[])),cvA[],wrap(cvIw_4,(framed(OT_ATTEST,algH[],issuerId2[],fp(pk(skI2[])),h(authTuple(issuerId2[],fp(pk(skI2[])),ssetH[],algH[],verH[])),cvB[],plI_2),sign((BYTES,framed(OT_ATTEST,algH[],issuerId2[],fp(pk(skI2[])),h(authTuple(issuerId2[],fp(pk(skI2[])),ssetH[],algH[],verH[])),cvB[],plI_2)),skI2[])))),authTuple(idX_1,kfprI_2,ssI_2,algH[],verI_2),sign((STMT_DIGEST,h(authTuple(idX_1,kfprI_2,ssI_2,algH[],verI_2))),skS[]),pk(skI2[]),ppfI_4).
attacker((authTuple(idW2[],fp(pk(skW2[])),ssetH[],algH[],verH[]),sign((STMT_DIGEST,h(authTuple(idW2[],fp(pk(skW2[])),ssetH[],algH[],verH[]))),skS[]),pk(skW2[]),sign((POSS,authTuple(idW2[],fp(pk(skW2[])),ssetH[],algH[],verH[])),skW2[]),sign((BYTES,framed(OT_WRAPPER,algH[],idW2[],fp(pk(skW2[])),h(authTuple(idW2[],fp(pk(skW2[])),ssetH[],algH[],verH[])),cvA[],wrap(cvIw_4,(framed(OT_ATTEST,algH[],issuerId2[],fp(pk(skI2[])),h(authTuple(issuerId2[],fp(pk(skI2[])),ssetH[],algH[],verH[])),cvB[],plI_2),sign((BYTES,framed(OT_ATTEST,algH[],issuerId2[],fp(pk(skI2[])),h(authTuple(issuerId2[],fp(pk(skI2[])),ssetH[],algH[],verH[])),cvB[],plI_2)),skI2[]))))),skW2[]),framed(OT_WRAPPER,algH[],idW2[],fp(pk(skW2[])),h(authTuple(idW2[],fp(pk(skW2[])),ssetH[],algH[],verH[])),cvA[],wrap(cvIw_4,(framed(OT_ATTEST,algH[],issuerId2[],fp(pk(skI2[])),h(authTuple(issuerId2[],fp(pk(skI2[])),ssetH[],algH[],verH[])),cvB[],plI_2),sign((BYTES,framed(OT_ATTEST,algH[],issuerId2[],fp(pk(skI2[])),h(authTuple(issuerId2[],fp(pk(skI2[])),ssetH[],algH[],verH[])),cvB[],plI_2)),skI2[])))),authTuple(idX_1,kfprI_2,ssI_2,algH[],verI_2),sign((STMT_DIGEST,h(authTuple(idX_1,kfprI_2,ssI_2,algH[],verI_2))),skS[]),pk(skI2[]),ppfI_4)).

47. The message (authTuple(idW2[],fp(pk(skW2[])),ssetH[],algH[],verH[]),sign((STMT_DIGEST,h(authTuple(idW2[],fp(pk(skW2[])),ssetH[],algH[],verH[]))),skS[]),pk(skW2[]),sign((POSS,authTuple(idW2[],fp(pk(skW2[])),ssetH[],algH[],verH[])),skW2[]),sign((BYTES,framed(OT_WRAPPER,algH[],idW2[],fp(pk(skW2[])),h(authTuple(idW2[],fp(pk(skW2[])),ssetH[],algH[],verH[])),cvA[],wrap(cvIw_4,(framed(OT_ATTEST,algH[],issuerId2[],fp(pk(skI2[])),h(authTuple(issuerId2[],fp(pk(skI2[])),ssetH[],algH[],verH[])),cvB[],plI_2),sign((BYTES,framed(OT_ATTEST,algH[],issuerId2[],fp(pk(skI2[])),h(authTuple(issuerId2[],fp(pk(skI2[])),ssetH[],algH[],verH[])),cvB[],plI_2)),skI2[]))))),skW2[]),framed(OT_WRAPPER,algH[],idW2[],fp(pk(skW2[])),h(authTuple(idW2[],fp(pk(skW2[])),ssetH[],algH[],verH[])),cvA[],wrap(cvIw_4,(framed(OT_ATTEST,algH[],issuerId2[],fp(pk(skI2[])),h(authTuple(issuerId2[],fp(pk(skI2[])),ssetH[],algH[],verH[])),cvB[],plI_2),sign((BYTES,framed(OT_ATTEST,algH[],issuerId2[],fp(pk(skI2[])),h(authTuple(issuerId2[],fp(pk(skI2[])),ssetH[],algH[],verH[])),cvB[],plI_2)),skI2[])))),authTuple(idX_1,kfprI_2,ssI_2,algH[],verI_2),sign((STMT_DIGEST,h(authTuple(idX_1,kfprI_2,ssI_2,algH[],verI_2))),skS[]),pk(skI2[]),ppfI_4) that the attacker may have by 46 may be received at input {132}.
So the message (wctx(pk(skW2[]),idW2[],framed(OT_WRAPPER,algH[],idW2[],fp(pk(skW2[])),h(authTuple(idW2[],fp(pk(skW2[])),ssetH[],algH[],verH[])),cvA[],wrap(cvIw_4,(framed(OT_ATTEST,algH[],issuerId2[],fp(pk(skI2[])),h(authTuple(issuerId2[],fp(pk(skI2[])),ssetH[],algH[],verH[])),cvB[],plI_2),sign((BYTES,framed(OT_ATTEST,algH[],issuerId2[],fp(pk(skI2[])),h(authTuple(issuerId2[],fp(pk(skI2[])),ssetH[],algH[],verH[])),cvB[],plI_2)),skI2[]))))),pk(skI2[]),idX_1,framed(OT_ATTEST,algH[],issuerId2[],fp(pk(skI2[])),h(authTuple(issuerId2[],fp(pk(skI2[])),ssetH[],algH[],verH[])),cvB[],plI_2)) may be sent on channel scopeCh[] at output {150}.
mess(scopeCh[],(wctx(pk(skW2[]),idW2[],framed(OT_WRAPPER,algH[],idW2[],fp(pk(skW2[])),h(authTuple(idW2[],fp(pk(skW2[])),ssetH[],algH[],verH[])),cvA[],wrap(cvIw_4,(framed(OT_ATTEST,algH[],issuerId2[],fp(pk(skI2[])),h(authTuple(issuerId2[],fp(pk(skI2[])),ssetH[],algH[],verH[])),cvB[],plI_2),sign((BYTES,framed(OT_ATTEST,algH[],issuerId2[],fp(pk(skI2[])),h(authTuple(issuerId2[],fp(pk(skI2[])),ssetH[],algH[],verH[])),cvB[],plI_2)),skI2[]))))),pk(skI2[]),idX_1,framed(OT_ATTEST,algH[],issuerId2[],fp(pk(skI2[])),h(authTuple(issuerId2[],fp(pk(skI2[])),ssetH[],algH[],verH[])),cvB[],plI_2))).

48. The message (pk(skI2[]),issuerId2[],framed(OT_ATTEST,algH[],issuerId2[],fp(pk(skI2[])),h(authTuple(issuerId2[],fp(pk(skI2[])),ssetH[],algH[],verH[])),cvB[],plI_2)) that may be sent on channel honestInnerCh[] by 2 may be received at input {165}.
The message (wctx(pk(skW2[]),idW2[],framed(OT_WRAPPER,algH[],idW2[],fp(pk(skW2[])),h(authTuple(idW2[],fp(pk(skW2[])),ssetH[],algH[],verH[])),cvA[],wrap(cvIw_4,(framed(OT_ATTEST,algH[],issuerId2[],fp(pk(skI2[])),h(authTuple(issuerId2[],fp(pk(skI2[])),ssetH[],algH[],verH[])),cvB[],plI_2),sign((BYTES,framed(OT_ATTEST,algH[],issuerId2[],fp(pk(skI2[])),h(authTuple(issuerId2[],fp(pk(skI2[])),ssetH[],algH[],verH[])),cvB[],plI_2)),skI2[]))))),pk(skI2[]),idX_1,framed(OT_ATTEST,algH[],issuerId2[],fp(pk(skI2[])),h(authTuple(issuerId2[],fp(pk(skI2[])),ssetH[],algH[],verH[])),cvB[],plI_2)) that may be sent on channel scopeCh[] by 47 may be received at input {166}.
We have idX_1 ≠ issuerId2[].
So event Rescoped(pk(skI2[]),idX_1,pk(skI2[]),issuerId2[],framed(OT_ATTEST,algH[],issuerId2[],fp(pk(skI2[])),h(authTuple(issuerId2[],fp(pk(skI2[])),ssetH[],algH[],verH[])),cvB[],plI_2)) may be executed at {169}.
event(Rescoped(pk(skI2[]),idX_1,pk(skI2[]),issuerId2[],framed(OT_ATTEST,algH[],issuerId2[],fp(pk(skI2[])),h(authTuple(issuerId2[],fp(pk(skI2[])),ssetH[],algH[],verH[])),cvB[],plI_2))).

49. By 48, event(Rescoped(pk(skI2[]),idX_1,pk(skI2[]),issuerId2[],framed(OT_ATTEST,algH[],issuerId2[],fp(pk(skI2[])),h(authTuple(issuerId2[],fp(pk(skI2[])),ssetH[],algH[],verH[])),cvB[],plI_2))).
The goal is reached, represented in the following fact:
event(Rescoped(pk(skI2[]),idX_1,pk(skI2[]),issuerId2[],framed(OT_ATTEST,algH[],issuerId2[],fp(pk(skI2[])),h(authTuple(issuerId2[],fp(pk(skI2[])),ssetH[],algH[],verH[])),cvB[],plI_2))).


A more detailed output of the traces is available with
  set traceDisplay = long.

new skS: skey creating skS_5 at {1}

new skI1: skey creating skI1_1 at {2}

new skI2: skey creating skI2_1 at {3}

new skW1: skey creating skW1_1 at {4}

new skW2: skey creating skW2_1 at {5}

out(c, ~M) with ~M = pk(skS_5) at {10}

out(c, ~M_1) with ~M_1 = pk(skI1_1) at {11}

out(c, ~M_2) with ~M_2 = pk(skI2_1) at {12}

out(c, ~M_3) with ~M_3 = pk(skW1_1) at {13}

out(c, ~M_4) with ~M_4 = pk(skW2_1) at {14}

out(c, authTuple(~M_5,~M_6,~M_7,~M_8,~M_9)) with ~M_5 = issuerId, ~M_6 = fp(pk(skI1_1)), ~M_7 = ssetH, ~M_8 = algH, ~M_9 = verH at {15}

out(c, authTuple(~M_10,~M_11,~M_12,~M_13,~M_14)) with ~M_10 = issuerId2, ~M_11 = fp(pk(skI2_1)), ~M_12 = ssetH, ~M_13 = algH, ~M_14 = verH at {16}

out(c, authTuple(~M_15,~M_16,~M_17,~M_18,~M_19)) with ~M_15 = idW1, ~M_16 = fp(pk(skW1_1)), ~M_17 = ssetH, ~M_18 = algH, ~M_19 = verH at {17}

out(c, authTuple(~M_20,~M_21,~M_22,~M_23,~M_24)) with ~M_20 = idW2, ~M_21 = fp(pk(skW2_1)), ~M_22 = ssetH, ~M_23 = algH, ~M_24 = verH at {18}

out(c, ~M_25) with ~M_25 = skS_5 at {19}

in(c, a) at {68} in copy a_1

event IssuerPossession(pk(skI2_1)) at {69} in copy a_1

out(c, ~M_26) with ~M_26 = sign((POSS,authTuple(issuerId2,fp(pk(skI2_1)),ssetH,algH,verH)),skI2_1) at {71} in copy a_1

event IssuerSigned(pk(skI2_1),framed(OT_ATTEST,algH,issuerId2,fp(pk(skI2_1)),h(authTuple(issuerId2,fp(pk(skI2_1)),ssetH,algH,verH)),cvB,a)) at {74} in copy a_1

out(c, ~M_27) with ~M_27 = sign((BYTES,framed(OT_ATTEST,algH,issuerId2,fp(pk(skI2_1)),h(authTuple(issuerId2,fp(pk(skI2_1)),ssetH,algH,verH)),cvB,a)),skI2_1) at {79} in copy a_1

in(c, a) at {68} in copy a_2

event IssuerPossession(pk(skI2_1)) at {69} in copy a_2

out(c, ~M_28) with ~M_28 = sign((POSS,authTuple(issuerId2,fp(pk(skI2_1)),ssetH,algH,verH)),skI2_1) at {71} in copy a_2

event IssuerSigned(pk(skI2_1),framed(OT_ATTEST,algH,issuerId2,fp(pk(skI2_1)),h(authTuple(issuerId2,fp(pk(skI2_1)),ssetH,algH,verH)),cvB,a)) at {74} in copy a_2

out(c, ~M_29) with ~M_29 = sign((BYTES,framed(OT_ATTEST,algH,issuerId2,fp(pk(skI2_1)),h(authTuple(issuerId2,fp(pk(skI2_1)),ssetH,algH,verH)),cvB,a)),skI2_1) at {79} in copy a_2

in(c, (a_3,a_4,a_5)) at {109} in copy a_6

event IssuerPossession(pk(skW2_1)) at {110} in copy a_6

out(c, ~M_30) with ~M_30 = sign((POSS,authTuple(idW2,fp(pk(skW2_1)),ssetH,algH,verH)),skW2_1) at {112} in copy a_6

event IssuerSigned(pk(skW2_1),framed(OT_WRAPPER,algH,idW2,fp(pk(skW2_1)),h(authTuple(idW2,fp(pk(skW2_1)),ssetH,algH,verH)),cvA,wrap(a_3,(a_4,a_5)))) at {114} in copy a_6

out(c, ~M_31) with ~M_31 = sign((BYTES,framed(OT_WRAPPER,algH,idW2,fp(pk(skW2_1)),h(authTuple(idW2,fp(pk(skW2_1)),ssetH,algH,verH)),cvA,wrap(a_3,(a_4,a_5)))),skW2_1) at {116} in copy a_6

in(c, (a_7,framed(OT_ATTEST,algH,issuerId2,fp(~M_2),h(authTuple(issuerId2,fp(~M_2),ssetH,algH,verH)),cvB,a),~M_27)) with fp(~M_2) = fp(pk(skI2_1)), h(authTuple(issuerId2,fp(~M_2),ssetH,algH,verH)) = h(authTuple(issuerId2,fp(pk(skI2_1)),ssetH,algH,verH)), ~M_27 = sign((BYTES,framed(OT_ATTEST,algH,issuerId2,fp(pk(skI2_1)),h(authTuple(issuerId2,fp(pk(skI2_1)),ssetH,algH,verH)),cvB,a)),skI2_1) at {109} in copy a_8

event IssuerPossession(pk(skW2_1)) at {110} in copy a_8

out(c, ~M_32) with ~M_32 = sign((POSS,authTuple(idW2,fp(pk(skW2_1)),ssetH,algH,verH)),skW2_1) at {112} in copy a_8

event IssuerSigned(pk(skW2_1),framed(OT_WRAPPER,algH,idW2,fp(pk(skW2_1)),h(authTuple(idW2,fp(pk(skW2_1)),ssetH,algH,verH)),cvA,wrap(a_7,(framed(OT_ATTEST,algH,issuerId2,fp(pk(skI2_1)),h(authTuple(issuerId2,fp(pk(skI2_1)),ssetH,algH,verH)),cvB,a),sign((BYTES,framed(OT_ATTEST,algH,issuerId2,fp(pk(skI2_1)),h(authTuple(issuerId2,fp(pk(skI2_1)),ssetH,algH,verH)),cvB,a)),skI2_1))))) at {114} in copy a_8

out(c, ~M_33) with ~M_33 = sign((BYTES,framed(OT_WRAPPER,algH,idW2,fp(pk(skW2_1)),h(authTuple(idW2,fp(pk(skW2_1)),ssetH,algH,verH)),cvA,wrap(a_7,(framed(OT_ATTEST,algH,issuerId2,fp(pk(skI2_1)),h(authTuple(issuerId2,fp(pk(skI2_1)),ssetH,algH,verH)),cvB,a),sign((BYTES,framed(OT_ATTEST,algH,issuerId2,fp(pk(skI2_1)),h(authTuple(issuerId2,fp(pk(skI2_1)),ssetH,algH,verH)),cvB,a)),skI2_1))))),skW2_1) at {116} in copy a_8

in(c, (authTuple(idW2,fp(~M_4),ssetH,algH,verH),sign((STMT_DIGEST,h(authTuple(idW2,fp(~M_4),ssetH,algH,verH))),~M_25),~M_4,~M_30,~M_33,framed(OT_WRAPPER,algH,idW2,fp(~M_4),h(authTuple(idW2,fp(~M_4),ssetH,algH,verH)),cvA,wrap(a_7,(framed(OT_ATTEST,algH,issuerId2,fp(~M_2),h(authTuple(issuerId2,fp(~M_2),ssetH,algH,verH)),cvB,a),~M_27))),authTuple(a_9,a_10,a_11,algH,a_12),sign((STMT_DIGEST,h(authTuple(a_9,a_10,a_11,algH,a_12))),~M_25),~M_2,a_13)) with fp(~M_4) = fp(pk(skW2_1)), sign((STMT_DIGEST,h(authTuple(idW2,fp(~M_4),ssetH,algH,verH))),~M_25) = sign((STMT_DIGEST,h(authTuple(idW2,fp(pk(skW2_1)),ssetH,algH,verH))),skS_5), ~M_4 = pk(skW2_1), ~M_30 = sign((POSS,authTuple(idW2,fp(pk(skW2_1)),ssetH,algH,verH)),skW2_1), ~M_33 = sign((BYTES,framed(OT_WRAPPER,algH,idW2,fp(pk(skW2_1)),h(authTuple(idW2,fp(pk(skW2_1)),ssetH,algH,verH)),cvA,wrap(a_7,(framed(OT_ATTEST,algH,issuerId2,fp(pk(skI2_1)),h(authTuple(issuerId2,fp(pk(skI2_1)),ssetH,algH,verH)),cvB,a),sign((BYTES,framed(OT_ATTEST,algH,issuerId2,fp(pk(skI2_1)),h(authTuple(issuerId2,fp(pk(skI2_1)),ssetH,algH,verH)),cvB,a)),skI2_1))))),skW2_1), fp(~M_4) = fp(pk(skW2_1)), h(authTuple(idW2,fp(~M_4),ssetH,algH,verH)) = h(authTuple(idW2,fp(pk(skW2_1)),ssetH,algH,verH)), fp(~M_2) = fp(pk(skI2_1)), h(authTuple(issuerId2,fp(~M_2),ssetH,algH,verH)) = h(authTuple(issuerId2,fp(pk(skI2_1)),ssetH,algH,verH)), ~M_27 = sign((BYTES,framed(OT_ATTEST,algH,issuerId2,fp(pk(skI2_1)),h(authTuple(issuerId2,fp(pk(skI2_1)),ssetH,algH,verH)),cvB,a)),skI2_1), sign((STMT_DIGEST,h(authTuple(a_9,a_10,a_11,algH,a_12))),~M_25) = sign((STMT_DIGEST,h(authTuple(a_9,a_10,a_11,algH,a_12))),skS_5), ~M_2 = pk(skI2_1) at {132} in copy a_14

event AcceptOuter(pk(skW2_1),idW2,framed(OT_WRAPPER,algH,idW2,fp(pk(skW2_1)),h(authTuple(idW2,fp(pk(skW2_1)),ssetH,algH,verH)),cvA,wrap(a_7,(framed(OT_ATTEST,algH,issuerId2,fp(pk(skI2_1)),h(authTuple(issuerId2,fp(pk(skI2_1)),ssetH,algH,verH)),cvB,a),sign((BYTES,framed(OT_ATTEST,algH,issuerId2,fp(pk(skI2_1)),h(authTuple(issuerId2,fp(pk(skI2_1)),ssetH,algH,verH)),cvB,a)),skI2_1))))) at {140} in copy a_14

event AcceptInner(wctx(pk(skW2_1),idW2,framed(OT_WRAPPER,algH,idW2,fp(pk(skW2_1)),h(authTuple(idW2,fp(pk(skW2_1)),ssetH,algH,verH)),cvA,wrap(a_7,(framed(OT_ATTEST,algH,issuerId2,fp(pk(skI2_1)),h(authTuple(issuerId2,fp(pk(skI2_1)),ssetH,algH,verH)),cvB,a),sign((BYTES,framed(OT_ATTEST,algH,issuerId2,fp(pk(skI2_1)),h(authTuple(issuerId2,fp(pk(skI2_1)),ssetH,algH,verH)),cvB,a)),skI2_1))))),pk(skI2_1),a_9,framed(OT_ATTEST,algH,issuerId2,fp(pk(skI2_1)),h(authTuple(issuerId2,fp(pk(skI2_1)),ssetH,algH,verH)),cvB,a)) at {147} in copy a_14

out(honestInnerCh, (pk(skI2_1),issuerId2,framed(OT_ATTEST,algH,issuerId2,fp(pk(skI2_1)),h(authTuple(issuerId2,fp(pk(skI2_1)),ssetH,algH,verH)),cvB,a))) at {77} in copy a_1 received at {165} in copy a_15

out(scopeCh, (wctx(pk(skW2_1),idW2,framed(OT_WRAPPER,algH,idW2,fp(pk(skW2_1)),h(authTuple(idW2,fp(pk(skW2_1)),ssetH,algH,verH)),cvA,wrap(a_7,(framed(OT_ATTEST,algH,issuerId2,fp(pk(skI2_1)),h(authTuple(issuerId2,fp(pk(skI2_1)),ssetH,algH,verH)),cvB,a),sign((BYTES,framed(OT_ATTEST,algH,issuerId2,fp(pk(skI2_1)),h(authTuple(issuerId2,fp(pk(skI2_1)),ssetH,algH,verH)),cvB,a)),skI2_1))))),pk(skI2_1),a_9,framed(OT_ATTEST,algH,issuerId2,fp(pk(skI2_1)),h(authTuple(issuerId2,fp(pk(skI2_1)),ssetH,algH,verH)),cvB,a))) at {150} in copy a_14 received at {166} in copy a_15

event Rescoped(pk(skI2_1),a_9,pk(skI2_1),issuerId2,framed(OT_ATTEST,algH,issuerId2,fp(pk(skI2_1)),h(authTuple(issuerId2,fp(pk(skI2_1)),ssetH,algH,verH)),cvB,a)) at {169} in copy a_15 (goal)

The event Rescoped(pk(skI2_1),a_9,pk(skI2_1),issuerId2,framed(OT_ATTEST,algH,issuerId2,fp(pk(skI2_1)),h(authTuple(issuerId2,fp(pk(skI2_1)),ssetH,algH,verH)),cvB,a)) is executed at {169} in copy a_15.
A trace has been found.
RESULT not event(Rescoped(kX_1,idX_1,kH_3,idH_1,fb)) is false.
-- Query not event(InnerSigTransplanted(kX_1,s)) in process 1.
Translating the process into Horn clauses...
Completing...
200 rules inserted. Base: 156 rules (77 with conclusion selected). Queue: 35 rules.
400 rules inserted. Base: 196 rules (81 with conclusion selected). Queue: 92 rules.
600 rules inserted. Base: 247 rules (93 with conclusion selected). Queue: 72 rules.
800 rules inserted. Base: 214 rules (93 with conclusion selected). Queue: 59 rules.
Starting query not event(InnerSigTransplanted(kX_1,s))
RESULT not event(InnerSigTransplanted(kX_1,s)) is true.
-- Query not event(Reattributed(kX_1,kH_3,fb)) in process 1.
Translating the process into Horn clauses...
Completing...
200 rules inserted. Base: 156 rules (77 with conclusion selected). Queue: 35 rules.
400 rules inserted. Base: 196 rules (79 with conclusion selected). Queue: 93 rules.
600 rules inserted. Base: 252 rules (93 with conclusion selected). Queue: 75 rules.
800 rules inserted. Base: 219 rules (93 with conclusion selected). Queue: 63 rules.
Starting query not event(Reattributed(kX_1,kH_3,fb))
RESULT not event(Reattributed(kX_1,kH_3,fb)) is true.
-- Query not event(HonestWrappedAccepted(kH_3,fb,kW_3)) in process 1.
Translating the process into Horn clauses...
Completing...
200 rules inserted. Base: 156 rules (77 with conclusion selected). Queue: 35 rules.
400 rules inserted. Base: 196 rules (79 with conclusion selected). Queue: 92 rules.
600 rules inserted. Base: 248 rules (93 with conclusion selected). Queue: 72 rules.
800 rules inserted. Base: 213 rules (93 with conclusion selected). Queue: 60 rules.
Starting query not event(HonestWrappedAccepted(kH_3,fb,kW_3))
goal reachable: attacker(k) && attacker(plI_2) -> event(HonestWrappedAccepted(pk(skI2[]),framed(OT_ATTEST,algH[],issuerId2[],fp(pk(skI2[])),h(authTuple(issuerId2[],fp(pk(skI2[])),ssetH[],algH[],verH[])),cvB[],plI_2),pk(k)))

Derivation:

1. We assume as hypothesis that
attacker(plI_2).

2. The message plI_2 that the attacker may have by 1 may be received at input {68}.
So the message (pk(skI2[]),issuerId2[],framed(OT_ATTEST,algH[],issuerId2[],fp(pk(skI2[])),h(authTuple(issuerId2[],fp(pk(skI2[])),ssetH[],algH[],verH[])),cvB[],plI_2)) may be sent on channel honestInnerCh[] at output {77}.
mess(honestInnerCh[],(pk(skI2[]),issuerId2[],framed(OT_ATTEST,algH[],issuerId2[],fp(pk(skI2[])),h(authTuple(issuerId2[],fp(pk(skI2[])),ssetH[],algH[],verH[])),cvB[],plI_2))).

3. The attacker has some term ppfI_4.
attacker(ppfI_4).

4. The message pk(skI2[]) may be sent to the attacker at output {12}.
attacker(pk(skI2[])).

5. The message skS[] may be sent to the attacker at output {19}.
attacker(skS[]).

6. The attacker has some term verI_2.
attacker(verI_2).

7. The attacker initially knows algH[].
attacker(algH[]).

8. The attacker has some term ssI_2.
attacker(ssI_2).

9. The attacker has some term kfprI_2.
attacker(kfprI_2).

10. The attacker initially knows issuerId2[].
attacker(issuerId2[]).

11. By 10, the attacker may know issuerId2[].
By 9, the attacker may know kfprI_2.
By 8, the attacker may know ssI_2.
By 7, the attacker may know algH[].
By 6, the attacker may know verI_2.
Using the function authTuple the attacker may obtain authTuple(issuerId2[],kfprI_2,ssI_2,algH[],verI_2).
attacker(authTuple(issuerId2[],kfprI_2,ssI_2,algH[],verI_2)).

12. By 11, the attacker may know authTuple(issuerId2[],kfprI_2,ssI_2,algH[],verI_2).
Using the function h the attacker may obtain h(authTuple(issuerId2[],kfprI_2,ssI_2,algH[],verI_2)).
attacker(h(authTuple(issuerId2[],kfprI_2,ssI_2,algH[],verI_2))).

13. Using the function STMT_DIGEST the attacker may obtain STMT_DIGEST.
attacker(STMT_DIGEST).

14. By 13, the attacker may know STMT_DIGEST.
By 12, the attacker may know h(authTuple(issuerId2[],kfprI_2,ssI_2,algH[],verI_2)).
Using the function 2-tuple the attacker may obtain (STMT_DIGEST,h(authTuple(issuerId2[],kfprI_2,ssI_2,algH[],verI_2))).
attacker((STMT_DIGEST,h(authTuple(issuerId2[],kfprI_2,ssI_2,algH[],verI_2)))).

15. By 14, the attacker may know (STMT_DIGEST,h(authTuple(issuerId2[],kfprI_2,ssI_2,algH[],verI_2))).
By 5, the attacker may know skS[].
Using the function sign the attacker may obtain sign((STMT_DIGEST,h(authTuple(issuerId2[],kfprI_2,ssI_2,algH[],verI_2))),skS[]).
attacker(sign((STMT_DIGEST,h(authTuple(issuerId2[],kfprI_2,ssI_2,algH[],verI_2))),skS[])).

16. The message plI_2 that the attacker may have by 1 may be received at input {68}.
So the message sign((BYTES,framed(OT_ATTEST,algH[],issuerId2[],fp(pk(skI2[])),h(authTuple(issuerId2[],fp(pk(skI2[])),ssetH[],algH[],verH[])),cvB[],plI_2)),skI2[]) may be sent to the attacker at output {79}.
attacker(sign((BYTES,framed(OT_ATTEST,algH[],issuerId2[],fp(pk(skI2[])),h(authTuple(issuerId2[],fp(pk(skI2[])),ssetH[],algH[],verH[])),cvB[],plI_2)),skI2[])).

17. The attacker initially knows cvB[].
attacker(cvB[]).

18. The attacker initially knows verH[].
attacker(verH[]).

19. The attacker initially knows ssetH[].
attacker(ssetH[]).

20. By 4, the attacker may know pk(skI2[]).
Using the function fp the attacker may obtain fp(pk(skI2[])).
attacker(fp(pk(skI2[]))).

21. By 10, the attacker may know issuerId2[].
By 20, the attacker may know fp(pk(skI2[])).
By 19, the attacker may know ssetH[].
By 7, the attacker may know algH[].
By 18, the attacker may know verH[].
Using the function authTuple the attacker may obtain authTuple(issuerId2[],fp(pk(skI2[])),ssetH[],algH[],verH[]).
attacker(authTuple(issuerId2[],fp(pk(skI2[])),ssetH[],algH[],verH[])).

22. By 21, the attacker may know authTuple(issuerId2[],fp(pk(skI2[])),ssetH[],algH[],verH[]).
Using the function h the attacker may obtain h(authTuple(issuerId2[],fp(pk(skI2[])),ssetH[],algH[],verH[])).
attacker(h(authTuple(issuerId2[],fp(pk(skI2[])),ssetH[],algH[],verH[]))).

23. Using the function OT_ATTEST the attacker may obtain OT_ATTEST.
attacker(OT_ATTEST).

24. By 23, the attacker may know OT_ATTEST.
By 7, the attacker may know algH[].
By 10, the attacker may know issuerId2[].
By 20, the attacker may know fp(pk(skI2[])).
By 22, the attacker may know h(authTuple(issuerId2[],fp(pk(skI2[])),ssetH[],algH[],verH[])).
By 17, the attacker may know cvB[].
By 1, the attacker may know plI_2.
Using the function framed the attacker may obtain framed(OT_ATTEST,algH[],issuerId2[],fp(pk(skI2[])),h(authTuple(issuerId2[],fp(pk(skI2[])),ssetH[],algH[],verH[])),cvB[],plI_2).
attacker(framed(OT_ATTEST,algH[],issuerId2[],fp(pk(skI2[])),h(authTuple(issuerId2[],fp(pk(skI2[])),ssetH[],algH[],verH[])),cvB[],plI_2)).

25. By 24, the attacker may know framed(OT_ATTEST,algH[],issuerId2[],fp(pk(skI2[])),h(authTuple(issuerId2[],fp(pk(skI2[])),ssetH[],algH[],verH[])),cvB[],plI_2).
By 16, the attacker may know sign((BYTES,framed(OT_ATTEST,algH[],issuerId2[],fp(pk(skI2[])),h(authTuple(issuerId2[],fp(pk(skI2[])),ssetH[],algH[],verH[])),cvB[],plI_2)),skI2[]).
Using the function 2-tuple the attacker may obtain (framed(OT_ATTEST,algH[],issuerId2[],fp(pk(skI2[])),h(authTuple(issuerId2[],fp(pk(skI2[])),ssetH[],algH[],verH[])),cvB[],plI_2),sign((BYTES,framed(OT_ATTEST,algH[],issuerId2[],fp(pk(skI2[])),h(authTuple(issuerId2[],fp(pk(skI2[])),ssetH[],algH[],verH[])),cvB[],plI_2)),skI2[])).
attacker((framed(OT_ATTEST,algH[],issuerId2[],fp(pk(skI2[])),h(authTuple(issuerId2[],fp(pk(skI2[])),ssetH[],algH[],verH[])),cvB[],plI_2),sign((BYTES,framed(OT_ATTEST,algH[],issuerId2[],fp(pk(skI2[])),h(authTuple(issuerId2[],fp(pk(skI2[])),ssetH[],algH[],verH[])),cvB[],plI_2)),skI2[]))).

26. The attacker has some term cvIw_4.
attacker(cvIw_4).

27. By 26, the attacker may know cvIw_4.
By 25, the attacker may know (framed(OT_ATTEST,algH[],issuerId2[],fp(pk(skI2[])),h(authTuple(issuerId2[],fp(pk(skI2[])),ssetH[],algH[],verH[])),cvB[],plI_2),sign((BYTES,framed(OT_ATTEST,algH[],issuerId2[],fp(pk(skI2[])),h(authTuple(issuerId2[],fp(pk(skI2[])),ssetH[],algH[],verH[])),cvB[],plI_2)),skI2[])).
Using the function wrap the attacker may obtain wrap(cvIw_4,(framed(OT_ATTEST,algH[],issuerId2[],fp(pk(skI2[])),h(authTuple(issuerId2[],fp(pk(skI2[])),ssetH[],algH[],verH[])),cvB[],plI_2),sign((BYTES,framed(OT_ATTEST,algH[],issuerId2[],fp(pk(skI2[])),h(authTuple(issuerId2[],fp(pk(skI2[])),ssetH[],algH[],verH[])),cvB[],plI_2)),skI2[]))).
attacker(wrap(cvIw_4,(framed(OT_ATTEST,algH[],issuerId2[],fp(pk(skI2[])),h(authTuple(issuerId2[],fp(pk(skI2[])),ssetH[],algH[],verH[])),cvB[],plI_2),sign((BYTES,framed(OT_ATTEST,algH[],issuerId2[],fp(pk(skI2[])),h(authTuple(issuerId2[],fp(pk(skI2[])),ssetH[],algH[],verH[])),cvB[],plI_2)),skI2[])))).

28. The attacker has some term cvW_4.
attacker(cvW_4).

29. The attacker has some term verW_1.
attacker(verW_1).

30. The attacker has some term algW_1.
attacker(algW_1).

31. The attacker has some term ssW_1.
attacker(ssW_1).

32. We assume as hypothesis that
attacker(k).

33. By 32, the attacker may know k.
Using the function pk the attacker may obtain pk(k).
attacker(pk(k)).

34. By 33, the attacker may know pk(k).
Using the function fp the attacker may obtain fp(pk(k)).
attacker(fp(pk(k))).

35. The attacker has some term idW_6.
attacker(idW_6).

36. By 35, the attacker may know idW_6.
By 34, the attacker may know fp(pk(k)).
By 31, the attacker may know ssW_1.
By 30, the attacker may know algW_1.
By 29, the attacker may know verW_1.
Using the function authTuple the attacker may obtain authTuple(idW_6,fp(pk(k)),ssW_1,algW_1,verW_1).
attacker(authTuple(idW_6,fp(pk(k)),ssW_1,algW_1,verW_1)).

37. By 36, the attacker may know authTuple(idW_6,fp(pk(k)),ssW_1,algW_1,verW_1).
Using the function h the attacker may obtain h(authTuple(idW_6,fp(pk(k)),ssW_1,algW_1,verW_1)).
attacker(h(authTuple(idW_6,fp(pk(k)),ssW_1,algW_1,verW_1))).

38. Using the function OT_WRAPPER the attacker may obtain OT_WRAPPER.
attacker(OT_WRAPPER).

39. By 38, the attacker may know OT_WRAPPER.
By 30, the attacker may know algW_1.
By 35, the attacker may know idW_6.
By 34, the attacker may know fp(pk(k)).
By 37, the attacker may know h(authTuple(idW_6,fp(pk(k)),ssW_1,algW_1,verW_1)).
By 28, the attacker may know cvW_4.
By 27, the attacker may know wrap(cvIw_4,(framed(OT_ATTEST,algH[],issuerId2[],fp(pk(skI2[])),h(authTuple(issuerId2[],fp(pk(skI2[])),ssetH[],algH[],verH[])),cvB[],plI_2),sign((BYTES,framed(OT_ATTEST,algH[],issuerId2[],fp(pk(skI2[])),h(authTuple(issuerId2[],fp(pk(skI2[])),ssetH[],algH[],verH[])),cvB[],plI_2)),skI2[]))).
Using the function framed the attacker may obtain framed(OT_WRAPPER,algW_1,idW_6,fp(pk(k)),h(authTuple(idW_6,fp(pk(k)),ssW_1,algW_1,verW_1)),cvW_4,wrap(cvIw_4,(framed(OT_ATTEST,algH[],issuerId2[],fp(pk(skI2[])),h(authTuple(issuerId2[],fp(pk(skI2[])),ssetH[],algH[],verH[])),cvB[],plI_2),sign((BYTES,framed(OT_ATTEST,algH[],issuerId2[],fp(pk(skI2[])),h(authTuple(issuerId2[],fp(pk(skI2[])),ssetH[],algH[],verH[])),cvB[],plI_2)),skI2[])))).
attacker(framed(OT_WRAPPER,algW_1,idW_6,fp(pk(k)),h(authTuple(idW_6,fp(pk(k)),ssW_1,algW_1,verW_1)),cvW_4,wrap(cvIw_4,(framed(OT_ATTEST,algH[],issuerId2[],fp(pk(skI2[])),h(authTuple(issuerId2[],fp(pk(skI2[])),ssetH[],algH[],verH[])),cvB[],plI_2),sign((BYTES,framed(OT_ATTEST,algH[],issuerId2[],fp(pk(skI2[])),h(authTuple(issuerId2[],fp(pk(skI2[])),ssetH[],algH[],verH[])),cvB[],plI_2)),skI2[]))))).

40. Using the function BYTES the attacker may obtain BYTES.
attacker(BYTES).

41. By 40, the attacker may know BYTES.
By 39, the attacker may know framed(OT_WRAPPER,algW_1,idW_6,fp(pk(k)),h(authTuple(idW_6,fp(pk(k)),ssW_1,algW_1,verW_1)),cvW_4,wrap(cvIw_4,(framed(OT_ATTEST,algH[],issuerId2[],fp(pk(skI2[])),h(authTuple(issuerId2[],fp(pk(skI2[])),ssetH[],algH[],verH[])),cvB[],plI_2),sign((BYTES,framed(OT_ATTEST,algH[],issuerId2[],fp(pk(skI2[])),h(authTuple(issuerId2[],fp(pk(skI2[])),ssetH[],algH[],verH[])),cvB[],plI_2)),skI2[])))).
Using the function 2-tuple the attacker may obtain (BYTES,framed(OT_WRAPPER,algW_1,idW_6,fp(pk(k)),h(authTuple(idW_6,fp(pk(k)),ssW_1,algW_1,verW_1)),cvW_4,wrap(cvIw_4,(framed(OT_ATTEST,algH[],issuerId2[],fp(pk(skI2[])),h(authTuple(issuerId2[],fp(pk(skI2[])),ssetH[],algH[],verH[])),cvB[],plI_2),sign((BYTES,framed(OT_ATTEST,algH[],issuerId2[],fp(pk(skI2[])),h(authTuple(issuerId2[],fp(pk(skI2[])),ssetH[],algH[],verH[])),cvB[],plI_2)),skI2[]))))).
attacker((BYTES,framed(OT_WRAPPER,algW_1,idW_6,fp(pk(k)),h(authTuple(idW_6,fp(pk(k)),ssW_1,algW_1,verW_1)),cvW_4,wrap(cvIw_4,(framed(OT_ATTEST,algH[],issuerId2[],fp(pk(skI2[])),h(authTuple(issuerId2[],fp(pk(skI2[])),ssetH[],algH[],verH[])),cvB[],plI_2),sign((BYTES,framed(OT_ATTEST,algH[],issuerId2[],fp(pk(skI2[])),h(authTuple(issuerId2[],fp(pk(skI2[])),ssetH[],algH[],verH[])),cvB[],plI_2)),skI2[])))))).

42. By 41, the attacker may know (BYTES,framed(OT_WRAPPER,algW_1,idW_6,fp(pk(k)),h(authTuple(idW_6,fp(pk(k)),ssW_1,algW_1,verW_1)),cvW_4,wrap(cvIw_4,(framed(OT_ATTEST,algH[],issuerId2[],fp(pk(skI2[])),h(authTuple(issuerId2[],fp(pk(skI2[])),ssetH[],algH[],verH[])),cvB[],plI_2),sign((BYTES,framed(OT_ATTEST,algH[],issuerId2[],fp(pk(skI2[])),h(authTuple(issuerId2[],fp(pk(skI2[])),ssetH[],algH[],verH[])),cvB[],plI_2)),skI2[]))))).
By 32, the attacker may know k.
Using the function sign the attacker may obtain sign((BYTES,framed(OT_WRAPPER,algW_1,idW_6,fp(pk(k)),h(authTuple(idW_6,fp(pk(k)),ssW_1,algW_1,verW_1)),cvW_4,wrap(cvIw_4,(framed(OT_ATTEST,algH[],issuerId2[],fp(pk(skI2[])),h(authTuple(issuerId2[],fp(pk(skI2[])),ssetH[],algH[],verH[])),cvB[],plI_2),sign((BYTES,framed(OT_ATTEST,algH[],issuerId2[],fp(pk(skI2[])),h(authTuple(issuerId2[],fp(pk(skI2[])),ssetH[],algH[],verH[])),cvB[],plI_2)),skI2[]))))),k).
attacker(sign((BYTES,framed(OT_WRAPPER,algW_1,idW_6,fp(pk(k)),h(authTuple(idW_6,fp(pk(k)),ssW_1,algW_1,verW_1)),cvW_4,wrap(cvIw_4,(framed(OT_ATTEST,algH[],issuerId2[],fp(pk(skI2[])),h(authTuple(issuerId2[],fp(pk(skI2[])),ssetH[],algH[],verH[])),cvB[],plI_2),sign((BYTES,framed(OT_ATTEST,algH[],issuerId2[],fp(pk(skI2[])),h(authTuple(issuerId2[],fp(pk(skI2[])),ssetH[],algH[],verH[])),cvB[],plI_2)),skI2[]))))),k)).

43. Using the function POSS the attacker may obtain POSS.
attacker(POSS).

44. By 43, the attacker may know POSS.
By 36, the attacker may know authTuple(idW_6,fp(pk(k)),ssW_1,algW_1,verW_1).
Using the function 2-tuple the attacker may obtain (POSS,authTuple(idW_6,fp(pk(k)),ssW_1,algW_1,verW_1)).
attacker((POSS,authTuple(idW_6,fp(pk(k)),ssW_1,algW_1,verW_1))).

45. By 44, the attacker may know (POSS,authTuple(idW_6,fp(pk(k)),ssW_1,algW_1,verW_1)).
By 32, the attacker may know k.
Using the function sign the attacker may obtain sign((POSS,authTuple(idW_6,fp(pk(k)),ssW_1,algW_1,verW_1)),k).
attacker(sign((POSS,authTuple(idW_6,fp(pk(k)),ssW_1,algW_1,verW_1)),k)).

46. By 13, the attacker may know STMT_DIGEST.
By 37, the attacker may know h(authTuple(idW_6,fp(pk(k)),ssW_1,algW_1,verW_1)).
Using the function 2-tuple the attacker may obtain (STMT_DIGEST,h(authTuple(idW_6,fp(pk(k)),ssW_1,algW_1,verW_1))).
attacker((STMT_DIGEST,h(authTuple(idW_6,fp(pk(k)),ssW_1,algW_1,verW_1)))).

47. By 46, the attacker may know (STMT_DIGEST,h(authTuple(idW_6,fp(pk(k)),ssW_1,algW_1,verW_1))).
By 5, the attacker may know skS[].
Using the function sign the attacker may obtain sign((STMT_DIGEST,h(authTuple(idW_6,fp(pk(k)),ssW_1,algW_1,verW_1))),skS[]).
attacker(sign((STMT_DIGEST,h(authTuple(idW_6,fp(pk(k)),ssW_1,algW_1,verW_1))),skS[])).

48. By 36, the attacker may know authTuple(idW_6,fp(pk(k)),ssW_1,algW_1,verW_1).
By 47, the attacker may know sign((STMT_DIGEST,h(authTuple(idW_6,fp(pk(k)),ssW_1,algW_1,verW_1))),skS[]).
By 33, the attacker may know pk(k).
By 45, the attacker may know sign((POSS,authTuple(idW_6,fp(pk(k)),ssW_1,algW_1,verW_1)),k).
By 42, the attacker may know sign((BYTES,framed(OT_WRAPPER,algW_1,idW_6,fp(pk(k)),h(authTuple(idW_6,fp(pk(k)),ssW_1,algW_1,verW_1)),cvW_4,wrap(cvIw_4,(framed(OT_ATTEST,algH[],issuerId2[],fp(pk(skI2[])),h(authTuple(issuerId2[],fp(pk(skI2[])),ssetH[],algH[],verH[])),cvB[],plI_2),sign((BYTES,framed(OT_ATTEST,algH[],issuerId2[],fp(pk(skI2[])),h(authTuple(issuerId2[],fp(pk(skI2[])),ssetH[],algH[],verH[])),cvB[],plI_2)),skI2[]))))),k).
By 39, the attacker may know framed(OT_WRAPPER,algW_1,idW_6,fp(pk(k)),h(authTuple(idW_6,fp(pk(k)),ssW_1,algW_1,verW_1)),cvW_4,wrap(cvIw_4,(framed(OT_ATTEST,algH[],issuerId2[],fp(pk(skI2[])),h(authTuple(issuerId2[],fp(pk(skI2[])),ssetH[],algH[],verH[])),cvB[],plI_2),sign((BYTES,framed(OT_ATTEST,algH[],issuerId2[],fp(pk(skI2[])),h(authTuple(issuerId2[],fp(pk(skI2[])),ssetH[],algH[],verH[])),cvB[],plI_2)),skI2[])))).
By 11, the attacker may know authTuple(issuerId2[],kfprI_2,ssI_2,algH[],verI_2).
By 15, the attacker may know sign((STMT_DIGEST,h(authTuple(issuerId2[],kfprI_2,ssI_2,algH[],verI_2))),skS[]).
By 4, the attacker may know pk(skI2[]).
By 3, the attacker may know ppfI_4.
Using the function 10-tuple the attacker may obtain (authTuple(idW_6,fp(pk(k)),ssW_1,algW_1,verW_1),sign((STMT_DIGEST,h(authTuple(idW_6,fp(pk(k)),ssW_1,algW_1,verW_1))),skS[]),pk(k),sign((POSS,authTuple(idW_6,fp(pk(k)),ssW_1,algW_1,verW_1)),k),sign((BYTES,framed(OT_WRAPPER,algW_1,idW_6,fp(pk(k)),h(authTuple(idW_6,fp(pk(k)),ssW_1,algW_1,verW_1)),cvW_4,wrap(cvIw_4,(framed(OT_ATTEST,algH[],issuerId2[],fp(pk(skI2[])),h(authTuple(issuerId2[],fp(pk(skI2[])),ssetH[],algH[],verH[])),cvB[],plI_2),sign((BYTES,framed(OT_ATTEST,algH[],issuerId2[],fp(pk(skI2[])),h(authTuple(issuerId2[],fp(pk(skI2[])),ssetH[],algH[],verH[])),cvB[],plI_2)),skI2[]))))),k),framed(OT_WRAPPER,algW_1,idW_6,fp(pk(k)),h(authTuple(idW_6,fp(pk(k)),ssW_1,algW_1,verW_1)),cvW_4,wrap(cvIw_4,(framed(OT_ATTEST,algH[],issuerId2[],fp(pk(skI2[])),h(authTuple(issuerId2[],fp(pk(skI2[])),ssetH[],algH[],verH[])),cvB[],plI_2),sign((BYTES,framed(OT_ATTEST,algH[],issuerId2[],fp(pk(skI2[])),h(authTuple(issuerId2[],fp(pk(skI2[])),ssetH[],algH[],verH[])),cvB[],plI_2)),skI2[])))),authTuple(issuerId2[],kfprI_2,ssI_2,algH[],verI_2),sign((STMT_DIGEST,h(authTuple(issuerId2[],kfprI_2,ssI_2,algH[],verI_2))),skS[]),pk(skI2[]),ppfI_4).
attacker((authTuple(idW_6,fp(pk(k)),ssW_1,algW_1,verW_1),sign((STMT_DIGEST,h(authTuple(idW_6,fp(pk(k)),ssW_1,algW_1,verW_1))),skS[]),pk(k),sign((POSS,authTuple(idW_6,fp(pk(k)),ssW_1,algW_1,verW_1)),k),sign((BYTES,framed(OT_WRAPPER,algW_1,idW_6,fp(pk(k)),h(authTuple(idW_6,fp(pk(k)),ssW_1,algW_1,verW_1)),cvW_4,wrap(cvIw_4,(framed(OT_ATTEST,algH[],issuerId2[],fp(pk(skI2[])),h(authTuple(issuerId2[],fp(pk(skI2[])),ssetH[],algH[],verH[])),cvB[],plI_2),sign((BYTES,framed(OT_ATTEST,algH[],issuerId2[],fp(pk(skI2[])),h(authTuple(issuerId2[],fp(pk(skI2[])),ssetH[],algH[],verH[])),cvB[],plI_2)),skI2[]))))),k),framed(OT_WRAPPER,algW_1,idW_6,fp(pk(k)),h(authTuple(idW_6,fp(pk(k)),ssW_1,algW_1,verW_1)),cvW_4,wrap(cvIw_4,(framed(OT_ATTEST,algH[],issuerId2[],fp(pk(skI2[])),h(authTuple(issuerId2[],fp(pk(skI2[])),ssetH[],algH[],verH[])),cvB[],plI_2),sign((BYTES,framed(OT_ATTEST,algH[],issuerId2[],fp(pk(skI2[])),h(authTuple(issuerId2[],fp(pk(skI2[])),ssetH[],algH[],verH[])),cvB[],plI_2)),skI2[])))),authTuple(issuerId2[],kfprI_2,ssI_2,algH[],verI_2),sign((STMT_DIGEST,h(authTuple(issuerId2[],kfprI_2,ssI_2,algH[],verI_2))),skS[]),pk(skI2[]),ppfI_4)).

49. The message (authTuple(idW_6,fp(pk(k)),ssW_1,algW_1,verW_1),sign((STMT_DIGEST,h(authTuple(idW_6,fp(pk(k)),ssW_1,algW_1,verW_1))),skS[]),pk(k),sign((POSS,authTuple(idW_6,fp(pk(k)),ssW_1,algW_1,verW_1)),k),sign((BYTES,framed(OT_WRAPPER,algW_1,idW_6,fp(pk(k)),h(authTuple(idW_6,fp(pk(k)),ssW_1,algW_1,verW_1)),cvW_4,wrap(cvIw_4,(framed(OT_ATTEST,algH[],issuerId2[],fp(pk(skI2[])),h(authTuple(issuerId2[],fp(pk(skI2[])),ssetH[],algH[],verH[])),cvB[],plI_2),sign((BYTES,framed(OT_ATTEST,algH[],issuerId2[],fp(pk(skI2[])),h(authTuple(issuerId2[],fp(pk(skI2[])),ssetH[],algH[],verH[])),cvB[],plI_2)),skI2[]))))),k),framed(OT_WRAPPER,algW_1,idW_6,fp(pk(k)),h(authTuple(idW_6,fp(pk(k)),ssW_1,algW_1,verW_1)),cvW_4,wrap(cvIw_4,(framed(OT_ATTEST,algH[],issuerId2[],fp(pk(skI2[])),h(authTuple(issuerId2[],fp(pk(skI2[])),ssetH[],algH[],verH[])),cvB[],plI_2),sign((BYTES,framed(OT_ATTEST,algH[],issuerId2[],fp(pk(skI2[])),h(authTuple(issuerId2[],fp(pk(skI2[])),ssetH[],algH[],verH[])),cvB[],plI_2)),skI2[])))),authTuple(issuerId2[],kfprI_2,ssI_2,algH[],verI_2),sign((STMT_DIGEST,h(authTuple(issuerId2[],kfprI_2,ssI_2,algH[],verI_2))),skS[]),pk(skI2[]),ppfI_4) that the attacker may have by 48 may be received at input {132}.
So the message (wctx(pk(k),idW_6,framed(OT_WRAPPER,algW_1,idW_6,fp(pk(k)),h(authTuple(idW_6,fp(pk(k)),ssW_1,algW_1,verW_1)),cvW_4,wrap(cvIw_4,(framed(OT_ATTEST,algH[],issuerId2[],fp(pk(skI2[])),h(authTuple(issuerId2[],fp(pk(skI2[])),ssetH[],algH[],verH[])),cvB[],plI_2),sign((BYTES,framed(OT_ATTEST,algH[],issuerId2[],fp(pk(skI2[])),h(authTuple(issuerId2[],fp(pk(skI2[])),ssetH[],algH[],verH[])),cvB[],plI_2)),skI2[]))))),pk(skI2[]),issuerId2[],framed(OT_ATTEST,algH[],issuerId2[],fp(pk(skI2[])),h(authTuple(issuerId2[],fp(pk(skI2[])),ssetH[],algH[],verH[])),cvB[],plI_2)) may be sent on channel scopeCh[] at output {150}.
mess(scopeCh[],(wctx(pk(k),idW_6,framed(OT_WRAPPER,algW_1,idW_6,fp(pk(k)),h(authTuple(idW_6,fp(pk(k)),ssW_1,algW_1,verW_1)),cvW_4,wrap(cvIw_4,(framed(OT_ATTEST,algH[],issuerId2[],fp(pk(skI2[])),h(authTuple(issuerId2[],fp(pk(skI2[])),ssetH[],algH[],verH[])),cvB[],plI_2),sign((BYTES,framed(OT_ATTEST,algH[],issuerId2[],fp(pk(skI2[])),h(authTuple(issuerId2[],fp(pk(skI2[])),ssetH[],algH[],verH[])),cvB[],plI_2)),skI2[]))))),pk(skI2[]),issuerId2[],framed(OT_ATTEST,algH[],issuerId2[],fp(pk(skI2[])),h(authTuple(issuerId2[],fp(pk(skI2[])),ssetH[],algH[],verH[])),cvB[],plI_2))).

50. The message (pk(skI2[]),issuerId2[],framed(OT_ATTEST,algH[],issuerId2[],fp(pk(skI2[])),h(authTuple(issuerId2[],fp(pk(skI2[])),ssetH[],algH[],verH[])),cvB[],plI_2)) that may be sent on channel honestInnerCh[] by 2 may be received at input {165}.
The message (wctx(pk(k),idW_6,framed(OT_WRAPPER,algW_1,idW_6,fp(pk(k)),h(authTuple(idW_6,fp(pk(k)),ssW_1,algW_1,verW_1)),cvW_4,wrap(cvIw_4,(framed(OT_ATTEST,algH[],issuerId2[],fp(pk(skI2[])),h(authTuple(issuerId2[],fp(pk(skI2[])),ssetH[],algH[],verH[])),cvB[],plI_2),sign((BYTES,framed(OT_ATTEST,algH[],issuerId2[],fp(pk(skI2[])),h(authTuple(issuerId2[],fp(pk(skI2[])),ssetH[],algH[],verH[])),cvB[],plI_2)),skI2[]))))),pk(skI2[]),issuerId2[],framed(OT_ATTEST,algH[],issuerId2[],fp(pk(skI2[])),h(authTuple(issuerId2[],fp(pk(skI2[])),ssetH[],algH[],verH[])),cvB[],plI_2)) that may be sent on channel scopeCh[] by 49 may be received at input {166}.
So event HonestWrappedAccepted(pk(skI2[]),framed(OT_ATTEST,algH[],issuerId2[],fp(pk(skI2[])),h(authTuple(issuerId2[],fp(pk(skI2[])),ssetH[],algH[],verH[])),cvB[],plI_2),pk(k)) may be executed at {168}.
event(HonestWrappedAccepted(pk(skI2[]),framed(OT_ATTEST,algH[],issuerId2[],fp(pk(skI2[])),h(authTuple(issuerId2[],fp(pk(skI2[])),ssetH[],algH[],verH[])),cvB[],plI_2),pk(k))).

51. By 50, event(HonestWrappedAccepted(pk(skI2[]),framed(OT_ATTEST,algH[],issuerId2[],fp(pk(skI2[])),h(authTuple(issuerId2[],fp(pk(skI2[])),ssetH[],algH[],verH[])),cvB[],plI_2),pk(k))).
The goal is reached, represented in the following fact:
event(HonestWrappedAccepted(pk(skI2[]),framed(OT_ATTEST,algH[],issuerId2[],fp(pk(skI2[])),h(authTuple(issuerId2[],fp(pk(skI2[])),ssetH[],algH[],verH[])),cvB[],plI_2),pk(k))).


A more detailed output of the traces is available with
  set traceDisplay = long.

new skS: skey creating skS_5 at {1}

new skI1: skey creating skI1_1 at {2}

new skI2: skey creating skI2_1 at {3}

new skW1: skey creating skW1_1 at {4}

new skW2: skey creating skW2_1 at {5}

out(c, ~M) with ~M = pk(skS_5) at {10}

out(c, ~M_1) with ~M_1 = pk(skI1_1) at {11}

out(c, ~M_2) with ~M_2 = pk(skI2_1) at {12}

out(c, ~M_3) with ~M_3 = pk(skW1_1) at {13}

out(c, ~M_4) with ~M_4 = pk(skW2_1) at {14}

out(c, authTuple(~M_5,~M_6,~M_7,~M_8,~M_9)) with ~M_5 = issuerId, ~M_6 = fp(pk(skI1_1)), ~M_7 = ssetH, ~M_8 = algH, ~M_9 = verH at {15}

out(c, authTuple(~M_10,~M_11,~M_12,~M_13,~M_14)) with ~M_10 = issuerId2, ~M_11 = fp(pk(skI2_1)), ~M_12 = ssetH, ~M_13 = algH, ~M_14 = verH at {16}

out(c, authTuple(~M_15,~M_16,~M_17,~M_18,~M_19)) with ~M_15 = idW1, ~M_16 = fp(pk(skW1_1)), ~M_17 = ssetH, ~M_18 = algH, ~M_19 = verH at {17}

out(c, authTuple(~M_20,~M_21,~M_22,~M_23,~M_24)) with ~M_20 = idW2, ~M_21 = fp(pk(skW2_1)), ~M_22 = ssetH, ~M_23 = algH, ~M_24 = verH at {18}

out(c, ~M_25) with ~M_25 = skS_5 at {19}

in(c, a) at {68} in copy a_1

event IssuerPossession(pk(skI2_1)) at {69} in copy a_1

out(c, ~M_26) with ~M_26 = sign((POSS,authTuple(issuerId2,fp(pk(skI2_1)),ssetH,algH,verH)),skI2_1) at {71} in copy a_1

event IssuerSigned(pk(skI2_1),framed(OT_ATTEST,algH,issuerId2,fp(pk(skI2_1)),h(authTuple(issuerId2,fp(pk(skI2_1)),ssetH,algH,verH)),cvB,a)) at {74} in copy a_1

out(c, ~M_27) with ~M_27 = sign((BYTES,framed(OT_ATTEST,algH,issuerId2,fp(pk(skI2_1)),h(authTuple(issuerId2,fp(pk(skI2_1)),ssetH,algH,verH)),cvB,a)),skI2_1) at {79} in copy a_1

in(c, a) at {68} in copy a_2

event IssuerPossession(pk(skI2_1)) at {69} in copy a_2

out(c, ~M_28) with ~M_28 = sign((POSS,authTuple(issuerId2,fp(pk(skI2_1)),ssetH,algH,verH)),skI2_1) at {71} in copy a_2

event IssuerSigned(pk(skI2_1),framed(OT_ATTEST,algH,issuerId2,fp(pk(skI2_1)),h(authTuple(issuerId2,fp(pk(skI2_1)),ssetH,algH,verH)),cvB,a)) at {74} in copy a_2

out(c, ~M_29) with ~M_29 = sign((BYTES,framed(OT_ATTEST,algH,issuerId2,fp(pk(skI2_1)),h(authTuple(issuerId2,fp(pk(skI2_1)),ssetH,algH,verH)),cvB,a)),skI2_1) at {79} in copy a_2

in(c, (authTuple(a_3,fp(pk(a_4)),a_5,a_6,a_7),sign((STMT_DIGEST,h(authTuple(a_3,fp(pk(a_4)),a_5,a_6,a_7))),~M_25),pk(a_4),sign((POSS,authTuple(a_3,fp(pk(a_4)),a_5,a_6,a_7)),a_4),sign((BYTES,framed(OT_WRAPPER,a_6,a_3,fp(pk(a_4)),h(authTuple(a_3,fp(pk(a_4)),a_5,a_6,a_7)),a_8,wrap(a_9,(framed(OT_ATTEST,algH,issuerId2,fp(~M_2),h(authTuple(issuerId2,fp(~M_2),ssetH,algH,verH)),cvB,a),~M_27)))),a_4),framed(OT_WRAPPER,a_6,a_3,fp(pk(a_4)),h(authTuple(a_3,fp(pk(a_4)),a_5,a_6,a_7)),a_8,wrap(a_9,(framed(OT_ATTEST,algH,issuerId2,fp(~M_2),h(authTuple(issuerId2,fp(~M_2),ssetH,algH,verH)),cvB,a),~M_27))),authTuple(issuerId2,a_10,a_11,algH,a_12),sign((STMT_DIGEST,h(authTuple(issuerId2,a_10,a_11,algH,a_12))),~M_25),~M_2,a_13)) with sign((STMT_DIGEST,h(authTuple(a_3,fp(pk(a_4)),a_5,a_6,a_7))),~M_25) = sign((STMT_DIGEST,h(authTuple(a_3,fp(pk(a_4)),a_5,a_6,a_7))),skS_5), sign((BYTES,framed(OT_WRAPPER,a_6,a_3,fp(pk(a_4)),h(authTuple(a_3,fp(pk(a_4)),a_5,a_6,a_7)),a_8,wrap(a_9,(framed(OT_ATTEST,algH,issuerId2,fp(~M_2),h(authTuple(issuerId2,fp(~M_2),ssetH,algH,verH)),cvB,a),~M_27)))),a_4) = sign((BYTES,framed(OT_WRAPPER,a_6,a_3,fp(pk(a_4)),h(authTuple(a_3,fp(pk(a_4)),a_5,a_6,a_7)),a_8,wrap(a_9,(framed(OT_ATTEST,algH,issuerId2,fp(pk(skI2_1)),h(authTuple(issuerId2,fp(pk(skI2_1)),ssetH,algH,verH)),cvB,a),sign((BYTES,framed(OT_ATTEST,algH,issuerId2,fp(pk(skI2_1)),h(authTuple(issuerId2,fp(pk(skI2_1)),ssetH,algH,verH)),cvB,a)),skI2_1))))),a_4), fp(~M_2) = fp(pk(skI2_1)), h(authTuple(issuerId2,fp(~M_2),ssetH,algH,verH)) = h(authTuple(issuerId2,fp(pk(skI2_1)),ssetH,algH,verH)), ~M_27 = sign((BYTES,framed(OT_ATTEST,algH,issuerId2,fp(pk(skI2_1)),h(authTuple(issuerId2,fp(pk(skI2_1)),ssetH,algH,verH)),cvB,a)),skI2_1), sign((STMT_DIGEST,h(authTuple(issuerId2,a_10,a_11,algH,a_12))),~M_25) = sign((STMT_DIGEST,h(authTuple(issuerId2,a_10,a_11,algH,a_12))),skS_5), ~M_2 = pk(skI2_1) at {132} in copy a_14

event AcceptOuter(pk(a_4),a_3,framed(OT_WRAPPER,a_6,a_3,fp(pk(a_4)),h(authTuple(a_3,fp(pk(a_4)),a_5,a_6,a_7)),a_8,wrap(a_9,(framed(OT_ATTEST,algH,issuerId2,fp(pk(skI2_1)),h(authTuple(issuerId2,fp(pk(skI2_1)),ssetH,algH,verH)),cvB,a),sign((BYTES,framed(OT_ATTEST,algH,issuerId2,fp(pk(skI2_1)),h(authTuple(issuerId2,fp(pk(skI2_1)),ssetH,algH,verH)),cvB,a)),skI2_1))))) at {140} in copy a_14

event AcceptInner(wctx(pk(a_4),a_3,framed(OT_WRAPPER,a_6,a_3,fp(pk(a_4)),h(authTuple(a_3,fp(pk(a_4)),a_5,a_6,a_7)),a_8,wrap(a_9,(framed(OT_ATTEST,algH,issuerId2,fp(pk(skI2_1)),h(authTuple(issuerId2,fp(pk(skI2_1)),ssetH,algH,verH)),cvB,a),sign((BYTES,framed(OT_ATTEST,algH,issuerId2,fp(pk(skI2_1)),h(authTuple(issuerId2,fp(pk(skI2_1)),ssetH,algH,verH)),cvB,a)),skI2_1))))),pk(skI2_1),issuerId2,framed(OT_ATTEST,algH,issuerId2,fp(pk(skI2_1)),h(authTuple(issuerId2,fp(pk(skI2_1)),ssetH,algH,verH)),cvB,a)) at {147} in copy a_14

out(honestInnerCh, (pk(skI2_1),issuerId2,framed(OT_ATTEST,algH,issuerId2,fp(pk(skI2_1)),h(authTuple(issuerId2,fp(pk(skI2_1)),ssetH,algH,verH)),cvB,a))) at {77} in copy a_1 received at {165} in copy a_15

out(scopeCh, (wctx(pk(a_4),a_3,framed(OT_WRAPPER,a_6,a_3,fp(pk(a_4)),h(authTuple(a_3,fp(pk(a_4)),a_5,a_6,a_7)),a_8,wrap(a_9,(framed(OT_ATTEST,algH,issuerId2,fp(pk(skI2_1)),h(authTuple(issuerId2,fp(pk(skI2_1)),ssetH,algH,verH)),cvB,a),sign((BYTES,framed(OT_ATTEST,algH,issuerId2,fp(pk(skI2_1)),h(authTuple(issuerId2,fp(pk(skI2_1)),ssetH,algH,verH)),cvB,a)),skI2_1))))),pk(skI2_1),issuerId2,framed(OT_ATTEST,algH,issuerId2,fp(pk(skI2_1)),h(authTuple(issuerId2,fp(pk(skI2_1)),ssetH,algH,verH)),cvB,a))) at {150} in copy a_14 received at {166} in copy a_15

event HonestWrappedAccepted(pk(skI2_1),framed(OT_ATTEST,algH,issuerId2,fp(pk(skI2_1)),h(authTuple(issuerId2,fp(pk(skI2_1)),ssetH,algH,verH)),cvB,a),pk(a_4)) at {168} in copy a_15 (goal)

The event HonestWrappedAccepted(pk(skI2_1),framed(OT_ATTEST,algH,issuerId2,fp(pk(skI2_1)),h(authTuple(issuerId2,fp(pk(skI2_1)),ssetH,algH,verH)),cvB,a),pk(a_4)) is executed at {168} in copy a_15.
A trace has been found.
RESULT not event(HonestWrappedAccepted(kH_3,fb,kW_3)) is false.
-- Query not event(HonestAccepted(k,fb)) in process 1.
Translating the process into Horn clauses...
Completing...
200 rules inserted. Base: 156 rules (77 with conclusion selected). Queue: 35 rules.
400 rules inserted. Base: 196 rules (79 with conclusion selected). Queue: 93 rules.
600 rules inserted. Base: 247 rules (93 with conclusion selected). Queue: 75 rules.
800 rules inserted. Base: 214 rules (95 with conclusion selected). Queue: 61 rules.
Starting query not event(HonestAccepted(k,fb))
goal reachable: attacker(plI_2) -> event(HonestAccepted(pk(skI2[]),framed(OT_ATTEST,algH[],issuerId2[],fp(pk(skI2[])),h(authTuple(issuerId2[],fp(pk(skI2[])),ssetH[],algH[],verH[])),cvB[],plI_2)))

Derivation:

1. We assume as hypothesis that
attacker(plI_2).

2. The message plI_2 that the attacker may have by 1 may be received at input {68}.
So the message (pk(skI2[]),framed(OT_ATTEST,algH[],issuerId2[],fp(pk(skI2[])),h(authTuple(issuerId2[],fp(pk(skI2[])),ssetH[],algH[],verH[])),cvB[],plI_2)) may be sent on channel honestCh[] at output {76}.
mess(honestCh[],(pk(skI2[]),framed(OT_ATTEST,algH[],issuerId2[],fp(pk(skI2[])),h(authTuple(issuerId2[],fp(pk(skI2[])),ssetH[],algH[],verH[])),cvB[],plI_2))).

3. The attacker initially knows cvB[].
attacker(cvB[]).

4. The attacker initially knows verH[].
attacker(verH[]).

5. The attacker initially knows algH[].
attacker(algH[]).

6. The attacker initially knows ssetH[].
attacker(ssetH[]).

7. The message pk(skI2[]) may be sent to the attacker at output {12}.
attacker(pk(skI2[])).

8. By 7, the attacker may know pk(skI2[]).
Using the function fp the attacker may obtain fp(pk(skI2[])).
attacker(fp(pk(skI2[]))).

9. The attacker initially knows issuerId2[].
attacker(issuerId2[]).

10. By 9, the attacker may know issuerId2[].
By 8, the attacker may know fp(pk(skI2[])).
By 6, the attacker may know ssetH[].
By 5, the attacker may know algH[].
By 4, the attacker may know verH[].
Using the function authTuple the attacker may obtain authTuple(issuerId2[],fp(pk(skI2[])),ssetH[],algH[],verH[]).
attacker(authTuple(issuerId2[],fp(pk(skI2[])),ssetH[],algH[],verH[])).

11. By 10, the attacker may know authTuple(issuerId2[],fp(pk(skI2[])),ssetH[],algH[],verH[]).
Using the function h the attacker may obtain h(authTuple(issuerId2[],fp(pk(skI2[])),ssetH[],algH[],verH[])).
attacker(h(authTuple(issuerId2[],fp(pk(skI2[])),ssetH[],algH[],verH[]))).

12. Using the function OT_ATTEST the attacker may obtain OT_ATTEST.
attacker(OT_ATTEST).

13. By 12, the attacker may know OT_ATTEST.
By 5, the attacker may know algH[].
By 9, the attacker may know issuerId2[].
By 8, the attacker may know fp(pk(skI2[])).
By 11, the attacker may know h(authTuple(issuerId2[],fp(pk(skI2[])),ssetH[],algH[],verH[])).
By 3, the attacker may know cvB[].
By 1, the attacker may know plI_2.
Using the function framed the attacker may obtain framed(OT_ATTEST,algH[],issuerId2[],fp(pk(skI2[])),h(authTuple(issuerId2[],fp(pk(skI2[])),ssetH[],algH[],verH[])),cvB[],plI_2).
attacker(framed(OT_ATTEST,algH[],issuerId2[],fp(pk(skI2[])),h(authTuple(issuerId2[],fp(pk(skI2[])),ssetH[],algH[],verH[])),cvB[],plI_2)).

14. The message plI_2 that the attacker may have by 1 may be received at input {68}.
So the message sign((BYTES,framed(OT_ATTEST,algH[],issuerId2[],fp(pk(skI2[])),h(authTuple(issuerId2[],fp(pk(skI2[])),ssetH[],algH[],verH[])),cvB[],plI_2)),skI2[]) may be sent to the attacker at output {79}.
attacker(sign((BYTES,framed(OT_ATTEST,algH[],issuerId2[],fp(pk(skI2[])),h(authTuple(issuerId2[],fp(pk(skI2[])),ssetH[],algH[],verH[])),cvB[],plI_2)),skI2[])).

15. The attacker has some term ppfI_4.
attacker(ppfI_4).

16. The message skS[] may be sent to the attacker at output {19}.
attacker(skS[]).

17. The attacker has some term verI_2.
attacker(verI_2).

18. The attacker has some term ssI_2.
attacker(ssI_2).

19. The attacker has some term kfprI_2.
attacker(kfprI_2).

20. The attacker has some term idX_1.
attacker(idX_1).

21. By 20, the attacker may know idX_1.
By 19, the attacker may know kfprI_2.
By 18, the attacker may know ssI_2.
By 5, the attacker may know algH[].
By 17, the attacker may know verI_2.
Using the function authTuple the attacker may obtain authTuple(idX_1,kfprI_2,ssI_2,algH[],verI_2).
attacker(authTuple(idX_1,kfprI_2,ssI_2,algH[],verI_2)).

22. By 21, the attacker may know authTuple(idX_1,kfprI_2,ssI_2,algH[],verI_2).
Using the function h the attacker may obtain h(authTuple(idX_1,kfprI_2,ssI_2,algH[],verI_2)).
attacker(h(authTuple(idX_1,kfprI_2,ssI_2,algH[],verI_2))).

23. Using the function STMT_DIGEST the attacker may obtain STMT_DIGEST.
attacker(STMT_DIGEST).

24. By 23, the attacker may know STMT_DIGEST.
By 22, the attacker may know h(authTuple(idX_1,kfprI_2,ssI_2,algH[],verI_2)).
Using the function 2-tuple the attacker may obtain (STMT_DIGEST,h(authTuple(idX_1,kfprI_2,ssI_2,algH[],verI_2))).
attacker((STMT_DIGEST,h(authTuple(idX_1,kfprI_2,ssI_2,algH[],verI_2)))).

25. By 24, the attacker may know (STMT_DIGEST,h(authTuple(idX_1,kfprI_2,ssI_2,algH[],verI_2))).
By 16, the attacker may know skS[].
Using the function sign the attacker may obtain sign((STMT_DIGEST,h(authTuple(idX_1,kfprI_2,ssI_2,algH[],verI_2))),skS[]).
attacker(sign((STMT_DIGEST,h(authTuple(idX_1,kfprI_2,ssI_2,algH[],verI_2))),skS[])).

26. By 21, the attacker may know authTuple(idX_1,kfprI_2,ssI_2,algH[],verI_2).
By 25, the attacker may know sign((STMT_DIGEST,h(authTuple(idX_1,kfprI_2,ssI_2,algH[],verI_2))),skS[]).
By 7, the attacker may know pk(skI2[]).
By 15, the attacker may know ppfI_4.
By 14, the attacker may know sign((BYTES,framed(OT_ATTEST,algH[],issuerId2[],fp(pk(skI2[])),h(authTuple(issuerId2[],fp(pk(skI2[])),ssetH[],algH[],verH[])),cvB[],plI_2)),skI2[]).
By 13, the attacker may know framed(OT_ATTEST,algH[],issuerId2[],fp(pk(skI2[])),h(authTuple(issuerId2[],fp(pk(skI2[])),ssetH[],algH[],verH[])),cvB[],plI_2).
Using the function 6-tuple the attacker may obtain (authTuple(idX_1,kfprI_2,ssI_2,algH[],verI_2),sign((STMT_DIGEST,h(authTuple(idX_1,kfprI_2,ssI_2,algH[],verI_2))),skS[]),pk(skI2[]),ppfI_4,sign((BYTES,framed(OT_ATTEST,algH[],issuerId2[],fp(pk(skI2[])),h(authTuple(issuerId2[],fp(pk(skI2[])),ssetH[],algH[],verH[])),cvB[],plI_2)),skI2[]),framed(OT_ATTEST,algH[],issuerId2[],fp(pk(skI2[])),h(authTuple(issuerId2[],fp(pk(skI2[])),ssetH[],algH[],verH[])),cvB[],plI_2)).
attacker((authTuple(idX_1,kfprI_2,ssI_2,algH[],verI_2),sign((STMT_DIGEST,h(authTuple(idX_1,kfprI_2,ssI_2,algH[],verI_2))),skS[]),pk(skI2[]),ppfI_4,sign((BYTES,framed(OT_ATTEST,algH[],issuerId2[],fp(pk(skI2[])),h(authTuple(issuerId2[],fp(pk(skI2[])),ssetH[],algH[],verH[])),cvB[],plI_2)),skI2[]),framed(OT_ATTEST,algH[],issuerId2[],fp(pk(skI2[])),h(authTuple(issuerId2[],fp(pk(skI2[])),ssetH[],algH[],verH[])),cvB[],plI_2))).

27. The message (authTuple(idX_1,kfprI_2,ssI_2,algH[],verI_2),sign((STMT_DIGEST,h(authTuple(idX_1,kfprI_2,ssI_2,algH[],verI_2))),skS[]),pk(skI2[]),ppfI_4,sign((BYTES,framed(OT_ATTEST,algH[],issuerId2[],fp(pk(skI2[])),h(authTuple(issuerId2[],fp(pk(skI2[])),ssetH[],algH[],verH[])),cvB[],plI_2)),skI2[]),framed(OT_ATTEST,algH[],issuerId2[],fp(pk(skI2[])),h(authTuple(issuerId2[],fp(pk(skI2[])),ssetH[],algH[],verH[])),cvB[],plI_2)) that the attacker may have by 26 may be received at input {119}.
So the message (BASE,pk(skI2[]),idX_1,framed(OT_ATTEST,algH[],issuerId2[],fp(pk(skI2[])),h(authTuple(issuerId2[],fp(pk(skI2[])),ssetH[],algH[],verH[])),cvB[],plI_2)) may be sent on channel acceptCh[] at output {127}.
mess(acceptCh[],(BASE,pk(skI2[]),idX_1,framed(OT_ATTEST,algH[],issuerId2[],fp(pk(skI2[])),h(authTuple(issuerId2[],fp(pk(skI2[])),ssetH[],algH[],verH[])),cvB[],plI_2))).

28. The message (pk(skI2[]),framed(OT_ATTEST,algH[],issuerId2[],fp(pk(skI2[])),h(authTuple(issuerId2[],fp(pk(skI2[])),ssetH[],algH[],verH[])),cvB[],plI_2)) that may be sent on channel honestCh[] by 2 may be received at input {153}.
The message (BASE,pk(skI2[]),idX_1,framed(OT_ATTEST,algH[],issuerId2[],fp(pk(skI2[])),h(authTuple(issuerId2[],fp(pk(skI2[])),ssetH[],algH[],verH[])),cvB[],plI_2)) that may be sent on channel acceptCh[] by 27 may be received at input {154}.
So event HonestAccepted(pk(skI2[]),framed(OT_ATTEST,algH[],issuerId2[],fp(pk(skI2[])),h(authTuple(issuerId2[],fp(pk(skI2[])),ssetH[],algH[],verH[])),cvB[],plI_2)) may be executed at {157}.
event(HonestAccepted(pk(skI2[]),framed(OT_ATTEST,algH[],issuerId2[],fp(pk(skI2[])),h(authTuple(issuerId2[],fp(pk(skI2[])),ssetH[],algH[],verH[])),cvB[],plI_2))).

29. By 28, event(HonestAccepted(pk(skI2[]),framed(OT_ATTEST,algH[],issuerId2[],fp(pk(skI2[])),h(authTuple(issuerId2[],fp(pk(skI2[])),ssetH[],algH[],verH[])),cvB[],plI_2))).
The goal is reached, represented in the following fact:
event(HonestAccepted(pk(skI2[]),framed(OT_ATTEST,algH[],issuerId2[],fp(pk(skI2[])),h(authTuple(issuerId2[],fp(pk(skI2[])),ssetH[],algH[],verH[])),cvB[],plI_2))).


A more detailed output of the traces is available with
  set traceDisplay = long.

new skS: skey creating skS_5 at {1}

new skI1: skey creating skI1_1 at {2}

new skI2: skey creating skI2_1 at {3}

new skW1: skey creating skW1_1 at {4}

new skW2: skey creating skW2_1 at {5}

out(c, ~M) with ~M = pk(skS_5) at {10}

out(c, ~M_1) with ~M_1 = pk(skI1_1) at {11}

out(c, ~M_2) with ~M_2 = pk(skI2_1) at {12}

out(c, ~M_3) with ~M_3 = pk(skW1_1) at {13}

out(c, ~M_4) with ~M_4 = pk(skW2_1) at {14}

out(c, authTuple(~M_5,~M_6,~M_7,~M_8,~M_9)) with ~M_5 = issuerId, ~M_6 = fp(pk(skI1_1)), ~M_7 = ssetH, ~M_8 = algH, ~M_9 = verH at {15}

out(c, authTuple(~M_10,~M_11,~M_12,~M_13,~M_14)) with ~M_10 = issuerId2, ~M_11 = fp(pk(skI2_1)), ~M_12 = ssetH, ~M_13 = algH, ~M_14 = verH at {16}

out(c, authTuple(~M_15,~M_16,~M_17,~M_18,~M_19)) with ~M_15 = idW1, ~M_16 = fp(pk(skW1_1)), ~M_17 = ssetH, ~M_18 = algH, ~M_19 = verH at {17}

out(c, authTuple(~M_20,~M_21,~M_22,~M_23,~M_24)) with ~M_20 = idW2, ~M_21 = fp(pk(skW2_1)), ~M_22 = ssetH, ~M_23 = algH, ~M_24 = verH at {18}

out(c, ~M_25) with ~M_25 = skS_5 at {19}

in(c, a) at {68} in copy a_1

event IssuerPossession(pk(skI2_1)) at {69} in copy a_1

out(c, ~M_26) with ~M_26 = sign((POSS,authTuple(issuerId2,fp(pk(skI2_1)),ssetH,algH,verH)),skI2_1) at {71} in copy a_1

event IssuerSigned(pk(skI2_1),framed(OT_ATTEST,algH,issuerId2,fp(pk(skI2_1)),h(authTuple(issuerId2,fp(pk(skI2_1)),ssetH,algH,verH)),cvB,a)) at {74} in copy a_1

out(c, ~M_27) with ~M_27 = sign((BYTES,framed(OT_ATTEST,algH,issuerId2,fp(pk(skI2_1)),h(authTuple(issuerId2,fp(pk(skI2_1)),ssetH,algH,verH)),cvB,a)),skI2_1) at {79} in copy a_1

in(c, a) at {68} in copy a_2

event IssuerPossession(pk(skI2_1)) at {69} in copy a_2

out(c, ~M_28) with ~M_28 = sign((POSS,authTuple(issuerId2,fp(pk(skI2_1)),ssetH,algH,verH)),skI2_1) at {71} in copy a_2

event IssuerSigned(pk(skI2_1),framed(OT_ATTEST,algH,issuerId2,fp(pk(skI2_1)),h(authTuple(issuerId2,fp(pk(skI2_1)),ssetH,algH,verH)),cvB,a)) at {74} in copy a_2

out(c, ~M_29) with ~M_29 = sign((BYTES,framed(OT_ATTEST,algH,issuerId2,fp(pk(skI2_1)),h(authTuple(issuerId2,fp(pk(skI2_1)),ssetH,algH,verH)),cvB,a)),skI2_1) at {79} in copy a_2

in(c, (authTuple(a_3,a_4,a_5,algH,a_6),sign((STMT_DIGEST,h(authTuple(a_3,a_4,a_5,algH,a_6))),~M_25),~M_2,a_7,~M_27,framed(OT_ATTEST,algH,issuerId2,fp(~M_2),h(authTuple(issuerId2,fp(~M_2),ssetH,algH,verH)),cvB,a))) with sign((STMT_DIGEST,h(authTuple(a_3,a_4,a_5,algH,a_6))),~M_25) = sign((STMT_DIGEST,h(authTuple(a_3,a_4,a_5,algH,a_6))),skS_5), ~M_2 = pk(skI2_1), ~M_27 = sign((BYTES,framed(OT_ATTEST,algH,issuerId2,fp(pk(skI2_1)),h(authTuple(issuerId2,fp(pk(skI2_1)),ssetH,algH,verH)),cvB,a)),skI2_1), fp(~M_2) = fp(pk(skI2_1)), h(authTuple(issuerId2,fp(~M_2),ssetH,algH,verH)) = h(authTuple(issuerId2,fp(pk(skI2_1)),ssetH,algH,verH)) at {119} in copy a_8

event AcceptInner(BASE,pk(skI2_1),a_3,framed(OT_ATTEST,algH,issuerId2,fp(pk(skI2_1)),h(authTuple(issuerId2,fp(pk(skI2_1)),ssetH,algH,verH)),cvB,a)) at {125} in copy a_8

out(honestCh, (pk(skI2_1),framed(OT_ATTEST,algH,issuerId2,fp(pk(skI2_1)),h(authTuple(issuerId2,fp(pk(skI2_1)),ssetH,algH,verH)),cvB,a))) at {76} in copy a_1 received at {153} in copy a_9

out(acceptCh, (BASE,pk(skI2_1),a_3,framed(OT_ATTEST,algH,issuerId2,fp(pk(skI2_1)),h(authTuple(issuerId2,fp(pk(skI2_1)),ssetH,algH,verH)),cvB,a))) at {127} in copy a_8 received at {154} in copy a_9

event HonestAccepted(pk(skI2_1),framed(OT_ATTEST,algH,issuerId2,fp(pk(skI2_1)),h(authTuple(issuerId2,fp(pk(skI2_1)),ssetH,algH,verH)),cvB,a)) at {157} in copy a_9 (goal)

The event HonestAccepted(pk(skI2_1),framed(OT_ATTEST,algH,issuerId2,fp(pk(skI2_1)),h(authTuple(issuerId2,fp(pk(skI2_1)),ssetH,algH,verH)),cvB,a)) is executed at {157} in copy a_9.
A trace has been found.
RESULT not event(HonestAccepted(k,fb)) is false.

--------------------------------------------------------------
Verification summary:

Query not event(TypeConfused(otS_1,otA_1,fb)) is true.

Query not event(Rescoped(kX_1,idX_1,kH_3,idH_1,fb)) is false.

Query not event(InnerSigTransplanted(kX_1,s)) is true.

Query not event(Reattributed(kX_1,kH_3,fb)) is true.

Query not event(HonestWrappedAccepted(kH_3,fb,kW_3)) is false.

Query not event(HonestAccepted(k,fb)) is false.

--------------------------------------------------------------

