a01_no_id_match rc=0 seconds=1 box=1800 :: green TypeConfused green Rescoped green InnerSigTransplanted green Reattributed RED HonestWrappedAccepted RED HonestAccepted 
a02_no_kfp_match rc=0 seconds=1 box=1800 :: green TypeConfused green Rescoped green InnerSigTransplanted green Reattributed RED HonestWrappedAccepted RED HonestAccepted 
a03_no_id_no_kfp rc=0 seconds=1 box=1800 :: green TypeConfused green Rescoped green InnerSigTransplanted green Reattributed RED HonestWrappedAccepted RED HonestAccepted 
a04_no_mh rc=0 seconds=0 box=1800 :: green TypeConfused green Rescoped green InnerSigTransplanted green Reattributed RED HonestWrappedAccepted RED HonestAccepted 
a05_no_id_no_mh rc=0 seconds=1 box=1800 :: green TypeConfused green Rescoped green InnerSigTransplanted green Reattributed RED HonestWrappedAccepted RED HonestAccepted 
a06_no_kfp_no_mh rc=0 seconds=2 box=1800 :: green TypeConfused RED Rescoped RED InnerSigTransplanted RED Reattributed RED HonestWrappedAccepted RED HonestAccepted 
a07_no_slot rc=0 seconds=1 box=1800 :: green TypeConfused green Rescoped green InnerSigTransplanted green Reattributed RED HonestWrappedAccepted RED HonestAccepted 
a08_no_inner_poss rc=0 seconds=1 box=1800 :: green TypeConfused green Rescoped green InnerSigTransplanted green Reattributed RED HonestWrappedAccepted RED HonestAccepted 
a09_no_kfp_no_slot rc=0 seconds=2 box=1800 :: green TypeConfused RED Rescoped RED InnerSigTransplanted RED Reattributed RED HonestWrappedAccepted RED HonestAccepted 
a10_no_wrapper_type rc=0 seconds=1 box=1800 :: RED TypeConfused green Rescoped green InnerSigTransplanted green Reattributed RED HonestWrappedAccepted RED HonestAccepted 
a11_no_inner_sig rc=0 seconds=0 box=1800 :: green TypeConfused green Rescoped RED InnerSigTransplanted green Reattributed RED HonestWrappedAccepted RED HonestAccepted 
a12_no_inner_evidence rc=0 seconds=1 box=1800 :: green TypeConfused green Rescoped green InnerSigTransplanted green Reattributed RED HonestWrappedAccepted RED HonestAccepted 
a13_no_outer_kfp rc=0 seconds=1 box=1800 :: green TypeConfused green Rescoped green InnerSigTransplanted green Reattributed RED HonestWrappedAccepted RED HonestAccepted 
a14_no_kfp_no_slot_no_mh rc=0 seconds=2 box=1800 :: green TypeConfused RED Rescoped RED InnerSigTransplanted RED Reattributed RED HonestWrappedAccepted RED HonestAccepted 
a15_no_id_no_kfp_no_mh_no_slot rc=0 seconds=3 box=1800 :: green TypeConfused RED Rescoped RED InnerSigTransplanted RED Reattributed RED HonestWrappedAccepted RED HonestAccepted 
a16_no_inner_sig_no_kfp rc=0 seconds=0 box=1800 :: green TypeConfused green Rescoped RED InnerSigTransplanted green Reattributed RED HonestWrappedAccepted RED HonestAccepted 
a17_no_slot_no_mh rc=0 seconds=2 box=1800 :: green TypeConfused green Rescoped green InnerSigTransplanted green Reattributed RED HonestWrappedAccepted RED HonestAccepted 
a18_kfp_only rc=0 seconds=1 box=1800 :: green TypeConfused RED Rescoped green InnerSigTransplanted green Reattributed RED HonestWrappedAccepted RED HonestAccepted 
p01_q3_routes rc=0 seconds=1 box=900 :: RESULT not event(TypeConfused(OT_WRAPPER,OT_ATTEST,fb)) is false. RESULT not event(TypeConfused(OT_REVIEWREC,OT_ATTEST,fb)) is false. RESULT not event(TypeConfused(OT_ATTEST,OT_WRAPPER,fb)) is true. RESULT not event(TypeConfused(OT_REVIEWREC,OT_WRAPPER,fb)) is true. RESULT not event(Rescoped(kX_1,idX_1,kH_3,idH_1,fb)) is true. RESULT not event(InnerSigTransplanted(kX_1,s)) is true. RESULT not event(HonestWrappedAccepted(kH_3,fb,kW_3)) is false. RESULT not event(HonestAccepted(k,fb)) is false. 
DONE
