TLC2 Version 2026.07.31.184830 (rev: 30cc360)
Warning: Please run the Java VM, which executes TLC with a throughput optimized garbage collector, by passing the "-XX:+UseParallelGC" property.
(Use the -nowarning option to disable this warning.)
Running breadth-first search Model-Checking with fp 97 and seed 507144985720945269 with 1 worker on 12 cores with 7952MB heap and 64MB offheap memory [pid: 599492] (Linux 6.8.0-136-generic amd64, Ubuntu 21.0.11 64bit, MSBDiskFPSet, DiskStateQueue).
Parsing file /home/tony/projects/tessera/formal/spike/floor-structure/FloorLink_Probe.tla
Parsing file /tmp/tlc-6948278675676413913/_TLCTrace.tla (jar:file:/home/tony/.local/lib/tla2tools.jar!/tla2sany/StandardModules/_TLCTrace.tla)
Parsing file /tmp/tlc-6948278675676413913/TLC.tla (jar:file:/home/tony/.local/lib/tla2tools.jar!/tla2sany/StandardModules/TLC.tla)
Parsing file /tmp/tlc-6948278675676413913/TLCExt.tla (jar:file:/home/tony/.local/lib/tla2tools.jar!/tla2sany/StandardModules/TLCExt.tla)
Parsing file /tmp/tlc-6948278675676413913/Sequences.tla (jar:file:/home/tony/.local/lib/tla2tools.jar!/tla2sany/StandardModules/Sequences.tla)
Parsing file /tmp/tlc-6948278675676413913/Naturals.tla (jar:file:/home/tony/.local/lib/tla2tools.jar!/tla2sany/StandardModules/Naturals.tla)
Parsing file /tmp/tlc-6948278675676413913/FiniteSets.tla (jar:file:/home/tony/.local/lib/tla2tools.jar!/tla2sany/StandardModules/FiniteSets.tla)
Parsing file /tmp/tlc-6948278675676413913/Integers.tla (jar:file:/home/tony/.local/lib/tla2tools.jar!/tla2sany/StandardModules/Integers.tla)
Semantic processing of module Naturals
Semantic processing of module Sequences
Semantic processing of module FiniteSets
Semantic processing of module TLC
Semantic processing of module Integers
Semantic processing of module TLCExt
Semantic processing of module _TLCTrace
Semantic processing of module FloorLink_Probe
Linting of module TLCExt
Linting of module _TLCTrace
Linting of module FloorLink_Probe
Starting... (2026-08-09 19:30:12)
Computing initial states...
Computed 2 initial states...
Computed 4 initial states...
Computed 8 initial states...
Computed 16 initial states...
Computed 32 initial states...
Computed 64 initial states...
Finished computing initial states: 128 distinct states generated at 2026-08-09 19:30:12.
Model checking completed. No error has been found.
  Estimates of the probability that TLC did not check all reachable states
  because two distinct states had the same fingerprint:
  calculated (optimistic):  val = 8.9E-16
256 states generated, 128 distinct states found, 0 states left on queue.
The depth of the complete state graph search is 1.
The average outdegree of the complete state graph is 0 (minimum is 0, the maximum 0 and the 95th percentile is 0).
Finished in 00s at (2026-08-09 19:30:12)
