Process 0 (that is, the initial process):
{1}new skS: skey;
{2}let m1: bitstring = authTuple(issuerId,fp(pk(skA1)),signers0,algH,verH) in
{3}let m2: bitstring = authTuple(issuerId2,fp(pk(skA2)),signers1(fp(pk(skB2))),algH,verH) in
{4}out(c, pk(skS));
{5}out(c, pk(skA1));
{6}out(c, pk(skA2));
{7}out(c, pk(skB2));
{8}out(c, m1);
{9}out(c, m2);
{10}out(c, skS);
(
    {11}!
    {12}let skS_1: skey = skS in
    {13}event AuthorityPublishedDNS(m1);
    {14}out(c, sign((STMT_DIGEST,h(m1)),skS_1))
) | (
    {15}!
    {16}let skS_2: skey = skS in
    {17}event AuthorityPublishedDNS(m2);
    {18}out(c, sign((STMT_DIGEST,h(m2)),skS_2))
) | (
    {19}!
    {20}out(honestSetCh, m1)
) | (
    {21}!
    {22}out(honestSetCh, m2)
) | (
    {23}!
    {24}let sk: skey = skA1 in
    {25}let id: bitstring = issuerId in
    {26}in(c, payload: bitstring);
    {27}event IssuerPossession(pk(sk));
    {28}let ppf: bitstring = sign((POSS,fp(pk(sk))),sk) in
    (
        {29}out(honestKeyCh, (pk(sk),m1))
    ) | (
        {30}out(c, ppf);
        {31}let fb: bitstring = framedNoMh(OT_ATTEST,algH,id,fp(pk(sk)),canonVerH,payload) in
        {32}event IssuerSigned(pk(sk),fb);
        (
            {33}out(honestCh, (pk(sk),fb))
        ) | (
            {34}out(c, sign((BYTES,fb),sk))
        )
    )
) | (
    {35}!
    {36}let sk_1: skey = skA2 in
    {37}let id_1: bitstring = issuerId2 in
    {38}in(c, payload_1: bitstring);
    {39}event IssuerPossession(pk(sk_1));
    {40}let ppf_1: bitstring = sign((POSS,fp(pk(sk_1))),sk_1) in
    (
        {41}out(honestKeyCh, (pk(sk_1),m2))
    ) | (
        {42}out(c, ppf_1);
        {43}let fb_1: bitstring = framedNoMh(OT_ATTEST,algH,id_1,fp(pk(sk_1)),canonVerH,payload_1) in
        {44}event IssuerSigned(pk(sk_1),fb_1);
        (
            {45}out(honestCh, (pk(sk_1),fb_1))
        ) | (
            {46}out(c, sign((BYTES,fb_1),sk_1))
        )
    )
) | (
    {47}!
    {48}let sk_2: skey = skB2 in
    {49}let id_2: bitstring = issuerId2 in
    {50}in(c, payload_2: bitstring);
    {51}event IssuerPossession(pk(sk_2));
    {52}let ppf_2: bitstring = sign((POSS,fp(pk(sk_2))),sk_2) in
    (
        {53}out(honestKeyCh, (pk(sk_2),m2))
    ) | (
        {54}out(c, ppf_2);
        {55}let fb_2: bitstring = framedNoMh(OT_ATTEST,algH,id_2,fp(pk(sk_2)),canonVerH,payload_2) in
        {56}event IssuerSigned(pk(sk_2),fb_2);
        (
            {57}out(honestCh, (pk(sk_2),fb_2))
        ) | (
            {58}out(c, sign((BYTES,fb_2),sk_2))
        )
    )
) | (
    {59}!
    {60}let pkS: pkey = pk(skS) in
    {61}in(c, (t: bitstring,ev: bitstring,kA: pkey,ppfA: bitstring,sgA: bitstring,fa: bitstring));
    {62}let (=STMT_DIGEST,=h(t)) = checksign(ev,pkS) in
    {63}let authTuple(id_3: bitstring,kfprA: bitstring,=signers0,alg: bitstring,ver: bitstring) = t in
    {64}if (fp(kA) = kfprA) then
    {65}let (=POSS,=fp(kA)) = checksign(ppfA,kA) in
    {66}let (=BYTES,=fa) = checksign(sgA,kA) in
    {67}let framedNoMh(ota: bitstring,=alg,=id_3,=fp(kA),cva: bitstring,pla: bitstring) = fa in
    {68}event Accept1S(ev,t,kA,fa);
    (
        {69}out(setCh, (t,verified1(kA)))
    ) | (
        {70}out(slotCh, (t,kfprA,kA))
    ) | (
        {71}out(acceptCh, (kA,id_3,fa))
    )
) | (
    {72}!
    {73}let pkS_1: pkey = pk(skS) in
    {74}in(c, (t_1: bitstring,ev_1: bitstring,kA_1: pkey,kB: pkey,ppfA_1: bitstring,ppfB: bitstring,sgA_1: bitstring,sgB: bitstring,fa_1: bitstring,fb_3: bitstring));
    {75}let (=STMT_DIGEST,=h(t_1)) = checksign(ev_1,pkS_1) in
    {76}let authTuple(id_4: bitstring,kfprA_1: bitstring,signers1(kfprB: bitstring),alg_1: bitstring,ver_1: bitstring) = t_1 in
    {77}if (fp(kA_1) = kfprA_1) then
    {78}if (fp(kB) = kfprB) then
    {79}let (=POSS,=fp(kA_1)) = checksign(ppfA_1,kA_1) in
    {80}let (=POSS,=fp(kB)) = checksign(ppfB,kB) in
    {81}let (=BYTES,=fa_1) = checksign(sgA_1,kA_1) in
    {82}let (=BYTES,=fb_3) = checksign(sgB,kB) in
    {83}let framedNoMh(ota_1: bitstring,=alg_1,=id_4,=fp(kA_1),cva_1: bitstring,pla_1: bitstring) = fa_1 in
    {84}let framedNoMh(otb: bitstring,=alg_1,=id_4,=fp(kB),cvb: bitstring,plb: bitstring) = fb_3 in
    {85}event Accept2S(ev_1,t_1,kA_1,kB,fa_1,fb_3);
    (
        {86}out(setCh, (t_1,verified2(kA_1,kB)))
    ) | (
        {87}out(slotCh, (t_1,kfprA_1,kA_1))
    ) | (
        {88}out(slotCh, (t_1,kfprB,kB))
    ) | (
        {89}out(acceptCh, (kA_1,id_4,fa_1))
    ) | (
        {90}out(acceptCh, (kB,id_4,fb_3))
    )
) | (
    {91}!
    {92}in(honestSetCh, mJ: bitstring);
    {93}in(setCh, (=mJ,vJ: bitstring));
    {94}let authTuple(idJ: bitstring,fpAJ: bitstring,ssJ: bitstring,algJ: bitstring,verJ: bitstring) = mJ in
    {95}let signers1(fpBJ: bitstring) = ssJ in
    (
        {96}let verified2(kA_2: pkey,kB_1: pkey) = vJ in
        (
            {97}if ((fp(kA_2) = fpAJ) && (fp(kB_1) = fpBJ)) then
            {98}event HonestComplete(mJ,vJ)
        )
        else
            {99}let verified1(kA_3: pkey) = vJ in
            {100}event Stripped(mJ,vJ)
    )
    else
        {101}if (ssJ = signers0) then
        {102}let verified1(kA_4: pkey) = vJ in
        {103}if (fp(kA_4) = fpAJ) then
        {104}event HonestComplete(mJ,vJ)
) | (
    {105}!
    {106}in(honestKeyCh, (kH: pkey,mH: bitstring));
    {107}in(slotCh, (tS: bitstring,fpS: bitstring,kUsed: pkey));
    {108}if (tS = mH) then
    (
        {109}if ((fpS = fp(kH)) && (kUsed ≠ kH)) then
        {110}event SignerForged(tS,kUsed)
    )
    else
        {111}if (kUsed = kH) then
        {112}event SetAltered(kH,mH,tS)
) | (
    {113}!
    {114}in(honestCh, (kH_1: pkey,fbHon: bitstring));
    {115}in(acceptCh, (kX: pkey,id_5: bitstring,=fbHon));
    {116}if (kX = kH_1) then
        {117}event HonestAccepted(kX,fbHon)
    else
        {118}event Reattributed(kX,kH_1,fbHon)
)

--  Process 1 (that is, process 0, with let moved downwards):
{1}new skS: skey;
{4}out(c, pk(skS));
{5}out(c, pk(skA1));
{6}out(c, pk(skA2));
{7}out(c, pk(skB2));
{2}let m1: bitstring = authTuple(issuerId,fp(pk(skA1)),signers0,algH,verH) in
{8}out(c, m1);
{3}let m2: bitstring = authTuple(issuerId2,fp(pk(skA2)),signers1(fp(pk(skB2))),algH,verH) in
{9}out(c, m2);
{10}out(c, skS);
(
    {11}!
    {13}event AuthorityPublishedDNS(m1);
    {12}let skS_1: skey = skS in
    {14}out(c, sign((STMT_DIGEST,h(m1)),skS_1))
) | (
    {15}!
    {17}event AuthorityPublishedDNS(m2);
    {16}let skS_2: skey = skS in
    {18}out(c, sign((STMT_DIGEST,h(m2)),skS_2))
) | (
    {19}!
    {20}out(honestSetCh, m1)
) | (
    {21}!
    {22}out(honestSetCh, m2)
) | (
    {23}!
    {26}in(c, payload: bitstring);
    {24}let sk: skey = skA1 in
    {27}event IssuerPossession(pk(sk));
    (
        {29}out(honestKeyCh, (pk(sk),m1))
    ) | (
        {28}let ppf: bitstring = sign((POSS,fp(pk(sk))),sk) in
        {30}out(c, ppf);
        {25}let id: bitstring = issuerId in
        {31}let fb: bitstring = framedNoMh(OT_ATTEST,algH,id,fp(pk(sk)),canonVerH,payload) in
        {32}event IssuerSigned(pk(sk),fb);
        (
            {33}out(honestCh, (pk(sk),fb))
        ) | (
            {34}out(c, sign((BYTES,fb),sk))
        )
    )
) | (
    {35}!
    {38}in(c, payload_1: bitstring);
    {36}let sk_1: skey = skA2 in
    {39}event IssuerPossession(pk(sk_1));
    (
        {41}out(honestKeyCh, (pk(sk_1),m2))
    ) | (
        {40}let ppf_1: bitstring = sign((POSS,fp(pk(sk_1))),sk_1) in
        {42}out(c, ppf_1);
        {37}let id_1: bitstring = issuerId2 in
        {43}let fb_1: bitstring = framedNoMh(OT_ATTEST,algH,id_1,fp(pk(sk_1)),canonVerH,payload_1) in
        {44}event IssuerSigned(pk(sk_1),fb_1);
        (
            {45}out(honestCh, (pk(sk_1),fb_1))
        ) | (
            {46}out(c, sign((BYTES,fb_1),sk_1))
        )
    )
) | (
    {47}!
    {50}in(c, payload_2: bitstring);
    {48}let sk_2: skey = skB2 in
    {51}event IssuerPossession(pk(sk_2));
    (
        {53}out(honestKeyCh, (pk(sk_2),m2))
    ) | (
        {52}let ppf_2: bitstring = sign((POSS,fp(pk(sk_2))),sk_2) in
        {54}out(c, ppf_2);
        {49}let id_2: bitstring = issuerId2 in
        {55}let fb_2: bitstring = framedNoMh(OT_ATTEST,algH,id_2,fp(pk(sk_2)),canonVerH,payload_2) in
        {56}event IssuerSigned(pk(sk_2),fb_2);
        (
            {57}out(honestCh, (pk(sk_2),fb_2))
        ) | (
            {58}out(c, sign((BYTES,fb_2),sk_2))
        )
    )
) | (
    {59}!
    {61}in(c, (t: bitstring,ev: bitstring,kA: pkey,ppfA: bitstring,sgA: bitstring,fa: bitstring));
    {60}let pkS: pkey = pk(skS) in
    {62}let (=STMT_DIGEST,=h(t)) = checksign(ev,pkS) in
    {63}let authTuple(id_3: bitstring,kfprA: bitstring,=signers0,alg: bitstring,ver: bitstring) = t in
    {64}if (fp(kA) = kfprA) then
    {65}let (=POSS,=fp(kA)) = checksign(ppfA,kA) in
    {66}let (=BYTES,=fa) = checksign(sgA,kA) in
    {67}let framedNoMh(ota: bitstring,=alg,=id_3,=fp(kA),cva: bitstring,pla: bitstring) = fa in
    {68}event Accept1S(ev,t,kA,fa);
    (
        {69}out(setCh, (t,verified1(kA)))
    ) | (
        {70}out(slotCh, (t,kfprA,kA))
    ) | (
        {71}out(acceptCh, (kA,id_3,fa))
    )
) | (
    {72}!
    {74}in(c, (t_1: bitstring,ev_1: bitstring,kA_1: pkey,kB: pkey,ppfA_1: bitstring,ppfB: bitstring,sgA_1: bitstring,sgB: bitstring,fa_1: bitstring,fb_3: bitstring));
    {73}let pkS_1: pkey = pk(skS) in
    {75}let (=STMT_DIGEST,=h(t_1)) = checksign(ev_1,pkS_1) in
    {76}let authTuple(id_4: bitstring,kfprA_1: bitstring,signers1(kfprB: bitstring),alg_1: bitstring,ver_1: bitstring) = t_1 in
    {77}if (fp(kA_1) = kfprA_1) then
    {78}if (fp(kB) = kfprB) then
    {79}let (=POSS,=fp(kA_1)) = checksign(ppfA_1,kA_1) in
    {80}let (=POSS,=fp(kB)) = checksign(ppfB,kB) in
    {81}let (=BYTES,=fa_1) = checksign(sgA_1,kA_1) in
    {82}let (=BYTES,=fb_3) = checksign(sgB,kB) in
    {83}let framedNoMh(ota_1: bitstring,=alg_1,=id_4,=fp(kA_1),cva_1: bitstring,pla_1: bitstring) = fa_1 in
    {84}let framedNoMh(otb: bitstring,=alg_1,=id_4,=fp(kB),cvb: bitstring,plb: bitstring) = fb_3 in
    {85}event Accept2S(ev_1,t_1,kA_1,kB,fa_1,fb_3);
    (
        {86}out(setCh, (t_1,verified2(kA_1,kB)))
    ) | (
        {87}out(slotCh, (t_1,kfprA_1,kA_1))
    ) | (
        {88}out(slotCh, (t_1,kfprB,kB))
    ) | (
        {89}out(acceptCh, (kA_1,id_4,fa_1))
    ) | (
        {90}out(acceptCh, (kB,id_4,fb_3))
    )
) | (
    {91}!
    {92}in(honestSetCh, mJ: bitstring);
    {93}in(setCh, (=mJ,vJ: bitstring));
    {94}let authTuple(idJ: bitstring,fpAJ: bitstring,ssJ: bitstring,algJ: bitstring,verJ: bitstring) = mJ in
    {95}let signers1(fpBJ: bitstring) = ssJ in
    (
        {96}let verified2(kA_2: pkey,kB_1: pkey) = vJ in
        (
            {97}if ((fp(kA_2) = fpAJ) && (fp(kB_1) = fpBJ)) then
            {98}event HonestComplete(mJ,vJ)
        )
        else
            {99}let verified1(kA_3: pkey) = vJ in
            {100}event Stripped(mJ,vJ)
    )
    else
        {101}if (ssJ = signers0) then
        {102}let verified1(kA_4: pkey) = vJ in
        {103}if (fp(kA_4) = fpAJ) then
        {104}event HonestComplete(mJ,vJ)
) | (
    {105}!
    {106}in(honestKeyCh, (kH: pkey,mH: bitstring));
    {107}in(slotCh, (tS: bitstring,fpS: bitstring,kUsed: pkey));
    {108}if (tS = mH) then
    (
        {109}if ((fpS = fp(kH)) && (kUsed ≠ kH)) then
        {110}event SignerForged(tS,kUsed)
    )
    else
        {111}if (kUsed = kH) then
        {112}event SetAltered(kH,mH,tS)
) | (
    {113}!
    {114}in(honestCh, (kH_1: pkey,fbHon: bitstring));
    {115}in(acceptCh, (kX: pkey,id_5: bitstring,=fbHon));
    {116}if (kX = kH_1) then
        {117}event HonestAccepted(kX,fbHon)
    else
        {118}event Reattributed(kX,kH_1,fbHon)
)

-- Query not event(Stripped(t_2,v)) in process 1.
Translating the process into Horn clauses...
Completing...
200 rules inserted. Base: 135 rules (64 with conclusion selected). Queue: 46 rules.
400 rules inserted. Base: 164 rules (82 with conclusion selected). Queue: 27 rules.
Starting query not event(Stripped(t_2,v))
RESULT not event(Stripped(t_2,v)) is true.
-- Query not event(SignerForged(t_2,k)) in process 1.
Translating the process into Horn clauses...
Completing...
200 rules inserted. Base: 137 rules (64 with conclusion selected). Queue: 48 rules.
400 rules inserted. Base: 164 rules (80 with conclusion selected). Queue: 29 rules.
Starting query not event(SignerForged(t_2,k))
RESULT not event(SignerForged(t_2,k)) is true.
-- Query not event(SetAltered(kH_2,m,t_2)) in process 1.
Translating the process into Horn clauses...
Completing...
200 rules inserted. Base: 136 rules (64 with conclusion selected). Queue: 45 rules.
400 rules inserted. Base: 169 rules (81 with conclusion selected). Queue: 40 rules.
Starting query not event(SetAltered(kH_2,m,t_2))
goal reachable: attacker(ver_2) -> event(SetAltered(pk(skB2[]),authTuple(issuerId2[],fp(pk(skA2[])),signers1(fp(pk(skB2[]))),algH[],verH[]),authTuple(issuerId2[],fp(pk(skB2[])),signers0,algH[],ver_2)))

Derivation:

1. The attacker has some term payload_3.
attacker(payload_3).

2. The message payload_3 that the attacker may have by 1 may be received at input {50}.
So the message (pk(skB2[]),authTuple(issuerId2[],fp(pk(skA2[])),signers1(fp(pk(skB2[]))),algH[],verH[])) may be sent on channel honestKeyCh[] at output {53}.
mess(honestKeyCh[],(pk(skB2[]),authTuple(issuerId2[],fp(pk(skA2[])),signers1(fp(pk(skB2[]))),algH[],verH[]))).

3. The attacker has some term pla_2.
attacker(pla_2).

4. The attacker initially knows canonVerH[].
attacker(canonVerH[]).

5. The message pk(skB2[]) may be sent to the attacker at output {7}.
attacker(pk(skB2[])).

6. By 5, the attacker may know pk(skB2[]).
Using the function fp the attacker may obtain fp(pk(skB2[])).
attacker(fp(pk(skB2[]))).

7. The attacker initially knows issuerId2[].
attacker(issuerId2[]).

8. The attacker initially knows algH[].
attacker(algH[]).

9. Using the function OT_ATTEST the attacker may obtain OT_ATTEST.
attacker(OT_ATTEST).

10. By 9, the attacker may know OT_ATTEST.
By 8, the attacker may know algH[].
By 7, the attacker may know issuerId2[].
By 6, the attacker may know fp(pk(skB2[])).
By 4, the attacker may know canonVerH[].
By 3, the attacker may know pla_2.
Using the function framedNoMh the attacker may obtain framedNoMh(OT_ATTEST,algH[],issuerId2[],fp(pk(skB2[])),canonVerH[],pla_2).
attacker(framedNoMh(OT_ATTEST,algH[],issuerId2[],fp(pk(skB2[])),canonVerH[],pla_2)).

11. The message pla_2 that the attacker may have by 3 may be received at input {50}.
So the message sign((BYTES,framedNoMh(OT_ATTEST,algH[],issuerId2[],fp(pk(skB2[])),canonVerH[],pla_2)),skB2[]) may be sent to the attacker at output {58}.
attacker(sign((BYTES,framedNoMh(OT_ATTEST,algH[],issuerId2[],fp(pk(skB2[])),canonVerH[],pla_2)),skB2[])).

12. The attacker has some term payload_4.
attacker(payload_4).

13. The message payload_4 that the attacker may have by 12 may be received at input {50}.
So the message sign((POSS,fp(pk(skB2[]))),skB2[]) may be sent to the attacker at output {54}.
attacker(sign((POSS,fp(pk(skB2[]))),skB2[])).

14. The message skS[] may be sent to the attacker at output {10}.
attacker(skS[]).

15. We assume as hypothesis that
attacker(ver_2).

16. Using the function signers0 the attacker may obtain signers0.
attacker(signers0).

17. By 7, the attacker may know issuerId2[].
By 6, the attacker may know fp(pk(skB2[])).
By 16, the attacker may know signers0.
By 8, the attacker may know algH[].
By 15, the attacker may know ver_2.
Using the function authTuple the attacker may obtain authTuple(issuerId2[],fp(pk(skB2[])),signers0,algH[],ver_2).
attacker(authTuple(issuerId2[],fp(pk(skB2[])),signers0,algH[],ver_2)).

18. By 17, the attacker may know authTuple(issuerId2[],fp(pk(skB2[])),signers0,algH[],ver_2).
Using the function h the attacker may obtain h(authTuple(issuerId2[],fp(pk(skB2[])),signers0,algH[],ver_2)).
attacker(h(authTuple(issuerId2[],fp(pk(skB2[])),signers0,algH[],ver_2))).

19. Using the function STMT_DIGEST the attacker may obtain STMT_DIGEST.
attacker(STMT_DIGEST).

20. By 19, the attacker may know STMT_DIGEST.
By 18, the attacker may know h(authTuple(issuerId2[],fp(pk(skB2[])),signers0,algH[],ver_2)).
Using the function 2-tuple the attacker may obtain (STMT_DIGEST,h(authTuple(issuerId2[],fp(pk(skB2[])),signers0,algH[],ver_2))).
attacker((STMT_DIGEST,h(authTuple(issuerId2[],fp(pk(skB2[])),signers0,algH[],ver_2)))).

21. By 20, the attacker may know (STMT_DIGEST,h(authTuple(issuerId2[],fp(pk(skB2[])),signers0,algH[],ver_2))).
By 14, the attacker may know skS[].
Using the function sign the attacker may obtain sign((STMT_DIGEST,h(authTuple(issuerId2[],fp(pk(skB2[])),signers0,algH[],ver_2))),skS[]).
attacker(sign((STMT_DIGEST,h(authTuple(issuerId2[],fp(pk(skB2[])),signers0,algH[],ver_2))),skS[])).

22. By 17, the attacker may know authTuple(issuerId2[],fp(pk(skB2[])),signers0,algH[],ver_2).
By 21, the attacker may know sign((STMT_DIGEST,h(authTuple(issuerId2[],fp(pk(skB2[])),signers0,algH[],ver_2))),skS[]).
By 5, the attacker may know pk(skB2[]).
By 13, the attacker may know sign((POSS,fp(pk(skB2[]))),skB2[]).
By 11, the attacker may know sign((BYTES,framedNoMh(OT_ATTEST,algH[],issuerId2[],fp(pk(skB2[])),canonVerH[],pla_2)),skB2[]).
By 10, the attacker may know framedNoMh(OT_ATTEST,algH[],issuerId2[],fp(pk(skB2[])),canonVerH[],pla_2).
Using the function 6-tuple the attacker may obtain (authTuple(issuerId2[],fp(pk(skB2[])),signers0,algH[],ver_2),sign((STMT_DIGEST,h(authTuple(issuerId2[],fp(pk(skB2[])),signers0,algH[],ver_2))),skS[]),pk(skB2[]),sign((POSS,fp(pk(skB2[]))),skB2[]),sign((BYTES,framedNoMh(OT_ATTEST,algH[],issuerId2[],fp(pk(skB2[])),canonVerH[],pla_2)),skB2[]),framedNoMh(OT_ATTEST,algH[],issuerId2[],fp(pk(skB2[])),canonVerH[],pla_2)).
attacker((authTuple(issuerId2[],fp(pk(skB2[])),signers0,algH[],ver_2),sign((STMT_DIGEST,h(authTuple(issuerId2[],fp(pk(skB2[])),signers0,algH[],ver_2))),skS[]),pk(skB2[]),sign((POSS,fp(pk(skB2[]))),skB2[]),sign((BYTES,framedNoMh(OT_ATTEST,algH[],issuerId2[],fp(pk(skB2[])),canonVerH[],pla_2)),skB2[]),framedNoMh(OT_ATTEST,algH[],issuerId2[],fp(pk(skB2[])),canonVerH[],pla_2))).

23. The message (authTuple(issuerId2[],fp(pk(skB2[])),signers0,algH[],ver_2),sign((STMT_DIGEST,h(authTuple(issuerId2[],fp(pk(skB2[])),signers0,algH[],ver_2))),skS[]),pk(skB2[]),sign((POSS,fp(pk(skB2[]))),skB2[]),sign((BYTES,framedNoMh(OT_ATTEST,algH[],issuerId2[],fp(pk(skB2[])),canonVerH[],pla_2)),skB2[]),framedNoMh(OT_ATTEST,algH[],issuerId2[],fp(pk(skB2[])),canonVerH[],pla_2)) that the attacker may have by 22 may be received at input {61}.
So the message (authTuple(issuerId2[],fp(pk(skB2[])),signers0,algH[],ver_2),fp(pk(skB2[])),pk(skB2[])) may be sent on channel slotCh[] at output {70}.
mess(slotCh[],(authTuple(issuerId2[],fp(pk(skB2[])),signers0,algH[],ver_2),fp(pk(skB2[])),pk(skB2[]))).

24. The message (pk(skB2[]),authTuple(issuerId2[],fp(pk(skA2[])),signers1(fp(pk(skB2[]))),algH[],verH[])) that may be sent on channel honestKeyCh[] by 2 may be received at input {106}.
The message (authTuple(issuerId2[],fp(pk(skB2[])),signers0,algH[],ver_2),fp(pk(skB2[])),pk(skB2[])) that may be sent on channel slotCh[] by 23 may be received at input {107}.
We have authTuple(issuerId2[],fp(pk(skB2[])),signers0,algH[],ver_2) ≠ authTuple(issuerId2[],fp(pk(skA2[])),signers1(fp(pk(skB2[]))),algH[],verH[]).
So event SetAltered(pk(skB2[]),authTuple(issuerId2[],fp(pk(skA2[])),signers1(fp(pk(skB2[]))),algH[],verH[]),authTuple(issuerId2[],fp(pk(skB2[])),signers0,algH[],ver_2)) may be executed at {112}.
event(SetAltered(pk(skB2[]),authTuple(issuerId2[],fp(pk(skA2[])),signers1(fp(pk(skB2[]))),algH[],verH[]),authTuple(issuerId2[],fp(pk(skB2[])),signers0,algH[],ver_2))).

25. By 24, event(SetAltered(pk(skB2[]),authTuple(issuerId2[],fp(pk(skA2[])),signers1(fp(pk(skB2[]))),algH[],verH[]),authTuple(issuerId2[],fp(pk(skB2[])),signers0,algH[],ver_2))).
The goal is reached, represented in the following fact:
event(SetAltered(pk(skB2[]),authTuple(issuerId2[],fp(pk(skA2[])),signers1(fp(pk(skB2[]))),algH[],verH[]),authTuple(issuerId2[],fp(pk(skB2[])),signers0,algH[],ver_2))).


A more detailed output of the traces is available with
  set traceDisplay = long.

new skS: skey creating skS_3 at {1}

out(c, ~M) with ~M = pk(skS_3) at {4}

out(c, ~M_1) with ~M_1 = pk(skA1) at {5}

out(c, ~M_2) with ~M_2 = pk(skA2) at {6}

out(c, ~M_3) with ~M_3 = pk(skB2) at {7}

out(c, authTuple(~M_4,~M_5,~M_6,~M_7,~M_8)) with ~M_4 = issuerId, ~M_5 = fp(pk(skA1)), ~M_6 = signers0, ~M_7 = algH, ~M_8 = verH at {8}

out(c, authTuple(~M_9,~M_10,signers1(~M_11),~M_12,~M_13)) with ~M_9 = issuerId2, ~M_10 = fp(pk(skA2)), ~M_11 = fp(pk(skB2)), ~M_12 = algH, ~M_13 = verH at {9}

out(c, ~M_14) with ~M_14 = skS_3 at {10}

in(c, a) at {50} in copy a_1

event IssuerPossession(pk(skB2)) at {51} in copy a_1

out(c, ~M_15) with ~M_15 = sign((POSS,fp(pk(skB2))),skB2) at {54} in copy a_1

event IssuerSigned(pk(skB2),framedNoMh(OT_ATTEST,algH,issuerId2,fp(pk(skB2)),canonVerH,a)) at {56} in copy a_1

out(c, ~M_16) with ~M_16 = sign((BYTES,framedNoMh(OT_ATTEST,algH,issuerId2,fp(pk(skB2)),canonVerH,a)),skB2) at {58} in copy a_1

in(c, a_2) at {50} in copy a_3

event IssuerPossession(pk(skB2)) at {51} in copy a_3

out(c, ~M_17) with ~M_17 = sign((POSS,fp(pk(skB2))),skB2) at {54} in copy a_3

event IssuerSigned(pk(skB2),framedNoMh(OT_ATTEST,algH,issuerId2,fp(pk(skB2)),canonVerH,a_2)) at {56} in copy a_3

out(c, ~M_18) with ~M_18 = sign((BYTES,framedNoMh(OT_ATTEST,algH,issuerId2,fp(pk(skB2)),canonVerH,a_2)),skB2) at {58} in copy a_3

in(c, a_4) at {50} in copy a_5

event IssuerPossession(pk(skB2)) at {51} in copy a_5

out(c, ~M_19) with ~M_19 = sign((POSS,fp(pk(skB2))),skB2) at {54} in copy a_5

event IssuerSigned(pk(skB2),framedNoMh(OT_ATTEST,algH,issuerId2,fp(pk(skB2)),canonVerH,a_4)) at {56} in copy a_5

out(c, ~M_20) with ~M_20 = sign((BYTES,framedNoMh(OT_ATTEST,algH,issuerId2,fp(pk(skB2)),canonVerH,a_4)),skB2) at {58} in copy a_5

in(c, (authTuple(issuerId2,fp(~M_3),signers0,algH,a_6),sign((STMT_DIGEST,h(authTuple(issuerId2,fp(~M_3),signers0,algH,a_6))),~M_14),~M_3,~M_15,~M_18,framedNoMh(OT_ATTEST,algH,issuerId2,fp(~M_3),canonVerH,a_2))) with fp(~M_3) = fp(pk(skB2)), sign((STMT_DIGEST,h(authTuple(issuerId2,fp(~M_3),signers0,algH,a_6))),~M_14) = sign((STMT_DIGEST,h(authTuple(issuerId2,fp(pk(skB2)),signers0,algH,a_6))),skS_3), ~M_3 = pk(skB2), ~M_15 = sign((POSS,fp(pk(skB2))),skB2), ~M_18 = sign((BYTES,framedNoMh(OT_ATTEST,algH,issuerId2,fp(pk(skB2)),canonVerH,a_2)),skB2), fp(~M_3) = fp(pk(skB2)) at {61} in copy a_7

event Accept1S(sign((STMT_DIGEST,h(authTuple(issuerId2,fp(pk(skB2)),signers0,algH,a_6))),skS_3),authTuple(issuerId2,fp(pk(skB2)),signers0,algH,a_6),pk(skB2),framedNoMh(OT_ATTEST,algH,issuerId2,fp(pk(skB2)),canonVerH,a_2)) at {68} in copy a_7

out(honestKeyCh, (pk(skB2),authTuple(issuerId2,fp(pk(skA2)),signers1(fp(pk(skB2))),algH,verH))) at {53} in copy a_1 received at {106} in copy a_8

out(slotCh, (authTuple(issuerId2,fp(pk(skB2)),signers0,algH,a_6),fp(pk(skB2)),pk(skB2))) at {70} in copy a_7 received at {107} in copy a_8

event SetAltered(pk(skB2),authTuple(issuerId2,fp(pk(skA2)),signers1(fp(pk(skB2))),algH,verH),authTuple(issuerId2,fp(pk(skB2)),signers0,algH,a_6)) at {112} in copy a_8 (goal)

The event SetAltered(pk(skB2),authTuple(issuerId2,fp(pk(skA2)),signers1(fp(pk(skB2))),algH,verH),authTuple(issuerId2,fp(pk(skB2)),signers0,algH,a_6)) is executed at {112} in copy a_8.
A trace has been found.
RESULT not event(SetAltered(kH_2,m,t_2)) is false.
-- Query not event(Reattributed(kX_1,kH_2,fb_4)) in process 1.
Translating the process into Horn clauses...
Completing...
200 rules inserted. Base: 133 rules (64 with conclusion selected). Queue: 48 rules.
400 rules inserted. Base: 168 rules (80 with conclusion selected). Queue: 33 rules.
Starting query not event(Reattributed(kX_1,kH_2,fb_4))
RESULT not event(Reattributed(kX_1,kH_2,fb_4)) is true.
-- Query not event(HonestComplete(authTuple(issuerId[],fp(pk(skA1[])),signers0,algH[],verH[]),verified1(k1))) in process 1.
Translating the process into Horn clauses...
Completing...
200 rules inserted. Base: 136 rules (64 with conclusion selected). Queue: 47 rules.
400 rules inserted. Base: 168 rules (79 with conclusion selected). Queue: 38 rules.
Starting query not event(HonestComplete(authTuple(issuerId[],fp(pk(skA1[])),signers0,algH[],verH[]),verified1(k1)))
goal reachable: event(HonestComplete(authTuple(issuerId[],fp(pk(skA1[])),signers0,algH[],verH[]),verified1(pk(skA1[]))))

Derivation:

1. The message authTuple(issuerId[],fp(pk(skA1[])),signers0,algH[],verH[]) may be sent on channel honestSetCh[] at output {20}.
mess(honestSetCh[],authTuple(issuerId[],fp(pk(skA1[])),signers0,algH[],verH[])).

2. The attacker has some term pla_2.
attacker(pla_2).

3. The attacker initially knows canonVerH[].
attacker(canonVerH[]).

4. The message pk(skA1[]) may be sent to the attacker at output {5}.
attacker(pk(skA1[])).

5. By 4, the attacker may know pk(skA1[]).
Using the function fp the attacker may obtain fp(pk(skA1[])).
attacker(fp(pk(skA1[]))).

6. The attacker initially knows issuerId[].
attacker(issuerId[]).

7. The attacker initially knows algH[].
attacker(algH[]).

8. Using the function OT_ATTEST the attacker may obtain OT_ATTEST.
attacker(OT_ATTEST).

9. By 8, the attacker may know OT_ATTEST.
By 7, the attacker may know algH[].
By 6, the attacker may know issuerId[].
By 5, the attacker may know fp(pk(skA1[])).
By 3, the attacker may know canonVerH[].
By 2, the attacker may know pla_2.
Using the function framedNoMh the attacker may obtain framedNoMh(OT_ATTEST,algH[],issuerId[],fp(pk(skA1[])),canonVerH[],pla_2).
attacker(framedNoMh(OT_ATTEST,algH[],issuerId[],fp(pk(skA1[])),canonVerH[],pla_2)).

10. The message pla_2 that the attacker may have by 2 may be received at input {26}.
So the message sign((BYTES,framedNoMh(OT_ATTEST,algH[],issuerId[],fp(pk(skA1[])),canonVerH[],pla_2)),skA1[]) may be sent to the attacker at output {34}.
attacker(sign((BYTES,framedNoMh(OT_ATTEST,algH[],issuerId[],fp(pk(skA1[])),canonVerH[],pla_2)),skA1[])).

11. The attacker has some term payload_3.
attacker(payload_3).

12. The message payload_3 that the attacker may have by 11 may be received at input {26}.
So the message sign((POSS,fp(pk(skA1[]))),skA1[]) may be sent to the attacker at output {30}.
attacker(sign((POSS,fp(pk(skA1[]))),skA1[])).

13. The message skS[] may be sent to the attacker at output {10}.
attacker(skS[]).

14. The attacker initially knows verH[].
attacker(verH[]).

15. Using the function signers0 the attacker may obtain signers0.
attacker(signers0).

16. By 6, the attacker may know issuerId[].
By 5, the attacker may know fp(pk(skA1[])).
By 15, the attacker may know signers0.
By 7, the attacker may know algH[].
By 14, the attacker may know verH[].
Using the function authTuple the attacker may obtain authTuple(issuerId[],fp(pk(skA1[])),signers0,algH[],verH[]).
attacker(authTuple(issuerId[],fp(pk(skA1[])),signers0,algH[],verH[])).

17. By 16, the attacker may know authTuple(issuerId[],fp(pk(skA1[])),signers0,algH[],verH[]).
Using the function h the attacker may obtain h(authTuple(issuerId[],fp(pk(skA1[])),signers0,algH[],verH[])).
attacker(h(authTuple(issuerId[],fp(pk(skA1[])),signers0,algH[],verH[]))).

18. Using the function STMT_DIGEST the attacker may obtain STMT_DIGEST.
attacker(STMT_DIGEST).

19. By 18, the attacker may know STMT_DIGEST.
By 17, the attacker may know h(authTuple(issuerId[],fp(pk(skA1[])),signers0,algH[],verH[])).
Using the function 2-tuple the attacker may obtain (STMT_DIGEST,h(authTuple(issuerId[],fp(pk(skA1[])),signers0,algH[],verH[]))).
attacker((STMT_DIGEST,h(authTuple(issuerId[],fp(pk(skA1[])),signers0,algH[],verH[])))).

20. By 19, the attacker may know (STMT_DIGEST,h(authTuple(issuerId[],fp(pk(skA1[])),signers0,algH[],verH[]))).
By 13, the attacker may know skS[].
Using the function sign the attacker may obtain sign((STMT_DIGEST,h(authTuple(issuerId[],fp(pk(skA1[])),signers0,algH[],verH[]))),skS[]).
attacker(sign((STMT_DIGEST,h(authTuple(issuerId[],fp(pk(skA1[])),signers0,algH[],verH[]))),skS[])).

21. By 16, the attacker may know authTuple(issuerId[],fp(pk(skA1[])),signers0,algH[],verH[]).
By 20, the attacker may know sign((STMT_DIGEST,h(authTuple(issuerId[],fp(pk(skA1[])),signers0,algH[],verH[]))),skS[]).
By 4, the attacker may know pk(skA1[]).
By 12, the attacker may know sign((POSS,fp(pk(skA1[]))),skA1[]).
By 10, the attacker may know sign((BYTES,framedNoMh(OT_ATTEST,algH[],issuerId[],fp(pk(skA1[])),canonVerH[],pla_2)),skA1[]).
By 9, the attacker may know framedNoMh(OT_ATTEST,algH[],issuerId[],fp(pk(skA1[])),canonVerH[],pla_2).
Using the function 6-tuple the attacker may obtain (authTuple(issuerId[],fp(pk(skA1[])),signers0,algH[],verH[]),sign((STMT_DIGEST,h(authTuple(issuerId[],fp(pk(skA1[])),signers0,algH[],verH[]))),skS[]),pk(skA1[]),sign((POSS,fp(pk(skA1[]))),skA1[]),sign((BYTES,framedNoMh(OT_ATTEST,algH[],issuerId[],fp(pk(skA1[])),canonVerH[],pla_2)),skA1[]),framedNoMh(OT_ATTEST,algH[],issuerId[],fp(pk(skA1[])),canonVerH[],pla_2)).
attacker((authTuple(issuerId[],fp(pk(skA1[])),signers0,algH[],verH[]),sign((STMT_DIGEST,h(authTuple(issuerId[],fp(pk(skA1[])),signers0,algH[],verH[]))),skS[]),pk(skA1[]),sign((POSS,fp(pk(skA1[]))),skA1[]),sign((BYTES,framedNoMh(OT_ATTEST,algH[],issuerId[],fp(pk(skA1[])),canonVerH[],pla_2)),skA1[]),framedNoMh(OT_ATTEST,algH[],issuerId[],fp(pk(skA1[])),canonVerH[],pla_2))).

22. The message (authTuple(issuerId[],fp(pk(skA1[])),signers0,algH[],verH[]),sign((STMT_DIGEST,h(authTuple(issuerId[],fp(pk(skA1[])),signers0,algH[],verH[]))),skS[]),pk(skA1[]),sign((POSS,fp(pk(skA1[]))),skA1[]),sign((BYTES,framedNoMh(OT_ATTEST,algH[],issuerId[],fp(pk(skA1[])),canonVerH[],pla_2)),skA1[]),framedNoMh(OT_ATTEST,algH[],issuerId[],fp(pk(skA1[])),canonVerH[],pla_2)) that the attacker may have by 21 may be received at input {61}.
So the message (authTuple(issuerId[],fp(pk(skA1[])),signers0,algH[],verH[]),verified1(pk(skA1[]))) may be sent on channel setCh[] at output {69}.
mess(setCh[],(authTuple(issuerId[],fp(pk(skA1[])),signers0,algH[],verH[]),verified1(pk(skA1[])))).

23. The message authTuple(issuerId[],fp(pk(skA1[])),signers0,algH[],verH[]) that may be sent on channel honestSetCh[] by 1 may be received at input {92}.
The message (authTuple(issuerId[],fp(pk(skA1[])),signers0,algH[],verH[]),verified1(pk(skA1[]))) that may be sent on channel setCh[] by 22 may be received at input {93}.
So event HonestComplete(authTuple(issuerId[],fp(pk(skA1[])),signers0,algH[],verH[]),verified1(pk(skA1[]))) may be executed at {104}.
event(HonestComplete(authTuple(issuerId[],fp(pk(skA1[])),signers0,algH[],verH[]),verified1(pk(skA1[])))).

24. By 23, event(HonestComplete(authTuple(issuerId[],fp(pk(skA1[])),signers0,algH[],verH[]),verified1(pk(skA1[])))).
The goal is reached, represented in the following fact:
event(HonestComplete(authTuple(issuerId[],fp(pk(skA1[])),signers0,algH[],verH[]),verified1(pk(skA1[])))).


A more detailed output of the traces is available with
  set traceDisplay = long.

new skS: skey creating skS_3 at {1}

out(c, ~M) with ~M = pk(skS_3) at {4}

out(c, ~M_1) with ~M_1 = pk(skA1) at {5}

out(c, ~M_2) with ~M_2 = pk(skA2) at {6}

out(c, ~M_3) with ~M_3 = pk(skB2) at {7}

out(c, authTuple(~M_4,~M_5,~M_6,~M_7,~M_8)) with ~M_4 = issuerId, ~M_5 = fp(pk(skA1)), ~M_6 = signers0, ~M_7 = algH, ~M_8 = verH at {8}

out(c, authTuple(~M_9,~M_10,signers1(~M_11),~M_12,~M_13)) with ~M_9 = issuerId2, ~M_10 = fp(pk(skA2)), ~M_11 = fp(pk(skB2)), ~M_12 = algH, ~M_13 = verH at {9}

out(c, ~M_14) with ~M_14 = skS_3 at {10}

in(c, a) at {26} in copy a_1

event IssuerPossession(pk(skA1)) at {27} in copy a_1

out(c, ~M_15) with ~M_15 = sign((POSS,fp(pk(skA1))),skA1) at {30} in copy a_1

event IssuerSigned(pk(skA1),framedNoMh(OT_ATTEST,algH,issuerId,fp(pk(skA1)),canonVerH,a)) at {32} in copy a_1

out(c, ~M_16) with ~M_16 = sign((BYTES,framedNoMh(OT_ATTEST,algH,issuerId,fp(pk(skA1)),canonVerH,a)),skA1) at {34} in copy a_1

in(c, a_2) at {26} in copy a_3

event IssuerPossession(pk(skA1)) at {27} in copy a_3

out(c, ~M_17) with ~M_17 = sign((POSS,fp(pk(skA1))),skA1) at {30} in copy a_3

event IssuerSigned(pk(skA1),framedNoMh(OT_ATTEST,algH,issuerId,fp(pk(skA1)),canonVerH,a_2)) at {32} in copy a_3

out(c, ~M_18) with ~M_18 = sign((BYTES,framedNoMh(OT_ATTEST,algH,issuerId,fp(pk(skA1)),canonVerH,a_2)),skA1) at {34} in copy a_3

in(c, (authTuple(issuerId,fp(~M_1),signers0,algH,verH),sign((STMT_DIGEST,h(authTuple(issuerId,fp(~M_1),signers0,algH,verH))),~M_14),~M_1,~M_15,~M_18,framedNoMh(OT_ATTEST,algH,issuerId,fp(~M_1),canonVerH,a_2))) with fp(~M_1) = fp(pk(skA1)), sign((STMT_DIGEST,h(authTuple(issuerId,fp(~M_1),signers0,algH,verH))),~M_14) = sign((STMT_DIGEST,h(authTuple(issuerId,fp(pk(skA1)),signers0,algH,verH))),skS_3), ~M_1 = pk(skA1), ~M_15 = sign((POSS,fp(pk(skA1))),skA1), ~M_18 = sign((BYTES,framedNoMh(OT_ATTEST,algH,issuerId,fp(pk(skA1)),canonVerH,a_2)),skA1), fp(~M_1) = fp(pk(skA1)) at {61} in copy a_4

event Accept1S(sign((STMT_DIGEST,h(authTuple(issuerId,fp(pk(skA1)),signers0,algH,verH))),skS_3),authTuple(issuerId,fp(pk(skA1)),signers0,algH,verH),pk(skA1),framedNoMh(OT_ATTEST,algH,issuerId,fp(pk(skA1)),canonVerH,a_2)) at {68} in copy a_4

out(honestSetCh, authTuple(issuerId,fp(pk(skA1)),signers0,algH,verH)) at {20} in copy a_5 received at {92} in copy a_6

out(setCh, (authTuple(issuerId,fp(pk(skA1)),signers0,algH,verH),verified1(pk(skA1)))) at {69} in copy a_4 received at {93} in copy a_6

event HonestComplete(authTuple(issuerId,fp(pk(skA1)),signers0,algH,verH),verified1(pk(skA1))) at {104} in copy a_6 (goal)

The event HonestComplete(authTuple(issuerId,fp(pk(skA1)),signers0,algH,verH),verified1(pk(skA1))) is executed at {104} in copy a_6.
A trace has been found.
RESULT not event(HonestComplete(authTuple(issuerId[],fp(pk(skA1[])),signers0,algH[],verH[]),verified1(k1))) is false.
-- Query not event(HonestComplete(authTuple(issuerId2[],fp(pk(skA2[])),signers1(fp(pk(skB2[]))),algH[],verH[]),verified2(k1,k2))) in process 1.
Translating the process into Horn clauses...
Completing...
200 rules inserted. Base: 136 rules (64 with conclusion selected). Queue: 47 rules.
400 rules inserted. Base: 168 rules (79 with conclusion selected). Queue: 38 rules.
Starting query not event(HonestComplete(authTuple(issuerId2[],fp(pk(skA2[])),signers1(fp(pk(skB2[]))),algH[],verH[]),verified2(k1,k2)))
goal reachable: event(HonestComplete(authTuple(issuerId2[],fp(pk(skA2[])),signers1(fp(pk(skB2[]))),algH[],verH[]),verified2(pk(skA2[]),pk(skB2[]))))

Derivation:

1. The message authTuple(issuerId2[],fp(pk(skA2[])),signers1(fp(pk(skB2[]))),algH[],verH[]) may be sent on channel honestSetCh[] at output {22}.
mess(honestSetCh[],authTuple(issuerId2[],fp(pk(skA2[])),signers1(fp(pk(skB2[]))),algH[],verH[])).

2. The attacker has some term plb_1.
attacker(plb_1).

3. The attacker initially knows canonVerH[].
attacker(canonVerH[]).

4. The message pk(skB2[]) may be sent to the attacker at output {7}.
attacker(pk(skB2[])).

5. By 4, the attacker may know pk(skB2[]).
Using the function fp the attacker may obtain fp(pk(skB2[])).
attacker(fp(pk(skB2[]))).

6. The attacker initially knows issuerId2[].
attacker(issuerId2[]).

7. The attacker initially knows algH[].
attacker(algH[]).

8. Using the function OT_ATTEST the attacker may obtain OT_ATTEST.
attacker(OT_ATTEST).

9. By 8, the attacker may know OT_ATTEST.
By 7, the attacker may know algH[].
By 6, the attacker may know issuerId2[].
By 5, the attacker may know fp(pk(skB2[])).
By 3, the attacker may know canonVerH[].
By 2, the attacker may know plb_1.
Using the function framedNoMh the attacker may obtain framedNoMh(OT_ATTEST,algH[],issuerId2[],fp(pk(skB2[])),canonVerH[],plb_1).
attacker(framedNoMh(OT_ATTEST,algH[],issuerId2[],fp(pk(skB2[])),canonVerH[],plb_1)).

10. The attacker has some term pla_2.
attacker(pla_2).

11. The message pk(skA2[]) may be sent to the attacker at output {6}.
attacker(pk(skA2[])).

12. By 11, the attacker may know pk(skA2[]).
Using the function fp the attacker may obtain fp(pk(skA2[])).
attacker(fp(pk(skA2[]))).

13. By 8, the attacker may know OT_ATTEST.
By 7, the attacker may know algH[].
By 6, the attacker may know issuerId2[].
By 12, the attacker may know fp(pk(skA2[])).
By 3, the attacker may know canonVerH[].
By 10, the attacker may know pla_2.
Using the function framedNoMh the attacker may obtain framedNoMh(OT_ATTEST,algH[],issuerId2[],fp(pk(skA2[])),canonVerH[],pla_2).
attacker(framedNoMh(OT_ATTEST,algH[],issuerId2[],fp(pk(skA2[])),canonVerH[],pla_2)).

14. The message plb_1 that the attacker may have by 2 may be received at input {50}.
So the message sign((BYTES,framedNoMh(OT_ATTEST,algH[],issuerId2[],fp(pk(skB2[])),canonVerH[],plb_1)),skB2[]) may be sent to the attacker at output {58}.
attacker(sign((BYTES,framedNoMh(OT_ATTEST,algH[],issuerId2[],fp(pk(skB2[])),canonVerH[],plb_1)),skB2[])).

15. The message pla_2 that the attacker may have by 10 may be received at input {38}.
So the message sign((BYTES,framedNoMh(OT_ATTEST,algH[],issuerId2[],fp(pk(skA2[])),canonVerH[],pla_2)),skA2[]) may be sent to the attacker at output {46}.
attacker(sign((BYTES,framedNoMh(OT_ATTEST,algH[],issuerId2[],fp(pk(skA2[])),canonVerH[],pla_2)),skA2[])).

16. The attacker has some term payload_3.
attacker(payload_3).

17. The message payload_3 that the attacker may have by 16 may be received at input {50}.
So the message sign((POSS,fp(pk(skB2[]))),skB2[]) may be sent to the attacker at output {54}.
attacker(sign((POSS,fp(pk(skB2[]))),skB2[])).

18. The attacker has some term payload_4.
attacker(payload_4).

19. The message payload_4 that the attacker may have by 18 may be received at input {38}.
So the message sign((POSS,fp(pk(skA2[]))),skA2[]) may be sent to the attacker at output {42}.
attacker(sign((POSS,fp(pk(skA2[]))),skA2[])).

20. The message skS[] may be sent to the attacker at output {10}.
attacker(skS[]).

21. The attacker initially knows verH[].
attacker(verH[]).

22. By 5, the attacker may know fp(pk(skB2[])).
Using the function signers1 the attacker may obtain signers1(fp(pk(skB2[]))).
attacker(signers1(fp(pk(skB2[])))).

23. By 6, the attacker may know issuerId2[].
By 12, the attacker may know fp(pk(skA2[])).
By 22, the attacker may know signers1(fp(pk(skB2[]))).
By 7, the attacker may know algH[].
By 21, the attacker may know verH[].
Using the function authTuple the attacker may obtain authTuple(issuerId2[],fp(pk(skA2[])),signers1(fp(pk(skB2[]))),algH[],verH[]).
attacker(authTuple(issuerId2[],fp(pk(skA2[])),signers1(fp(pk(skB2[]))),algH[],verH[])).

24. By 23, the attacker may know authTuple(issuerId2[],fp(pk(skA2[])),signers1(fp(pk(skB2[]))),algH[],verH[]).
Using the function h the attacker may obtain h(authTuple(issuerId2[],fp(pk(skA2[])),signers1(fp(pk(skB2[]))),algH[],verH[])).
attacker(h(authTuple(issuerId2[],fp(pk(skA2[])),signers1(fp(pk(skB2[]))),algH[],verH[]))).

25. Using the function STMT_DIGEST the attacker may obtain STMT_DIGEST.
attacker(STMT_DIGEST).

26. By 25, the attacker may know STMT_DIGEST.
By 24, the attacker may know h(authTuple(issuerId2[],fp(pk(skA2[])),signers1(fp(pk(skB2[]))),algH[],verH[])).
Using the function 2-tuple the attacker may obtain (STMT_DIGEST,h(authTuple(issuerId2[],fp(pk(skA2[])),signers1(fp(pk(skB2[]))),algH[],verH[]))).
attacker((STMT_DIGEST,h(authTuple(issuerId2[],fp(pk(skA2[])),signers1(fp(pk(skB2[]))),algH[],verH[])))).

27. By 26, the attacker may know (STMT_DIGEST,h(authTuple(issuerId2[],fp(pk(skA2[])),signers1(fp(pk(skB2[]))),algH[],verH[]))).
By 20, the attacker may know skS[].
Using the function sign the attacker may obtain sign((STMT_DIGEST,h(authTuple(issuerId2[],fp(pk(skA2[])),signers1(fp(pk(skB2[]))),algH[],verH[]))),skS[]).
attacker(sign((STMT_DIGEST,h(authTuple(issuerId2[],fp(pk(skA2[])),signers1(fp(pk(skB2[]))),algH[],verH[]))),skS[])).

28. By 23, the attacker may know authTuple(issuerId2[],fp(pk(skA2[])),signers1(fp(pk(skB2[]))),algH[],verH[]).
By 27, the attacker may know sign((STMT_DIGEST,h(authTuple(issuerId2[],fp(pk(skA2[])),signers1(fp(pk(skB2[]))),algH[],verH[]))),skS[]).
By 11, the attacker may know pk(skA2[]).
By 4, the attacker may know pk(skB2[]).
By 19, the attacker may know sign((POSS,fp(pk(skA2[]))),skA2[]).
By 17, the attacker may know sign((POSS,fp(pk(skB2[]))),skB2[]).
By 15, the attacker may know sign((BYTES,framedNoMh(OT_ATTEST,algH[],issuerId2[],fp(pk(skA2[])),canonVerH[],pla_2)),skA2[]).
By 14, the attacker may know sign((BYTES,framedNoMh(OT_ATTEST,algH[],issuerId2[],fp(pk(skB2[])),canonVerH[],plb_1)),skB2[]).
By 13, the attacker may know framedNoMh(OT_ATTEST,algH[],issuerId2[],fp(pk(skA2[])),canonVerH[],pla_2).
By 9, the attacker may know framedNoMh(OT_ATTEST,algH[],issuerId2[],fp(pk(skB2[])),canonVerH[],plb_1).
Using the function 10-tuple the attacker may obtain (authTuple(issuerId2[],fp(pk(skA2[])),signers1(fp(pk(skB2[]))),algH[],verH[]),sign((STMT_DIGEST,h(authTuple(issuerId2[],fp(pk(skA2[])),signers1(fp(pk(skB2[]))),algH[],verH[]))),skS[]),pk(skA2[]),pk(skB2[]),sign((POSS,fp(pk(skA2[]))),skA2[]),sign((POSS,fp(pk(skB2[]))),skB2[]),sign((BYTES,framedNoMh(OT_ATTEST,algH[],issuerId2[],fp(pk(skA2[])),canonVerH[],pla_2)),skA2[]),sign((BYTES,framedNoMh(OT_ATTEST,algH[],issuerId2[],fp(pk(skB2[])),canonVerH[],plb_1)),skB2[]),framedNoMh(OT_ATTEST,algH[],issuerId2[],fp(pk(skA2[])),canonVerH[],pla_2),framedNoMh(OT_ATTEST,algH[],issuerId2[],fp(pk(skB2[])),canonVerH[],plb_1)).
attacker((authTuple(issuerId2[],fp(pk(skA2[])),signers1(fp(pk(skB2[]))),algH[],verH[]),sign((STMT_DIGEST,h(authTuple(issuerId2[],fp(pk(skA2[])),signers1(fp(pk(skB2[]))),algH[],verH[]))),skS[]),pk(skA2[]),pk(skB2[]),sign((POSS,fp(pk(skA2[]))),skA2[]),sign((POSS,fp(pk(skB2[]))),skB2[]),sign((BYTES,framedNoMh(OT_ATTEST,algH[],issuerId2[],fp(pk(skA2[])),canonVerH[],pla_2)),skA2[]),sign((BYTES,framedNoMh(OT_ATTEST,algH[],issuerId2[],fp(pk(skB2[])),canonVerH[],plb_1)),skB2[]),framedNoMh(OT_ATTEST,algH[],issuerId2[],fp(pk(skA2[])),canonVerH[],pla_2),framedNoMh(OT_ATTEST,algH[],issuerId2[],fp(pk(skB2[])),canonVerH[],plb_1))).

29. The message (authTuple(issuerId2[],fp(pk(skA2[])),signers1(fp(pk(skB2[]))),algH[],verH[]),sign((STMT_DIGEST,h(authTuple(issuerId2[],fp(pk(skA2[])),signers1(fp(pk(skB2[]))),algH[],verH[]))),skS[]),pk(skA2[]),pk(skB2[]),sign((POSS,fp(pk(skA2[]))),skA2[]),sign((POSS,fp(pk(skB2[]))),skB2[]),sign((BYTES,framedNoMh(OT_ATTEST,algH[],issuerId2[],fp(pk(skA2[])),canonVerH[],pla_2)),skA2[]),sign((BYTES,framedNoMh(OT_ATTEST,algH[],issuerId2[],fp(pk(skB2[])),canonVerH[],plb_1)),skB2[]),framedNoMh(OT_ATTEST,algH[],issuerId2[],fp(pk(skA2[])),canonVerH[],pla_2),framedNoMh(OT_ATTEST,algH[],issuerId2[],fp(pk(skB2[])),canonVerH[],plb_1)) that the attacker may have by 28 may be received at input {74}.
So the message (authTuple(issuerId2[],fp(pk(skA2[])),signers1(fp(pk(skB2[]))),algH[],verH[]),verified2(pk(skA2[]),pk(skB2[]))) may be sent on channel setCh[] at output {86}.
mess(setCh[],(authTuple(issuerId2[],fp(pk(skA2[])),signers1(fp(pk(skB2[]))),algH[],verH[]),verified2(pk(skA2[]),pk(skB2[])))).

30. The message authTuple(issuerId2[],fp(pk(skA2[])),signers1(fp(pk(skB2[]))),algH[],verH[]) that may be sent on channel honestSetCh[] by 1 may be received at input {92}.
The message (authTuple(issuerId2[],fp(pk(skA2[])),signers1(fp(pk(skB2[]))),algH[],verH[]),verified2(pk(skA2[]),pk(skB2[]))) that may be sent on channel setCh[] by 29 may be received at input {93}.
So event HonestComplete(authTuple(issuerId2[],fp(pk(skA2[])),signers1(fp(pk(skB2[]))),algH[],verH[]),verified2(pk(skA2[]),pk(skB2[]))) may be executed at {98}.
event(HonestComplete(authTuple(issuerId2[],fp(pk(skA2[])),signers1(fp(pk(skB2[]))),algH[],verH[]),verified2(pk(skA2[]),pk(skB2[])))).

31. By 30, event(HonestComplete(authTuple(issuerId2[],fp(pk(skA2[])),signers1(fp(pk(skB2[]))),algH[],verH[]),verified2(pk(skA2[]),pk(skB2[])))).
The goal is reached, represented in the following fact:
event(HonestComplete(authTuple(issuerId2[],fp(pk(skA2[])),signers1(fp(pk(skB2[]))),algH[],verH[]),verified2(pk(skA2[]),pk(skB2[])))).


A more detailed output of the traces is available with
  set traceDisplay = long.

new skS: skey creating skS_3 at {1}

out(c, ~M) with ~M = pk(skS_3) at {4}

out(c, ~M_1) with ~M_1 = pk(skA1) at {5}

out(c, ~M_2) with ~M_2 = pk(skA2) at {6}

out(c, ~M_3) with ~M_3 = pk(skB2) at {7}

out(c, authTuple(~M_4,~M_5,~M_6,~M_7,~M_8)) with ~M_4 = issuerId, ~M_5 = fp(pk(skA1)), ~M_6 = signers0, ~M_7 = algH, ~M_8 = verH at {8}

out(c, authTuple(~M_9,~M_10,signers1(~M_11),~M_12,~M_13)) with ~M_9 = issuerId2, ~M_10 = fp(pk(skA2)), ~M_11 = fp(pk(skB2)), ~M_12 = algH, ~M_13 = verH at {9}

out(c, ~M_14) with ~M_14 = skS_3 at {10}

in(c, a) at {38} in copy a_1

event IssuerPossession(pk(skA2)) at {39} in copy a_1

out(c, ~M_15) with ~M_15 = sign((POSS,fp(pk(skA2))),skA2) at {42} in copy a_1

event IssuerSigned(pk(skA2),framedNoMh(OT_ATTEST,algH,issuerId2,fp(pk(skA2)),canonVerH,a)) at {44} in copy a_1

out(c, ~M_16) with ~M_16 = sign((BYTES,framedNoMh(OT_ATTEST,algH,issuerId2,fp(pk(skA2)),canonVerH,a)),skA2) at {46} in copy a_1

in(c, a_2) at {38} in copy a_3

event IssuerPossession(pk(skA2)) at {39} in copy a_3

out(c, ~M_17) with ~M_17 = sign((POSS,fp(pk(skA2))),skA2) at {42} in copy a_3

event IssuerSigned(pk(skA2),framedNoMh(OT_ATTEST,algH,issuerId2,fp(pk(skA2)),canonVerH,a_2)) at {44} in copy a_3

out(c, ~M_18) with ~M_18 = sign((BYTES,framedNoMh(OT_ATTEST,algH,issuerId2,fp(pk(skA2)),canonVerH,a_2)),skA2) at {46} in copy a_3

in(c, a_4) at {50} in copy a_5

event IssuerPossession(pk(skB2)) at {51} in copy a_5

out(c, ~M_19) with ~M_19 = sign((POSS,fp(pk(skB2))),skB2) at {54} in copy a_5

event IssuerSigned(pk(skB2),framedNoMh(OT_ATTEST,algH,issuerId2,fp(pk(skB2)),canonVerH,a_4)) at {56} in copy a_5

out(c, ~M_20) with ~M_20 = sign((BYTES,framedNoMh(OT_ATTEST,algH,issuerId2,fp(pk(skB2)),canonVerH,a_4)),skB2) at {58} in copy a_5

in(c, a_6) at {50} in copy a_7

event IssuerPossession(pk(skB2)) at {51} in copy a_7

out(c, ~M_21) with ~M_21 = sign((POSS,fp(pk(skB2))),skB2) at {54} in copy a_7

event IssuerSigned(pk(skB2),framedNoMh(OT_ATTEST,algH,issuerId2,fp(pk(skB2)),canonVerH,a_6)) at {56} in copy a_7

out(c, ~M_22) with ~M_22 = sign((BYTES,framedNoMh(OT_ATTEST,algH,issuerId2,fp(pk(skB2)),canonVerH,a_6)),skB2) at {58} in copy a_7

in(c, (authTuple(issuerId2,fp(~M_2),signers1(fp(~M_3)),algH,verH),sign((STMT_DIGEST,h(authTuple(issuerId2,fp(~M_2),signers1(fp(~M_3)),algH,verH))),~M_14),~M_2,~M_3,~M_15,~M_19,~M_18,~M_22,framedNoMh(OT_ATTEST,algH,issuerId2,fp(~M_2),canonVerH,a_2),framedNoMh(OT_ATTEST,algH,issuerId2,fp(~M_3),canonVerH,a_6))) with fp(~M_2) = fp(pk(skA2)), fp(~M_3) = fp(pk(skB2)), sign((STMT_DIGEST,h(authTuple(issuerId2,fp(~M_2),signers1(fp(~M_3)),algH,verH))),~M_14) = sign((STMT_DIGEST,h(authTuple(issuerId2,fp(pk(skA2)),signers1(fp(pk(skB2))),algH,verH))),skS_3), ~M_2 = pk(skA2), ~M_3 = pk(skB2), ~M_15 = sign((POSS,fp(pk(skA2))),skA2), ~M_19 = sign((POSS,fp(pk(skB2))),skB2), ~M_18 = sign((BYTES,framedNoMh(OT_ATTEST,algH,issuerId2,fp(pk(skA2)),canonVerH,a_2)),skA2), ~M_22 = sign((BYTES,framedNoMh(OT_ATTEST,algH,issuerId2,fp(pk(skB2)),canonVerH,a_6)),skB2), fp(~M_2) = fp(pk(skA2)), fp(~M_3) = fp(pk(skB2)) at {74} in copy a_8

event Accept2S(sign((STMT_DIGEST,h(authTuple(issuerId2,fp(pk(skA2)),signers1(fp(pk(skB2))),algH,verH))),skS_3),authTuple(issuerId2,fp(pk(skA2)),signers1(fp(pk(skB2))),algH,verH),pk(skA2),pk(skB2),framedNoMh(OT_ATTEST,algH,issuerId2,fp(pk(skA2)),canonVerH,a_2),framedNoMh(OT_ATTEST,algH,issuerId2,fp(pk(skB2)),canonVerH,a_6)) at {85} in copy a_8

out(honestSetCh, authTuple(issuerId2,fp(pk(skA2)),signers1(fp(pk(skB2))),algH,verH)) at {22} in copy a_9 received at {92} in copy a_10

out(setCh, (authTuple(issuerId2,fp(pk(skA2)),signers1(fp(pk(skB2))),algH,verH),verified2(pk(skA2),pk(skB2)))) at {86} in copy a_8 received at {93} in copy a_10

event HonestComplete(authTuple(issuerId2,fp(pk(skA2)),signers1(fp(pk(skB2))),algH,verH),verified2(pk(skA2),pk(skB2))) at {98} in copy a_10 (goal)

The event HonestComplete(authTuple(issuerId2,fp(pk(skA2)),signers1(fp(pk(skB2))),algH,verH),verified2(pk(skA2),pk(skB2))) is executed at {98} in copy a_10.
A trace has been found.
RESULT not event(HonestComplete(authTuple(issuerId2[],fp(pk(skA2[])),signers1(fp(pk(skB2[]))),algH[],verH[]),verified2(k1,k2))) is false.
-- Query not event(HonestAccepted(k,fb_4)) in process 1.
Translating the process into Horn clauses...
Completing...
200 rules inserted. Base: 133 rules (64 with conclusion selected). Queue: 48 rules.
400 rules inserted. Base: 162 rules (80 with conclusion selected). Queue: 33 rules.
Starting query not event(HonestAccepted(k,fb_4))
goal reachable: attacker(pla_2) -> event(HonestAccepted(pk(skB2[]),framedNoMh(OT_ATTEST,algH[],issuerId2[],fp(pk(skB2[])),canonVerH[],pla_2)))

Derivation:

1. We assume as hypothesis that
attacker(pla_2).

2. The message pla_2 that the attacker may have by 1 may be received at input {50}.
So the message (pk(skB2[]),framedNoMh(OT_ATTEST,algH[],issuerId2[],fp(pk(skB2[])),canonVerH[],pla_2)) may be sent on channel honestCh[] at output {57}.
mess(honestCh[],(pk(skB2[]),framedNoMh(OT_ATTEST,algH[],issuerId2[],fp(pk(skB2[])),canonVerH[],pla_2))).

3. The attacker initially knows canonVerH[].
attacker(canonVerH[]).

4. The message pk(skB2[]) may be sent to the attacker at output {7}.
attacker(pk(skB2[])).

5. By 4, the attacker may know pk(skB2[]).
Using the function fp the attacker may obtain fp(pk(skB2[])).
attacker(fp(pk(skB2[]))).

6. The attacker initially knows issuerId2[].
attacker(issuerId2[]).

7. The attacker initially knows algH[].
attacker(algH[]).

8. Using the function OT_ATTEST the attacker may obtain OT_ATTEST.
attacker(OT_ATTEST).

9. By 8, the attacker may know OT_ATTEST.
By 7, the attacker may know algH[].
By 6, the attacker may know issuerId2[].
By 5, the attacker may know fp(pk(skB2[])).
By 3, the attacker may know canonVerH[].
By 1, the attacker may know pla_2.
Using the function framedNoMh the attacker may obtain framedNoMh(OT_ATTEST,algH[],issuerId2[],fp(pk(skB2[])),canonVerH[],pla_2).
attacker(framedNoMh(OT_ATTEST,algH[],issuerId2[],fp(pk(skB2[])),canonVerH[],pla_2)).

10. The message pla_2 that the attacker may have by 1 may be received at input {50}.
So the message sign((BYTES,framedNoMh(OT_ATTEST,algH[],issuerId2[],fp(pk(skB2[])),canonVerH[],pla_2)),skB2[]) may be sent to the attacker at output {58}.
attacker(sign((BYTES,framedNoMh(OT_ATTEST,algH[],issuerId2[],fp(pk(skB2[])),canonVerH[],pla_2)),skB2[])).

11. The attacker has some term payload_3.
attacker(payload_3).

12. The message payload_3 that the attacker may have by 11 may be received at input {50}.
So the message sign((POSS,fp(pk(skB2[]))),skB2[]) may be sent to the attacker at output {54}.
attacker(sign((POSS,fp(pk(skB2[]))),skB2[])).

13. The message skS[] may be sent to the attacker at output {10}.
attacker(skS[]).

14. The attacker has some term ver_2.
attacker(ver_2).

15. Using the function signers0 the attacker may obtain signers0.
attacker(signers0).

16. By 6, the attacker may know issuerId2[].
By 5, the attacker may know fp(pk(skB2[])).
By 15, the attacker may know signers0.
By 7, the attacker may know algH[].
By 14, the attacker may know ver_2.
Using the function authTuple the attacker may obtain authTuple(issuerId2[],fp(pk(skB2[])),signers0,algH[],ver_2).
attacker(authTuple(issuerId2[],fp(pk(skB2[])),signers0,algH[],ver_2)).

17. By 16, the attacker may know authTuple(issuerId2[],fp(pk(skB2[])),signers0,algH[],ver_2).
Using the function h the attacker may obtain h(authTuple(issuerId2[],fp(pk(skB2[])),signers0,algH[],ver_2)).
attacker(h(authTuple(issuerId2[],fp(pk(skB2[])),signers0,algH[],ver_2))).

18. Using the function STMT_DIGEST the attacker may obtain STMT_DIGEST.
attacker(STMT_DIGEST).

19. By 18, the attacker may know STMT_DIGEST.
By 17, the attacker may know h(authTuple(issuerId2[],fp(pk(skB2[])),signers0,algH[],ver_2)).
Using the function 2-tuple the attacker may obtain (STMT_DIGEST,h(authTuple(issuerId2[],fp(pk(skB2[])),signers0,algH[],ver_2))).
attacker((STMT_DIGEST,h(authTuple(issuerId2[],fp(pk(skB2[])),signers0,algH[],ver_2)))).

20. By 19, the attacker may know (STMT_DIGEST,h(authTuple(issuerId2[],fp(pk(skB2[])),signers0,algH[],ver_2))).
By 13, the attacker may know skS[].
Using the function sign the attacker may obtain sign((STMT_DIGEST,h(authTuple(issuerId2[],fp(pk(skB2[])),signers0,algH[],ver_2))),skS[]).
attacker(sign((STMT_DIGEST,h(authTuple(issuerId2[],fp(pk(skB2[])),signers0,algH[],ver_2))),skS[])).

21. By 16, the attacker may know authTuple(issuerId2[],fp(pk(skB2[])),signers0,algH[],ver_2).
By 20, the attacker may know sign((STMT_DIGEST,h(authTuple(issuerId2[],fp(pk(skB2[])),signers0,algH[],ver_2))),skS[]).
By 4, the attacker may know pk(skB2[]).
By 12, the attacker may know sign((POSS,fp(pk(skB2[]))),skB2[]).
By 10, the attacker may know sign((BYTES,framedNoMh(OT_ATTEST,algH[],issuerId2[],fp(pk(skB2[])),canonVerH[],pla_2)),skB2[]).
By 9, the attacker may know framedNoMh(OT_ATTEST,algH[],issuerId2[],fp(pk(skB2[])),canonVerH[],pla_2).
Using the function 6-tuple the attacker may obtain (authTuple(issuerId2[],fp(pk(skB2[])),signers0,algH[],ver_2),sign((STMT_DIGEST,h(authTuple(issuerId2[],fp(pk(skB2[])),signers0,algH[],ver_2))),skS[]),pk(skB2[]),sign((POSS,fp(pk(skB2[]))),skB2[]),sign((BYTES,framedNoMh(OT_ATTEST,algH[],issuerId2[],fp(pk(skB2[])),canonVerH[],pla_2)),skB2[]),framedNoMh(OT_ATTEST,algH[],issuerId2[],fp(pk(skB2[])),canonVerH[],pla_2)).
attacker((authTuple(issuerId2[],fp(pk(skB2[])),signers0,algH[],ver_2),sign((STMT_DIGEST,h(authTuple(issuerId2[],fp(pk(skB2[])),signers0,algH[],ver_2))),skS[]),pk(skB2[]),sign((POSS,fp(pk(skB2[]))),skB2[]),sign((BYTES,framedNoMh(OT_ATTEST,algH[],issuerId2[],fp(pk(skB2[])),canonVerH[],pla_2)),skB2[]),framedNoMh(OT_ATTEST,algH[],issuerId2[],fp(pk(skB2[])),canonVerH[],pla_2))).

22. The message (authTuple(issuerId2[],fp(pk(skB2[])),signers0,algH[],ver_2),sign((STMT_DIGEST,h(authTuple(issuerId2[],fp(pk(skB2[])),signers0,algH[],ver_2))),skS[]),pk(skB2[]),sign((POSS,fp(pk(skB2[]))),skB2[]),sign((BYTES,framedNoMh(OT_ATTEST,algH[],issuerId2[],fp(pk(skB2[])),canonVerH[],pla_2)),skB2[]),framedNoMh(OT_ATTEST,algH[],issuerId2[],fp(pk(skB2[])),canonVerH[],pla_2)) that the attacker may have by 21 may be received at input {61}.
So the message (pk(skB2[]),issuerId2[],framedNoMh(OT_ATTEST,algH[],issuerId2[],fp(pk(skB2[])),canonVerH[],pla_2)) may be sent on channel acceptCh[] at output {71}.
mess(acceptCh[],(pk(skB2[]),issuerId2[],framedNoMh(OT_ATTEST,algH[],issuerId2[],fp(pk(skB2[])),canonVerH[],pla_2))).

23. The message (pk(skB2[]),framedNoMh(OT_ATTEST,algH[],issuerId2[],fp(pk(skB2[])),canonVerH[],pla_2)) that may be sent on channel honestCh[] by 2 may be received at input {114}.
The message (pk(skB2[]),issuerId2[],framedNoMh(OT_ATTEST,algH[],issuerId2[],fp(pk(skB2[])),canonVerH[],pla_2)) that may be sent on channel acceptCh[] by 22 may be received at input {115}.
So event HonestAccepted(pk(skB2[]),framedNoMh(OT_ATTEST,algH[],issuerId2[],fp(pk(skB2[])),canonVerH[],pla_2)) may be executed at {117}.
event(HonestAccepted(pk(skB2[]),framedNoMh(OT_ATTEST,algH[],issuerId2[],fp(pk(skB2[])),canonVerH[],pla_2))).

24. By 23, event(HonestAccepted(pk(skB2[]),framedNoMh(OT_ATTEST,algH[],issuerId2[],fp(pk(skB2[])),canonVerH[],pla_2))).
The goal is reached, represented in the following fact:
event(HonestAccepted(pk(skB2[]),framedNoMh(OT_ATTEST,algH[],issuerId2[],fp(pk(skB2[])),canonVerH[],pla_2))).


A more detailed output of the traces is available with
  set traceDisplay = long.

new skS: skey creating skS_3 at {1}

out(c, ~M) with ~M = pk(skS_3) at {4}

out(c, ~M_1) with ~M_1 = pk(skA1) at {5}

out(c, ~M_2) with ~M_2 = pk(skA2) at {6}

out(c, ~M_3) with ~M_3 = pk(skB2) at {7}

out(c, authTuple(~M_4,~M_5,~M_6,~M_7,~M_8)) with ~M_4 = issuerId, ~M_5 = fp(pk(skA1)), ~M_6 = signers0, ~M_7 = algH, ~M_8 = verH at {8}

out(c, authTuple(~M_9,~M_10,signers1(~M_11),~M_12,~M_13)) with ~M_9 = issuerId2, ~M_10 = fp(pk(skA2)), ~M_11 = fp(pk(skB2)), ~M_12 = algH, ~M_13 = verH at {9}

out(c, ~M_14) with ~M_14 = skS_3 at {10}

in(c, a) at {50} in copy a_1

event IssuerPossession(pk(skB2)) at {51} in copy a_1

out(c, ~M_15) with ~M_15 = sign((POSS,fp(pk(skB2))),skB2) at {54} in copy a_1

event IssuerSigned(pk(skB2),framedNoMh(OT_ATTEST,algH,issuerId2,fp(pk(skB2)),canonVerH,a)) at {56} in copy a_1

out(c, ~M_16) with ~M_16 = sign((BYTES,framedNoMh(OT_ATTEST,algH,issuerId2,fp(pk(skB2)),canonVerH,a)),skB2) at {58} in copy a_1

in(c, a_2) at {50} in copy a_3

event IssuerPossession(pk(skB2)) at {51} in copy a_3

out(c, ~M_17) with ~M_17 = sign((POSS,fp(pk(skB2))),skB2) at {54} in copy a_3

event IssuerSigned(pk(skB2),framedNoMh(OT_ATTEST,algH,issuerId2,fp(pk(skB2)),canonVerH,a_2)) at {56} in copy a_3

out(c, ~M_18) with ~M_18 = sign((BYTES,framedNoMh(OT_ATTEST,algH,issuerId2,fp(pk(skB2)),canonVerH,a_2)),skB2) at {58} in copy a_3

in(c, a_2) at {50} in copy a_4

event IssuerPossession(pk(skB2)) at {51} in copy a_4

out(c, ~M_19) with ~M_19 = sign((POSS,fp(pk(skB2))),skB2) at {54} in copy a_4

event IssuerSigned(pk(skB2),framedNoMh(OT_ATTEST,algH,issuerId2,fp(pk(skB2)),canonVerH,a_2)) at {56} in copy a_4

out(c, ~M_20) with ~M_20 = sign((BYTES,framedNoMh(OT_ATTEST,algH,issuerId2,fp(pk(skB2)),canonVerH,a_2)),skB2) at {58} in copy a_4

in(c, (authTuple(issuerId2,fp(~M_3),signers0,algH,a_5),sign((STMT_DIGEST,h(authTuple(issuerId2,fp(~M_3),signers0,algH,a_5))),~M_14),~M_3,~M_15,~M_18,framedNoMh(OT_ATTEST,algH,issuerId2,fp(~M_3),canonVerH,a_2))) with fp(~M_3) = fp(pk(skB2)), sign((STMT_DIGEST,h(authTuple(issuerId2,fp(~M_3),signers0,algH,a_5))),~M_14) = sign((STMT_DIGEST,h(authTuple(issuerId2,fp(pk(skB2)),signers0,algH,a_5))),skS_3), ~M_3 = pk(skB2), ~M_15 = sign((POSS,fp(pk(skB2))),skB2), ~M_18 = sign((BYTES,framedNoMh(OT_ATTEST,algH,issuerId2,fp(pk(skB2)),canonVerH,a_2)),skB2), fp(~M_3) = fp(pk(skB2)) at {61} in copy a_6

event Accept1S(sign((STMT_DIGEST,h(authTuple(issuerId2,fp(pk(skB2)),signers0,algH,a_5))),skS_3),authTuple(issuerId2,fp(pk(skB2)),signers0,algH,a_5),pk(skB2),framedNoMh(OT_ATTEST,algH,issuerId2,fp(pk(skB2)),canonVerH,a_2)) at {68} in copy a_6

out(honestCh, (pk(skB2),framedNoMh(OT_ATTEST,algH,issuerId2,fp(pk(skB2)),canonVerH,a_2))) at {57} in copy a_3 received at {114} in copy a_7

out(acceptCh, (pk(skB2),issuerId2,framedNoMh(OT_ATTEST,algH,issuerId2,fp(pk(skB2)),canonVerH,a_2))) at {71} in copy a_6 received at {115} in copy a_7

event HonestAccepted(pk(skB2),framedNoMh(OT_ATTEST,algH,issuerId2,fp(pk(skB2)),canonVerH,a_2)) at {117} in copy a_7 (goal)

The event HonestAccepted(pk(skB2),framedNoMh(OT_ATTEST,algH,issuerId2,fp(pk(skB2)),canonVerH,a_2)) is executed at {117} in copy a_7.
A trace has been found.
RESULT not event(HonestAccepted(k,fb_4)) is false.

--------------------------------------------------------------
Verification summary:

Query not event(Stripped(t_2,v)) is true.

Query not event(SignerForged(t_2,k)) is true.

Query not event(SetAltered(kH_2,m,t_2)) is false.

Query not event(Reattributed(kX_1,kH_2,fb_4)) is true.

Query not event(HonestComplete(authTuple(issuerId[],fp(pk(skA1[])),signers0,algH[],verH[]),verified1(k1))) is false.

Query not event(HonestComplete(authTuple(issuerId2[],fp(pk(skA2[])),signers1(fp(pk(skB2[]))),algH[],verH[]),verified2(k1,k2))) is false.

Query not event(HonestAccepted(k,fb_4)) is false.

--------------------------------------------------------------

