### STATUS: PROPOSED — 2026-09-06 — produced by the AI collaborator; not adopted; the commit is the author's. PROBE — NON-DISCHARGING.
### P4 join source: formal/tla/P4_VerifierStates.tla sha256=9f5c551641f6627f HEAD=5dfd82b working-tree=modified-uncommitted
### run-probe.sh per-invariant: P10_ManifestAuthority_A32Reading with P10_ManifestAuthority_A32Reading_Sanity.cfg (2026-09-06T19:32Z)
### one TLC run per invariant; each section is that run's evidentiary core

### ---- P10_ManifestAuthority_A32Reading / VerdictNeverStrict ----
Error: Invariant VerdictNeverStrict is violated.
Error: The behavior up to this point is:
State 1: <Initial predicate>
/\ phase = "setup"
/\ mkey = "kH"
/\ waived = {}
/\ ev = [ dns |->
      [ present |-> FALSE,
        names |-> "kH",
        sig |-> "valid",
        anchor |-> "consistent" ],
  repo |->
      [ present |-> FALSE,
        names |-> "kH",
        sig |-> "valid",
        anchor |-> "consistent" ] ]
/\ record = [policy |-> {}, why |-> <<>>]
/\ poss = "pass"
/\ compLater = {}
/\ verdict = "none"
/\ compIssue = {}

State 2: <Publish line 118, col 3 to line 121, col 76 of module P10_ManifestAuthority_A32Reading>
/\ phase = "published"
/\ mkey = "kH"
/\ waived = {}
/\ ev = [ dns |->
      [ present |-> TRUE,
        names |-> "kH",
        sig |-> "valid",
        anchor |-> "consistent" ],
  repo |->
      [ present |-> TRUE,
        names |-> "kH",
        sig |-> "valid",
        anchor |-> "consistent" ] ]
/\ record = [policy |-> {}, why |-> <<>>]
/\ poss = "pass"
/\ compLater = {}
/\ verdict = "none"
/\ compIssue = {}

State 3: <Present line 124, col 3 to line 128, col 68 of module P10_ManifestAuthority_A32Reading>
/\ phase = "presented"
/\ mkey = "kH"
/\ waived = {}
/\ ev = [ dns |->
      [ present |-> TRUE,
        names |-> "kH",
        sig |-> "valid",
        anchor |-> "consistent" ],
  repo |->
      [ present |-> TRUE,
        names |-> "kH",
        sig |-> "valid",
        anchor |-> "consistent" ] ]
/\ record = [policy |-> {}, why |-> <<>>]
/\ poss = "pass"
/\ compLater = {}
/\ verdict = "none"
/\ compIssue = {}

State 4: <Verify line 131, col 3 to line 135, col 63 of module P10_ManifestAuthority_A32Reading>
/\ phase = "verified"
/\ mkey = "kH"
/\ waived = {}
/\ ev = [ dns |->
      [ present |-> TRUE,
        names |-> "kH",
        sig |-> "valid",
        anchor |-> "consistent" ],
  repo |->
      [ present |-> TRUE,
        names |-> "kH",
        sig |-> "valid",
        anchor |-> "consistent" ] ]
/\ record = [policy |-> {}, why |-> <<>>]
/\ poss = "pass"
/\ compLater = {}
/\ verdict = "VALID_STRICT"
/\ compIssue = {}

23918 states generated, 23918 distinct states found, 18712 states left on queue.
Finished in 00s at (2026-09-06 19:32:32)
### exit=12

### ---- P10_ManifestAuthority_A32Reading / VerdictNeverDegraded ----
Error: Invariant VerdictNeverDegraded is violated.
Error: The behavior up to this point is:
State 1: <Initial predicate>
/\ phase = "setup"
/\ mkey = "kH"
/\ waived = {"dns"}
/\ ev = [ dns |->
      [ present |-> FALSE,
        names |-> "kH",
        sig |-> "valid",
        anchor |-> "consistent" ],
  repo |->
      [ present |-> FALSE,
        names |-> "kH",
        sig |-> "valid",
        anchor |-> "consistent" ] ]
/\ record = [policy |-> {}, why |-> <<>>]
/\ poss = "pass"
/\ compLater = {}
/\ verdict = "none"
/\ compIssue = {}

State 2: <Publish line 118, col 3 to line 121, col 76 of module P10_ManifestAuthority_A32Reading>
/\ phase = "published"
/\ mkey = "kH"
/\ waived = {"dns"}
/\ ev = [ dns |->
      [ present |-> FALSE,
        names |-> "kH",
        sig |-> "valid",
        anchor |-> "consistent" ],
  repo |->
      [ present |-> TRUE,
        names |-> "kH",
        sig |-> "valid",
        anchor |-> "consistent" ] ]
/\ record = [policy |-> {}, why |-> <<>>]
/\ poss = "pass"
/\ compLater = {}
/\ verdict = "none"
/\ compIssue = {}

State 3: <Present line 124, col 3 to line 128, col 68 of module P10_ManifestAuthority_A32Reading>
/\ phase = "presented"
/\ mkey = "kH"
/\ waived = {"dns"}
/\ ev = [ dns |->
      [ present |-> FALSE,
        names |-> "kH",
        sig |-> "valid",
        anchor |-> "consistent" ],
  repo |->
      [ present |-> TRUE,
        names |-> "kH",
        sig |-> "valid",
        anchor |-> "consistent" ] ]
/\ record = [policy |-> {}, why |-> <<>>]
/\ poss = "pass"
/\ compLater = {}
/\ verdict = "none"
/\ compIssue = {}

State 4: <Verify line 131, col 3 to line 135, col 63 of module P10_ManifestAuthority_A32Reading>
/\ phase = "verified"
/\ mkey = "kH"
/\ waived = {"dns"}
/\ ev = [ dns |->
      [ present |-> FALSE,
        names |-> "kH",
        sig |-> "valid",
        anchor |-> "consistent" ],
  repo |->
      [ present |-> TRUE,
        names |-> "kH",
        sig |-> "valid",
        anchor |-> "consistent" ] ]
/\ record = [policy |-> {"dns"}, why |-> [dns |-> "absent"]]
/\ poss = "pass"
/\ compLater = {}
/\ verdict = "VALID_DEGRADED"
/\ compIssue = {}

23989 states generated, 23989 distinct states found, 19022 states left on queue.
Finished in 00s at (2026-09-06 19:32:33)
### exit=12

### ---- P10_ManifestAuthority_A32Reading / VerdictNeverInvalid ----
Error: Invariant VerdictNeverInvalid is violated.
Error: The behavior up to this point is:
State 1: <Initial predicate>
/\ phase = "setup"
/\ mkey = "kH"
/\ waived = {"repo"}
/\ ev = [ dns |->
      [ present |-> FALSE,
        names |-> "kH",
        sig |-> "valid",
        anchor |-> "consistent" ],
  repo |->
      [ present |-> FALSE,
        names |-> "kH",
        sig |-> "valid",
        anchor |-> "consistent" ] ]
/\ record = [policy |-> {}, why |-> <<>>]
/\ poss = "pass"
/\ compLater = {}
/\ verdict = "none"
/\ compIssue = {}

State 2: <Publish line 118, col 3 to line 121, col 76 of module P10_ManifestAuthority_A32Reading>
/\ phase = "published"
/\ mkey = "kH"
/\ waived = {"repo"}
/\ ev = [ dns |->
      [ present |-> FALSE,
        names |-> "kH",
        sig |-> "valid",
        anchor |-> "consistent" ],
  repo |->
      [ present |-> FALSE,
        names |-> "kH",
        sig |-> "valid",
        anchor |-> "consistent" ] ]
/\ record = [policy |-> {}, why |-> <<>>]
/\ poss = "pass"
/\ compLater = {}
/\ verdict = "none"
/\ compIssue = {}

State 3: <Present line 124, col 3 to line 128, col 68 of module P10_ManifestAuthority_A32Reading>
/\ phase = "presented"
/\ mkey = "kH"
/\ waived = {"repo"}
/\ ev = [ dns |->
      [ present |-> FALSE,
        names |-> "kH",
        sig |-> "valid",
        anchor |-> "consistent" ],
  repo |->
      [ present |-> FALSE,
        names |-> "kH",
        sig |-> "valid",
        anchor |-> "consistent" ] ]
/\ record = [policy |-> {}, why |-> <<>>]
/\ poss = "fail"
/\ compLater = {}
/\ verdict = "none"
/\ compIssue = {}

State 4: <Verify line 131, col 3 to line 135, col 63 of module P10_ManifestAuthority_A32Reading>
/\ phase = "verified"
/\ mkey = "kH"
/\ waived = {"repo"}
/\ ev = [ dns |->
      [ present |-> FALSE,
        names |-> "kH",
        sig |-> "valid",
        anchor |-> "consistent" ],
  repo |->
      [ present |-> FALSE,
        names |-> "kH",
        sig |-> "valid",
        anchor |-> "consistent" ] ]
/\ record = [policy |-> {}, why |-> <<>>]
/\ poss = "fail"
/\ compLater = {}
/\ verdict = "INVALID"
/\ compIssue = {}

23492 states generated, 23492 distinct states found, 18773 states left on queue.
Finished in 00s at (2026-09-06 19:32:34)
### exit=12

### ---- P10_ManifestAuthority_A32Reading / VerdictNeverUnverifiable ----
Error: Invariant VerdictNeverUnverifiable is violated.
Error: The behavior up to this point is:
State 1: <Initial predicate>
/\ phase = "setup"
/\ mkey = "kH"
/\ waived = {}
/\ ev = [ dns |->
      [ present |-> FALSE,
        names |-> "kH",
        sig |-> "valid",
        anchor |-> "consistent" ],
  repo |->
      [ present |-> FALSE,
        names |-> "kH",
        sig |-> "valid",
        anchor |-> "consistent" ] ]
/\ record = [policy |-> {}, why |-> <<>>]
/\ poss = "pass"
/\ compLater = {}
/\ verdict = "none"
/\ compIssue = {}

State 2: <Publish line 118, col 3 to line 121, col 76 of module P10_ManifestAuthority_A32Reading>
/\ phase = "published"
/\ mkey = "kH"
/\ waived = {}
/\ ev = [ dns |->
      [ present |-> FALSE,
        names |-> "kH",
        sig |-> "valid",
        anchor |-> "consistent" ],
  repo |->
      [ present |-> FALSE,
        names |-> "kH",
        sig |-> "valid",
        anchor |-> "consistent" ] ]
/\ record = [policy |-> {}, why |-> <<>>]
/\ poss = "pass"
/\ compLater = {}
/\ verdict = "none"
/\ compIssue = {}

State 3: <Present line 124, col 3 to line 128, col 68 of module P10_ManifestAuthority_A32Reading>
/\ phase = "presented"
/\ mkey = "kH"
/\ waived = {}
/\ ev = [ dns |->
      [ present |-> FALSE,
        names |-> "kH",
        sig |-> "valid",
        anchor |-> "consistent" ],
  repo |->
      [ present |-> FALSE,
        names |-> "kH",
        sig |-> "valid",
        anchor |-> "consistent" ] ]
/\ record = [policy |-> {}, why |-> <<>>]
/\ poss = "pass"
/\ compLater = {}
/\ verdict = "none"
/\ compIssue = {}

State 4: <Verify line 131, col 3 to line 135, col 63 of module P10_ManifestAuthority_A32Reading>
/\ phase = "verified"
/\ mkey = "kH"
/\ waived = {}
/\ ev = [ dns |->
      [ present |-> FALSE,
        names |-> "kH",
        sig |-> "valid",
        anchor |-> "consistent" ],
  repo |->
      [ present |-> FALSE,
        names |-> "kH",
        sig |-> "valid",
        anchor |-> "consistent" ] ]
/\ record = [policy |-> {}, why |-> <<>>]
/\ poss = "pass"
/\ compLater = {}
/\ verdict = "UNVERIFIABLE"
/\ compIssue = {}

23091 states generated, 23091 distinct states found, 18473 states left on queue.
Finished in 00s at (2026-09-06 19:32:34)
### exit=12

### ---- P10_ManifestAuthority_A32Reading / DegradedNonAuthorizedUnreachable ----
Error: Invariant DegradedNonAuthorizedUnreachable is violated.
Error: The behavior up to this point is:
State 1: <Initial predicate>
/\ phase = "setup"
/\ mkey = "kH"
/\ waived = {"repo"}
/\ ev = [ dns |->
      [ present |-> FALSE,
        names |-> "kH",
        sig |-> "valid",
        anchor |-> "consistent" ],
  repo |->
      [ present |-> FALSE,
        names |-> "kH",
        sig |-> "valid",
        anchor |-> "consistent" ] ]
/\ record = [policy |-> {}, why |-> <<>>]
/\ poss = "pass"
/\ compLater = {}
/\ verdict = "none"
/\ compIssue = {"dns"}

State 2: <Publish line 118, col 3 to line 121, col 76 of module P10_ManifestAuthority_A32Reading>
/\ phase = "published"
/\ mkey = "kH"
/\ waived = {"repo"}
/\ ev = [ dns |->
      [ present |-> TRUE,
        names |-> "kA",
        sig |-> "valid",
        anchor |-> "consistent" ],
  repo |->
      [ present |-> FALSE,
        names |-> "kH",
        sig |-> "valid",
        anchor |-> "consistent" ] ]
/\ record = [policy |-> {}, why |-> <<>>]
/\ poss = "pass"
/\ compLater = {}
/\ verdict = "none"
/\ compIssue = {"dns"}

State 3: <Present line 124, col 3 to line 128, col 68 of module P10_ManifestAuthority_A32Reading>
/\ phase = "presented"
/\ mkey = "kA"
/\ waived = {"repo"}
/\ ev = [ dns |->
      [ present |-> TRUE,
        names |-> "kA",
        sig |-> "valid",
        anchor |-> "consistent" ],
  repo |->
      [ present |-> FALSE,
        names |-> "kH",
        sig |-> "valid",
        anchor |-> "consistent" ] ]
/\ record = [policy |-> {}, why |-> <<>>]
/\ poss = "pass"
/\ compLater = {}
/\ verdict = "none"
/\ compIssue = {"dns"}

State 4: <Verify line 131, col 3 to line 135, col 63 of module P10_ManifestAuthority_A32Reading>
/\ phase = "verified"
/\ mkey = "kA"
/\ waived = {"repo"}
/\ ev = [ dns |->
      [ present |-> TRUE,
        names |-> "kA",
        sig |-> "valid",
        anchor |-> "consistent" ],
  repo |->
      [ present |-> FALSE,
        names |-> "kH",
        sig |-> "valid",
        anchor |-> "consistent" ] ]
/\ record = [policy |-> {"repo"}, why |-> [repo |-> "absent"]]
/\ poss = "pass"
/\ compLater = {}
/\ verdict = "VALID_DEGRADED"
/\ compIssue = {"dns"}

27683 states generated, 27683 distinct states found, 19196 states left on queue.
Finished in 00s at (2026-09-06 19:32:35)
### exit=12

### ---- P10_ManifestAuthority_A32Reading / StrictNonAuthorizedUnreachable ----
Error: Invariant StrictNonAuthorizedUnreachable is violated.
Error: The behavior up to this point is:
State 1: <Initial predicate>
/\ phase = "setup"
/\ mkey = "kH"
/\ waived = {}
/\ ev = [ dns |->
      [ present |-> FALSE,
        names |-> "kH",
        sig |-> "valid",
        anchor |-> "consistent" ],
  repo |->
      [ present |-> FALSE,
        names |-> "kH",
        sig |-> "valid",
        anchor |-> "consistent" ] ]
/\ record = [policy |-> {}, why |-> <<>>]
/\ poss = "pass"
/\ compLater = {}
/\ verdict = "none"
/\ compIssue = {"dns", "repo"}

State 2: <Publish line 118, col 3 to line 121, col 76 of module P10_ManifestAuthority_A32Reading>
/\ phase = "published"
/\ mkey = "kH"
/\ waived = {}
/\ ev = [ dns |->
      [ present |-> TRUE,
        names |-> "kA",
        sig |-> "valid",
        anchor |-> "consistent" ],
  repo |->
      [ present |-> TRUE,
        names |-> "kA",
        sig |-> "valid",
        anchor |-> "consistent" ] ]
/\ record = [policy |-> {}, why |-> <<>>]
/\ poss = "pass"
/\ compLater = {}
/\ verdict = "none"
/\ compIssue = {"dns", "repo"}

State 3: <Present line 124, col 3 to line 128, col 68 of module P10_ManifestAuthority_A32Reading>
/\ phase = "presented"
/\ mkey = "kA"
/\ waived = {}
/\ ev = [ dns |->
      [ present |-> TRUE,
        names |-> "kA",
        sig |-> "valid",
        anchor |-> "consistent" ],
  repo |->
      [ present |-> TRUE,
        names |-> "kA",
        sig |-> "valid",
        anchor |-> "consistent" ] ]
/\ record = [policy |-> {}, why |-> <<>>]
/\ poss = "pass"
/\ compLater = {}
/\ verdict = "none"
/\ compIssue = {"dns", "repo"}

State 4: <Verify line 131, col 3 to line 135, col 63 of module P10_ManifestAuthority_A32Reading>
/\ phase = "verified"
/\ mkey = "kA"
/\ waived = {}
/\ ev = [ dns |->
      [ present |-> TRUE,
        names |-> "kA",
        sig |-> "valid",
        anchor |-> "consistent" ],
  repo |->
      [ present |-> TRUE,
        names |-> "kA",
        sig |-> "valid",
        anchor |-> "consistent" ] ]
/\ record = [policy |-> {}, why |-> <<>>]
/\ poss = "pass"
/\ compLater = {}
/\ verdict = "VALID_STRICT"
/\ compIssue = {"dns", "repo"}

38017 states generated, 38017 distinct states found, 19199 states left on queue.
Finished in 00s at (2026-09-06 19:32:36)
### exit=12

### ---- P10_ManifestAuthority_A32Reading / LateEvidenceUnreachable ----
Error: Invariant LateEvidenceUnreachable is violated.
Error: The behavior up to this point is:
State 1: <Initial predicate>
/\ phase = "setup"
/\ mkey = "kH"
/\ waived = {}
/\ ev = [ dns |->
      [ present |-> FALSE,
        names |-> "kH",
        sig |-> "valid",
        anchor |-> "consistent" ],
  repo |->
      [ present |-> FALSE,
        names |-> "kH",
        sig |-> "valid",
        anchor |-> "consistent" ] ]
/\ record = [policy |-> {}, why |-> <<>>]
/\ poss = "pass"
/\ compLater = {"dns"}
/\ verdict = "none"
/\ compIssue = {}

State 2: <Publish line 118, col 3 to line 121, col 76 of module P10_ManifestAuthority_A32Reading>
/\ phase = "published"
/\ mkey = "kH"
/\ waived = {}
/\ ev = [ dns |->
      [present |-> TRUE, names |-> "kH", sig |-> "valid", anchor |-> "late"],
  repo |->
      [ present |-> FALSE,
        names |-> "kH",
        sig |-> "valid",
        anchor |-> "consistent" ] ]
/\ record = [policy |-> {}, why |-> <<>>]
/\ poss = "pass"
/\ compLater = {"dns"}
/\ verdict = "none"
/\ compIssue = {}

State 3: <Present line 124, col 3 to line 128, col 68 of module P10_ManifestAuthority_A32Reading>
/\ phase = "presented"
/\ mkey = "kH"
/\ waived = {}
/\ ev = [ dns |->
      [present |-> TRUE, names |-> "kH", sig |-> "valid", anchor |-> "late"],
  repo |->
      [ present |-> FALSE,
        names |-> "kH",
        sig |-> "valid",
        anchor |-> "consistent" ] ]
/\ record = [policy |-> {}, why |-> <<>>]
/\ poss = "pass"
/\ compLater = {"dns"}
/\ verdict = "none"
/\ compIssue = {}

State 4: <Verify line 131, col 3 to line 135, col 63 of module P10_ManifestAuthority_A32Reading>
/\ phase = "verified"
/\ mkey = "kH"
/\ waived = {}
/\ ev = [ dns |->
      [present |-> TRUE, names |-> "kH", sig |-> "valid", anchor |-> "late"],
  repo |->
      [ present |-> FALSE,
        names |-> "kH",
        sig |-> "valid",
        anchor |-> "consistent" ] ]
/\ record = [policy |-> {}, why |-> <<>>]
/\ poss = "pass"
/\ compLater = {"dns"}
/\ verdict = "INVALID"
/\ compIssue = {}

24227 states generated, 24227 distinct states found, 19136 states left on queue.
Finished in 00s at (2026-09-06 19:32:37)
### exit=12

### ---- P10_ManifestAuthority_A32Reading / WhyNever_absent ----
Error: Invariant WhyNever_absent is violated.
Error: The behavior up to this point is:
State 1: <Initial predicate>
/\ phase = "setup"
/\ mkey = "kH"
/\ waived = {"dns"}
/\ ev = [ dns |->
      [ present |-> FALSE,
        names |-> "kH",
        sig |-> "valid",
        anchor |-> "consistent" ],
  repo |->
      [ present |-> FALSE,
        names |-> "kH",
        sig |-> "valid",
        anchor |-> "consistent" ] ]
/\ record = [policy |-> {}, why |-> <<>>]
/\ poss = "pass"
/\ compLater = {}
/\ verdict = "none"
/\ compIssue = {}

State 2: <Publish line 118, col 3 to line 121, col 76 of module P10_ManifestAuthority_A32Reading>
/\ phase = "published"
/\ mkey = "kH"
/\ waived = {"dns"}
/\ ev = [ dns |->
      [ present |-> FALSE,
        names |-> "kH",
        sig |-> "valid",
        anchor |-> "consistent" ],
  repo |->
      [ present |-> TRUE,
        names |-> "kH",
        sig |-> "valid",
        anchor |-> "consistent" ] ]
/\ record = [policy |-> {}, why |-> <<>>]
/\ poss = "pass"
/\ compLater = {}
/\ verdict = "none"
/\ compIssue = {}

State 3: <Present line 124, col 3 to line 128, col 68 of module P10_ManifestAuthority_A32Reading>
/\ phase = "presented"
/\ mkey = "kH"
/\ waived = {"dns"}
/\ ev = [ dns |->
      [ present |-> FALSE,
        names |-> "kH",
        sig |-> "valid",
        anchor |-> "consistent" ],
  repo |->
      [ present |-> TRUE,
        names |-> "kH",
        sig |-> "valid",
        anchor |-> "consistent" ] ]
/\ record = [policy |-> {}, why |-> <<>>]
/\ poss = "pass"
/\ compLater = {}
/\ verdict = "none"
/\ compIssue = {}

State 4: <Verify line 131, col 3 to line 135, col 63 of module P10_ManifestAuthority_A32Reading>
/\ phase = "verified"
/\ mkey = "kH"
/\ waived = {"dns"}
/\ ev = [ dns |->
      [ present |-> FALSE,
        names |-> "kH",
        sig |-> "valid",
        anchor |-> "consistent" ],
  repo |->
      [ present |-> TRUE,
        names |-> "kH",
        sig |-> "valid",
        anchor |-> "consistent" ] ]
/\ record = [policy |-> {"dns"}, why |-> [dns |-> "absent"]]
/\ poss = "pass"
/\ compLater = {}
/\ verdict = "VALID_DEGRADED"
/\ compIssue = {}

23592 states generated, 23592 distinct states found, 18670 states left on queue.
Finished in 00s at (2026-09-06 19:32:38)
### exit=12

### ---- P10_ManifestAuthority_A32Reading / WhyNever_unperformable ----
Error: Invariant WhyNever_unperformable is violated.
Error: The behavior up to this point is:
State 1: <Initial predicate>
/\ phase = "setup"
/\ mkey = "kH"
/\ waived = {"dns"}
/\ ev = [ dns |->
      [ present |-> FALSE,
        names |-> "kH",
        sig |-> "valid",
        anchor |-> "consistent" ],
  repo |->
      [ present |-> FALSE,
        names |-> "kH",
        sig |-> "valid",
        anchor |-> "consistent" ] ]
/\ record = [policy |-> {}, why |-> <<>>]
/\ poss = "pass"
/\ compLater = {}
/\ verdict = "none"
/\ compIssue = {}

State 2: <Publish line 118, col 3 to line 121, col 76 of module P10_ManifestAuthority_A32Reading>
/\ phase = "published"
/\ mkey = "kH"
/\ waived = {"dns"}
/\ ev = [ dns |->
      [ present |-> TRUE,
        names |-> "kH",
        sig |-> "unperformable",
        anchor |-> "consistent" ],
  repo |->
      [ present |-> TRUE,
        names |-> "kH",
        sig |-> "valid",
        anchor |-> "consistent" ] ]
/\ record = [policy |-> {}, why |-> <<>>]
/\ poss = "pass"
/\ compLater = {}
/\ verdict = "none"
/\ compIssue = {}

State 3: <Present line 124, col 3 to line 128, col 68 of module P10_ManifestAuthority_A32Reading>
/\ phase = "presented"
/\ mkey = "kH"
/\ waived = {"dns"}
/\ ev = [ dns |->
      [ present |-> TRUE,
        names |-> "kH",
        sig |-> "unperformable",
        anchor |-> "consistent" ],
  repo |->
      [ present |-> TRUE,
        names |-> "kH",
        sig |-> "valid",
        anchor |-> "consistent" ] ]
/\ record = [policy |-> {}, why |-> <<>>]
/\ poss = "pass"
/\ compLater = {}
/\ verdict = "none"
/\ compIssue = {}

State 4: <Verify line 131, col 3 to line 135, col 63 of module P10_ManifestAuthority_A32Reading>
/\ phase = "verified"
/\ mkey = "kH"
/\ waived = {"dns"}
/\ ev = [ dns |->
      [ present |-> TRUE,
        names |-> "kH",
        sig |-> "unperformable",
        anchor |-> "consistent" ],
  repo |->
      [ present |-> TRUE,
        names |-> "kH",
        sig |-> "valid",
        anchor |-> "consistent" ] ]
/\ record = [policy |-> {"dns"}, why |-> [dns |-> "unperformable"]]
/\ poss = "pass"
/\ compLater = {}
/\ verdict = "VALID_DEGRADED"
/\ compIssue = {}

24402 states generated, 24402 distinct states found, 19196 states left on queue.
Finished in 00s at (2026-09-06 19:32:39)
### exit=12

### ---- P10_ManifestAuthority_A32Reading / WhyNever_invalid ----
Model checking completed. No error has been found.
62448 states generated, 43248 distinct states found, 0 states left on queue.
Finished in 00s at (2026-09-06 19:32:40)
### exit=0

### ---- P10_ManifestAuthority_A32Reading / WhyNever_anchor_late ----
Model checking completed. No error has been found.
62448 states generated, 43248 distinct states found, 0 states left on queue.
Finished in 01s at (2026-09-06 19:32:41)
### exit=0

### ---- P10_ManifestAuthority_A32Reading / WhyNever_names_other_key ----
Model checking completed. No error has been found.
62448 states generated, 43248 distinct states found, 0 states left on queue.
Finished in 01s at (2026-09-06 19:32:42)
### exit=0

### ---- P10_ManifestAuthority_A32Reading / WhyNever_would_pass ----
Error: Invariant WhyNever_would_pass is violated.
Error: The behavior up to this point is:
State 1: <Initial predicate>
/\ phase = "setup"
/\ mkey = "kH"
/\ waived = {"repo"}
/\ ev = [ dns |->
      [ present |-> FALSE,
        names |-> "kH",
        sig |-> "valid",
        anchor |-> "consistent" ],
  repo |->
      [ present |-> FALSE,
        names |-> "kH",
        sig |-> "valid",
        anchor |-> "consistent" ] ]
/\ record = [policy |-> {}, why |-> <<>>]
/\ poss = "pass"
/\ compLater = {}
/\ verdict = "none"
/\ compIssue = {}

State 2: <Publish line 118, col 3 to line 121, col 76 of module P10_ManifestAuthority_A32Reading>
/\ phase = "published"
/\ mkey = "kH"
/\ waived = {"repo"}
/\ ev = [ dns |->
      [ present |-> TRUE,
        names |-> "kH",
        sig |-> "valid",
        anchor |-> "consistent" ],
  repo |->
      [ present |-> TRUE,
        names |-> "kH",
        sig |-> "valid",
        anchor |-> "consistent" ] ]
/\ record = [policy |-> {}, why |-> <<>>]
/\ poss = "pass"
/\ compLater = {}
/\ verdict = "none"
/\ compIssue = {}

State 3: <Present line 124, col 3 to line 128, col 68 of module P10_ManifestAuthority_A32Reading>
/\ phase = "presented"
/\ mkey = "kH"
/\ waived = {"repo"}
/\ ev = [ dns |->
      [ present |-> TRUE,
        names |-> "kH",
        sig |-> "valid",
        anchor |-> "consistent" ],
  repo |->
      [ present |-> TRUE,
        names |-> "kH",
        sig |-> "valid",
        anchor |-> "consistent" ] ]
/\ record = [policy |-> {}, why |-> <<>>]
/\ poss = "pass"
/\ compLater = {}
/\ verdict = "none"
/\ compIssue = {}

State 4: <Verify line 131, col 3 to line 135, col 63 of module P10_ManifestAuthority_A32Reading>
/\ phase = "verified"
/\ mkey = "kH"
/\ waived = {"repo"}
/\ ev = [ dns |->
      [ present |-> TRUE,
        names |-> "kH",
        sig |-> "valid",
        anchor |-> "consistent" ],
  repo |->
      [ present |-> TRUE,
        names |-> "kH",
        sig |-> "valid",
        anchor |-> "consistent" ] ]
/\ record = [policy |-> {"repo"}, why |-> [repo |-> "would_pass"]]
/\ poss = "pass"
/\ compLater = {}
/\ verdict = "VALID_DEGRADED"
/\ compIssue = {}

24471 states generated, 24471 distinct states found, 19198 states left on queue.
Finished in 00s at (2026-09-06 19:32:43)
### exit=12

### ---- P10_ManifestAuthority_A32Reading / UnverifiableViaAbsentUnreachable ----
Error: Invariant UnverifiableViaAbsentUnreachable is violated.
Error: The behavior up to this point is:
State 1: <Initial predicate>
/\ phase = "setup"
/\ mkey = "kH"
/\ waived = {}
/\ ev = [ dns |->
      [ present |-> FALSE,
        names |-> "kH",
        sig |-> "valid",
        anchor |-> "consistent" ],
  repo |->
      [ present |-> FALSE,
        names |-> "kH",
        sig |-> "valid",
        anchor |-> "consistent" ] ]
/\ record = [policy |-> {}, why |-> <<>>]
/\ poss = "pass"
/\ compLater = {}
/\ verdict = "none"
/\ compIssue = {}

State 2: <Publish line 118, col 3 to line 121, col 76 of module P10_ManifestAuthority_A32Reading>
/\ phase = "published"
/\ mkey = "kH"
/\ waived = {}
/\ ev = [ dns |->
      [ present |-> FALSE,
        names |-> "kH",
        sig |-> "valid",
        anchor |-> "consistent" ],
  repo |->
      [ present |-> FALSE,
        names |-> "kH",
        sig |-> "valid",
        anchor |-> "consistent" ] ]
/\ record = [policy |-> {}, why |-> <<>>]
/\ poss = "pass"
/\ compLater = {}
/\ verdict = "none"
/\ compIssue = {}

State 3: <Present line 124, col 3 to line 128, col 68 of module P10_ManifestAuthority_A32Reading>
/\ phase = "presented"
/\ mkey = "kH"
/\ waived = {}
/\ ev = [ dns |->
      [ present |-> FALSE,
        names |-> "kH",
        sig |-> "valid",
        anchor |-> "consistent" ],
  repo |->
      [ present |-> FALSE,
        names |-> "kH",
        sig |-> "valid",
        anchor |-> "consistent" ] ]
/\ record = [policy |-> {}, why |-> <<>>]
/\ poss = "pass"
/\ compLater = {}
/\ verdict = "none"
/\ compIssue = {}

State 4: <Verify line 131, col 3 to line 135, col 63 of module P10_ManifestAuthority_A32Reading>
/\ phase = "verified"
/\ mkey = "kH"
/\ waived = {}
/\ ev = [ dns |->
      [ present |-> FALSE,
        names |-> "kH",
        sig |-> "valid",
        anchor |-> "consistent" ],
  repo |->
      [ present |-> FALSE,
        names |-> "kH",
        sig |-> "valid",
        anchor |-> "consistent" ] ]
/\ record = [policy |-> {}, why |-> <<>>]
/\ poss = "pass"
/\ compLater = {}
/\ verdict = "UNVERIFIABLE"
/\ compIssue = {}

23715 states generated, 23715 distinct states found, 18941 states left on queue.
Finished in 00s at (2026-09-06 19:32:44)
### exit=12

### ---- P10_ManifestAuthority_A32Reading / InvalidViaConflictUnreachable ----
Error: Invariant InvalidViaConflictUnreachable is violated.
Error: The behavior up to this point is:
State 1: <Initial predicate>
/\ phase = "setup"
/\ mkey = "kH"
/\ waived = {"dns"}
/\ ev = [ dns |->
      [ present |-> FALSE,
        names |-> "kH",
        sig |-> "valid",
        anchor |-> "consistent" ],
  repo |->
      [ present |-> FALSE,
        names |-> "kH",
        sig |-> "valid",
        anchor |-> "consistent" ] ]
/\ record = [policy |-> {}, why |-> <<>>]
/\ poss = "pass"
/\ compLater = {}
/\ verdict = "none"
/\ compIssue = {}

State 2: <Publish line 118, col 3 to line 121, col 76 of module P10_ManifestAuthority_A32Reading>
/\ phase = "published"
/\ mkey = "kH"
/\ waived = {"dns"}
/\ ev = [ dns |->
      [ present |-> FALSE,
        names |-> "kH",
        sig |-> "valid",
        anchor |-> "consistent" ],
  repo |->
      [ present |-> TRUE,
        names |-> "kH",
        sig |-> "valid",
        anchor |-> "consistent" ] ]
/\ record = [policy |-> {}, why |-> <<>>]
/\ poss = "pass"
/\ compLater = {}
/\ verdict = "none"
/\ compIssue = {}

State 3: <Present line 124, col 3 to line 128, col 68 of module P10_ManifestAuthority_A32Reading>
/\ phase = "presented"
/\ mkey = "kA"
/\ waived = {"dns"}
/\ ev = [ dns |->
      [ present |-> FALSE,
        names |-> "kH",
        sig |-> "valid",
        anchor |-> "consistent" ],
  repo |->
      [ present |-> TRUE,
        names |-> "kH",
        sig |-> "valid",
        anchor |-> "consistent" ] ]
/\ record = [policy |-> {}, why |-> <<>>]
/\ poss = "pass"
/\ compLater = {}
/\ verdict = "none"
/\ compIssue = {}

State 4: <Verify line 131, col 3 to line 135, col 63 of module P10_ManifestAuthority_A32Reading>
/\ phase = "verified"
/\ mkey = "kA"
/\ waived = {"dns"}
/\ ev = [ dns |->
      [ present |-> FALSE,
        names |-> "kH",
        sig |-> "valid",
        anchor |-> "consistent" ],
  repo |->
      [ present |-> TRUE,
        names |-> "kH",
        sig |-> "valid",
        anchor |-> "consistent" ] ]
/\ record = [policy |-> {}, why |-> <<>>]
/\ poss = "pass"
/\ compLater = {}
/\ verdict = "INVALID"
/\ compIssue = {}

23368 states generated, 23368 distinct states found, 18656 states left on queue.
Finished in 00s at (2026-09-06 19:32:45)
### exit=12

### ---- P10_ManifestAuthority_A32Reading / DegradedWaivedFailUnreachable ----
Model checking completed. No error has been found.
62448 states generated, 43248 distinct states found, 0 states left on queue.
Finished in 01s at (2026-09-06 19:32:46)
### exit=0

### ---- P10_ManifestAuthority_A32Reading / UnverifiableWaivedFailUnreachable ----
Model checking completed. No error has been found.
62448 states generated, 43248 distinct states found, 0 states left on queue.
Finished in 00s at (2026-09-06 19:32:47)
### exit=0
