# STATUS: PROPOSED — 2026-09-06 — produced by the AI collaborator; not adopted; the commit is the author's.
# Label line and this note added 2026-09-06 (skeptic pass 2: logs carried no PROPOSED label); no run entry below was altered. Run 1 entries are archived in run1/ladder.log.
sp1_q1_strict_dns_compromised rc=0 seconds=0 box=900 (run 2: Q3 type-annotation build fix; no encoding change)
sp1_q1_strict_repo_compromised rc=0 seconds=0 box=900 (run 2: Q3 type-annotation build fix; no encoding change)
sp1_q2_degraded_compromised rc=0 seconds=0 box=1800 (run 2: Q3 type-annotation build fix; no encoding change)
sp1_q3_companionA_sig_unbound rc=0 seconds=0 box=900 (run 2: Q3 type-annotation build fix; no encoding change)
sp1_q4_companionB_frame_unsigned rc=0 seconds=0 box=900 (run 2: Q3 type-annotation build fix; no encoding change)
DONE
sp1_q1_strict_dns_compromised rc=0 seconds=0 box=900 (run 3: Q3 header comment correction, skeptic finding 2026-09-06; comment-only, no encoding change)
sp1_q1_strict_repo_compromised rc=0 seconds=0 box=900 (run 3: Q3 header comment correction, skeptic finding 2026-09-06; comment-only, no encoding change)
sp1_q2_degraded_compromised rc=0 seconds=0 box=1800 (run 3: Q3 header comment correction, skeptic finding 2026-09-06; comment-only, no encoding change)
sp1_q3_companionA_sig_unbound rc=0 seconds=0 box=900 (run 3: Q3 header comment correction, skeptic finding 2026-09-06; comment-only, no encoding change)
sp1_q4_companionB_frame_unsigned rc=0 seconds=0 box=900 (run 3: Q3 header comment correction, skeptic finding 2026-09-06; comment-only, no encoding change)
DONE
sp1_q1_strict_dns_compromised rc=0 seconds=0 box=900 (run 4: Q3 correction note relocated to file end, header line count restored so READING-AIDS.md line citations hold; comment-only, no encoding change)
sp1_q1_strict_repo_compromised rc=0 seconds=0 box=900 (run 4: Q3 correction note relocated to file end, header line count restored so READING-AIDS.md line citations hold; comment-only, no encoding change)
sp1_q2_degraded_compromised rc=0 seconds=0 box=1800 (run 4: Q3 correction note relocated to file end, header line count restored so READING-AIDS.md line citations hold; comment-only, no encoding change)
sp1_q3_companionA_sig_unbound rc=0 seconds=0 box=900 (run 4: Q3 correction note relocated to file end, header line count restored so READING-AIDS.md line citations hold; comment-only, no encoding change)
sp1_q4_companionB_frame_unsigned rc=0 seconds=0 box=900 (run 4: Q3 correction note relocated to file end, header line count restored so READING-AIDS.md line citations hold; comment-only, no encoding change)
DONE
sp1_q1_strict_dns_compromised rc=0 seconds=0 box=900 (run 5: Q2 provenance note appended at file end, skeptic pass 2 2026-09-06; comment-only, no encoding change)
sp1_q1_strict_repo_compromised rc=0 seconds=0 box=900 (run 5: Q2 provenance note appended at file end, skeptic pass 2 2026-09-06; comment-only, no encoding change)
sp1_q2_degraded_compromised rc=0 seconds=0 box=1800 (run 5: Q2 provenance note appended at file end, skeptic pass 2 2026-09-06; comment-only, no encoding change)
sp1_q3_companionA_sig_unbound rc=0 seconds=0 box=900 (run 5: Q2 provenance note appended at file end, skeptic pass 2 2026-09-06; comment-only, no encoding change)
sp1_q4_companionB_frame_unsigned rc=0 seconds=0 box=900 (run 5: Q2 provenance note appended at file end, skeptic pass 2 2026-09-06; comment-only, no encoding change)
DONE
sp1_q1_strict_dns_compromised rc=0 seconds=0 box=900 (run 6: header narrowings from the 2026-09-06 cross-family review (items 1-5, 7, 8, 10, 11) applied in place to Q1 both variants and Q2; comment-only, no encoding change)
sp1_q1_strict_repo_compromised rc=0 seconds=0 box=900 (run 6: header narrowings from the 2026-09-06 cross-family review (items 1-5, 7, 8, 10, 11) applied in place to Q1 both variants and Q2; comment-only, no encoding change)
sp1_q2_degraded_compromised rc=0 seconds=0 box=1800 (run 6: header narrowings from the 2026-09-06 cross-family review (items 1-5, 7, 8, 10, 11) applied in place to Q1 both variants and Q2; comment-only, no encoding change)
sp1_q3_companionA_sig_unbound rc=0 seconds=0 box=900 (run 6: header narrowings from the 2026-09-06 cross-family review (items 1-5, 7, 8, 10, 11) applied in place to Q1 both variants and Q2; comment-only, no encoding change)
sp1_q4_companionB_frame_unsigned rc=0 seconds=0 box=900 (run 6: header narrowings from the 2026-09-06 cross-family review (items 1-5, 7, 8, 10, 11) applied in place to Q1 both variants and Q2; comment-only, no encoding change)
DONE
sp1_q1_strict_dns_compromised rc=0 seconds=0 box=900 (run 7: line-count notes appended at file end after the run-6 in-place header narrowings; comment-only, no encoding change)
sp1_q1_strict_repo_compromised rc=0 seconds=0 box=900 (run 7: line-count notes appended at file end after the run-6 in-place header narrowings; comment-only, no encoding change)
sp1_q2_degraded_compromised rc=0 seconds=0 box=1800 (run 7: line-count notes appended at file end after the run-6 in-place header narrowings; comment-only, no encoding change)
sp1_q3_companionA_sig_unbound rc=0 seconds=0 box=900 (run 7: line-count notes appended at file end after the run-6 in-place header narrowings; comment-only, no encoding change)
sp1_q4_companionB_frame_unsigned rc=0 seconds=0 box=900 (run 7: line-count notes appended at file end after the run-6 in-place header narrowings; comment-only, no encoding change)
DONE
sp1_q2_degraded_compromised rc=0 box=1800 recut=header-only-2026-09-12-author-C5-read out=identical
