# STATUS: PROPOSED — 2026-09-06 — produced by the AI collaborator; not adopted; the commit is the author's.
# Label line and this note added 2026-09-06 (skeptic pass 2); no run entry below was altered.
p1_no_fp_check rc=0 box=1800
p2_no_possession rc=0 box=1800
p3_no_manifest_hash rc=0 box=1800
p4_frame_unpinned rc=0 box=1800
p5_no_authority_evidence rc=0 box=1800
p6_no_attestation_sig rc=0 box=1800
p7_total_eo_failure rc=0 box=1800 (lib_total_eo_failure.pvl; first attempt rc=2, missing period in the edited reduc — fixed)
p1_no_fp_check rc=0 seconds=0 box=1800 (re-run 2026-09-06 through run-probes.sh to record seconds; skeptic nit)
p2_no_possession rc=0 seconds=0 box=1800 (re-run 2026-09-06 through run-probes.sh to record seconds; skeptic nit)
p3_no_manifest_hash rc=0 seconds=0 box=1800 (re-run 2026-09-06 through run-probes.sh to record seconds; skeptic nit)
p4_frame_unpinned rc=0 seconds=1 box=1800 (re-run 2026-09-06 through run-probes.sh to record seconds; skeptic nit)
p5_no_authority_evidence rc=0 seconds=0 box=1800 (re-run 2026-09-06 through run-probes.sh to record seconds; skeptic nit)
p6_no_attestation_sig rc=0 seconds=0 box=1800 (re-run 2026-09-06 through run-probes.sh to record seconds; skeptic nit)
p7_total_eo_failure rc=0 seconds=0 box=1800 (re-run 2026-09-06 through run-probes.sh to record seconds; skeptic nit)
DONE
p1_no_fp_check rc=0 seconds=0 box=1800 (re-run 2026-09-06, skeptic pass 2: banner line 2 extended to disclaim the copied Q2 header; comment-only, no encoding change)
p2_no_possession rc=0 seconds=0 box=1800 (re-run 2026-09-06, skeptic pass 2: banner line 2 extended to disclaim the copied Q2 header; comment-only, no encoding change)
p3_no_manifest_hash rc=0 seconds=0 box=1800 (re-run 2026-09-06, skeptic pass 2: banner line 2 extended to disclaim the copied Q2 header; comment-only, no encoding change)
p4_frame_unpinned rc=0 seconds=0 box=1800 (re-run 2026-09-06, skeptic pass 2: banner line 2 extended to disclaim the copied Q2 header; comment-only, no encoding change)
p5_no_authority_evidence rc=0 seconds=0 box=1800 (re-run 2026-09-06, skeptic pass 2: banner line 2 extended to disclaim the copied Q2 header; comment-only, no encoding change)
p6_no_attestation_sig rc=0 seconds=0 box=1800 (re-run 2026-09-06, skeptic pass 2: banner line 2 extended to disclaim the copied Q2 header; comment-only, no encoding change)
p7_total_eo_failure rc=0 seconds=0 box=1800 (re-run 2026-09-06, skeptic pass 2: banner line 2 extended to disclaim the copied Q2 header; comment-only, no encoding change)
DONE
