Process 0 (that is, the initial process):
{1}new skS: skey;
{2}new skI1: skey;
{3}new skI2: skey;
{4}new skW1: skey;
{5}new skW2: skey;
{6}let mI1: bitstring = authTuple(issuerId,fp(pk(skI1)),ssetH,algH,verH) in
{7}let mI2: bitstring = authTuple(issuerId2,fp(pk(skI2)),ssetH,algH,verH) in
{8}let mW1: bitstring = authTuple(idW1,fp(pk(skW1)),ssetH,algH,verH) in
{9}let mW2: bitstring = authTuple(idW2,fp(pk(skW2)),ssetH,algH,verH) in
{10}out(c, pk(skS));
{11}out(c, pk(skI1));
{12}out(c, pk(skI2));
{13}out(c, pk(skW1));
{14}out(c, pk(skW2));
{15}out(c, mI1);
{16}out(c, mI2);
{17}out(c, mW1);
{18}out(c, mW2);
{19}out(c, skS);
(
    {20}!
    {21}let skS_1: skey = skS in
    {22}event AuthorityPublishedDNS(mI1);
    {23}out(c, sign((STMT_DIGEST,h(mI1)),skS_1))
) | (
    {24}!
    {25}let skS_2: skey = skS in
    {26}event AuthorityPublishedDNS(mI2);
    {27}out(c, sign((STMT_DIGEST,h(mI2)),skS_2))
) | (
    {28}!
    {29}let skS_3: skey = skS in
    {30}event AuthorityPublishedDNS(mW1);
    {31}out(c, sign((STMT_DIGEST,h(mW1)),skS_3))
) | (
    {32}!
    {33}let skS_4: skey = skS in
    {34}event AuthorityPublishedDNS(mW2);
    {35}out(c, sign((STMT_DIGEST,h(mW2)),skS_4))
) | (
    {36}!
    {37}let skI: skey = skI1 in
    {38}let idI: bitstring = issuerId in
    {39}let cvI: bitstring = cvA in
    {40}in(c, payload: bitstring);
    {41}event IssuerPossession(pk(skI));
    {42}let ppfI: bitstring = sign((POSS,mI1),skI) in
    {43}out(c, ppfI);
    {44}let fbI: bitstring = canon(cvI,framed(OT_ATTEST,algH,idI,fp(pk(skI)),h(mI1),cvI,payload)) in
    {45}let sgI: bitstring = sign((BYTES,fbI),skI) in
    {46}event IssuerSigned(pk(skI),fbI);
    (
        {47}out(honestTypeCh, (OT_ATTEST,fbI))
    ) | (
        {48}out(honestCh, (pk(skI),fbI))
    ) | (
        {49}out(honestInnerCh, (pk(skI),idI,fbI))
    ) | (
        {50}out(honestSigCh, (pk(skI),sgI))
    ) | (
        {51}out(c, sgI)
    )
) | (
    {52}!
    {53}let skW: skey = skI1 in
    {54}let idW: bitstring = issuerId in
    {55}let cvW: bitstring = cvB in
    {56}in(c, (cvIw: bitstring,fbIn: bitstring,sgIn: bitstring));
    {57}event IssuerPossession(pk(skW));
    {58}let ppfW: bitstring = sign((POSS,mI1),skW) in
    {59}out(c, ppfW);
    {60}let fbC: bitstring = reserialize(cvW,fbIn) in
    {61}let fbW: bitstring = framed(OT_WRAPPER,algH,idW,fp(pk(skW)),h(mI1),cvW,wrap(cvIw,(fbC,sgIn))) in
    {62}event IssuerSigned(pk(skW),fbW);
    (
        {63}out(honestTypeCh, (OT_WRAPPER,fbW))
    ) | (
        {64}out(c, sign((BYTES,fbW),skW))
    )
) | (
    {65}!
    {66}let skI_1: skey = skI2 in
    {67}let idI_1: bitstring = issuerId2 in
    {68}let cvI_1: bitstring = cvA in
    {69}in(c, payload_1: bitstring);
    {70}event IssuerPossession(pk(skI_1));
    {71}let ppfI_1: bitstring = sign((POSS,mI2),skI_1) in
    {72}out(c, ppfI_1);
    {73}let fbI_1: bitstring = canon(cvI_1,framed(OT_ATTEST,algH,idI_1,fp(pk(skI_1)),h(mI2),cvI_1,payload_1)) in
    {74}let sgI_1: bitstring = sign((BYTES,fbI_1),skI_1) in
    {75}event IssuerSigned(pk(skI_1),fbI_1);
    (
        {76}out(honestTypeCh, (OT_ATTEST,fbI_1))
    ) | (
        {77}out(honestCh, (pk(skI_1),fbI_1))
    ) | (
        {78}out(honestInnerCh, (pk(skI_1),idI_1,fbI_1))
    ) | (
        {79}out(honestSigCh, (pk(skI_1),sgI_1))
    ) | (
        {80}out(c, sgI_1)
    )
) | (
    {81}!
    {82}let skO: skey = skI2 in
    {83}let idO: bitstring = issuerId2 in
    {84}let ot: bitstring = OT_REVIEWREC in
    {85}let cvO: bitstring = cvA in
    {86}in(c, payload_2: bitstring);
    {87}event IssuerPossession(pk(skO));
    {88}let ppfO: bitstring = sign((POSS,mI2),skO) in
    {89}out(c, ppfO);
    {90}let fbO: bitstring = framed(ot,algH,idO,fp(pk(skO)),h(mI2),cvO,payload_2) in
    {91}event IssuerSigned(pk(skO),fbO);
    (
        {92}out(honestTypeCh, (ot,fbO))
    ) | (
        {93}out(c, sign((BYTES,fbO),skO))
    )
) | (
    {94}!
    {95}let skW_1: skey = skW1 in
    {96}let idW_1: bitstring = idW1 in
    {97}let cvW_1: bitstring = cvB in
    {98}in(c, (cvIw_1: bitstring,fbIn_1: bitstring,sgIn_1: bitstring));
    {99}event IssuerPossession(pk(skW_1));
    {100}let ppfW_1: bitstring = sign((POSS,mW1),skW_1) in
    {101}out(c, ppfW_1);
    {102}let fbC_1: bitstring = reserialize(cvW_1,fbIn_1) in
    {103}let fbW_1: bitstring = framed(OT_WRAPPER,algH,idW_1,fp(pk(skW_1)),h(mW1),cvW_1,wrap(cvIw_1,(fbC_1,sgIn_1))) in
    {104}event IssuerSigned(pk(skW_1),fbW_1);
    (
        {105}out(honestTypeCh, (OT_WRAPPER,fbW_1))
    ) | (
        {106}out(c, sign((BYTES,fbW_1),skW_1))
    )
) | (
    {107}!
    {108}let skW_2: skey = skW2 in
    {109}let idW_2: bitstring = idW2 in
    {110}let cvW_2: bitstring = cvB in
    {111}in(c, (cvIw_2: bitstring,fbIn_2: bitstring,sgIn_2: bitstring));
    {112}event IssuerPossession(pk(skW_2));
    {113}let ppfW_2: bitstring = sign((POSS,mW2),skW_2) in
    {114}out(c, ppfW_2);
    {115}let fbC_2: bitstring = reserialize(cvW_2,fbIn_2) in
    {116}let fbW_2: bitstring = framed(OT_WRAPPER,algH,idW_2,fp(pk(skW_2)),h(mW2),cvW_2,wrap(cvIw_2,(fbC_2,sgIn_2))) in
    {117}event IssuerSigned(pk(skW_2),fbW_2);
    (
        {118}out(honestTypeCh, (OT_WRAPPER,fbW_2))
    ) | (
        {119}out(c, sign((BYTES,fbW_2),skW_2))
    )
) | (
    {120}!
    {121}let pkS: pkey = pk(skS) in
    {122}in(c, (tI: bitstring,evI: bitstring,kI: pkey,ppfI_2: bitstring,sgI_2: bitstring,fbI_2: bitstring));
    {123}let ctx: bitstring = BASE in
    {124}let (=STMT_DIGEST,=h(tI)) = checksign(evI,pkS) in
    {125}let authTuple(idI_2: bitstring,kfprI: bitstring,ssI: bitstring,algI: bitstring,verI: bitstring) = tI in
    {126}if (fp(kI) = kfprI) then
    {127}let (=POSS,=tI) = checksign(ppfI_2,kI) in
    {128}let (=BYTES,=fbI_2) = checksign(sgI_2,kI) in
    {129}let canon(cvc: bitstring,framed(=OT_ATTEST,=algI,=idI_2,=fp(kI),mhI: bitstring,cvI_2: bitstring,plI: bitstring)) = fbI_2 in
    {130}if (mhI = h(tI)) then
    {131}event AcceptInner(ctx,kI,idI_2,fbI_2);
    (
        {132}out(typeCh, (OT_ATTEST,fbI_2))
    ) | (
        {133}out(acceptCh, (ctx,kI,idI_2,fbI_2))
    ) | (
        {134}out(scopeCh, (ctx,kI,idI_2,fbI_2))
    ) | (
        {135}out(sigCh, (ctx,kI,sgI_2))
    )
) | (
    {136}!
    {137}let pkS_1: pkey = pk(skS) in
    {138}in(c, (tW: bitstring,evW: bitstring,kW: pkey,ppfW_3: bitstring,sgW: bitstring,fbW_3: bitstring,tI_1: bitstring,evI_1: bitstring,kI_1: pkey,ppfI_3: bitstring));
    {139}let (=STMT_DIGEST,=h(tW)) = checksign(evW,pkS_1) in
    {140}let authTuple(idW_3: bitstring,kfprW: bitstring,ssW: bitstring,algW: bitstring,verW: bitstring) = tW in
    {141}if (fp(kW) = kfprW) then
    {142}let (=POSS,=tW) = checksign(ppfW_3,kW) in
    {143}let (=BYTES,=fbW_3) = checksign(sgW,kW) in
    {144}let framed(=OT_WRAPPER,=algW,=idW_3,=fp(kW),mhW: bitstring,cvW_3: bitstring,wrap(cvIw_3: bitstring,(fbI_3: bitstring,sgI_3: bitstring))) = fbW_3 in
    {145}if (mhW = h(tW)) then
    {146}event AcceptOuter(kW,idW_3,fbW_3);
    (
        {147}out(typeCh, (OT_WRAPPER,fbW_3))
    ) | (
        {148}let ctx_1: bitstring = wctx(kW,idW_3,fbW_3) in
        {149}let (=STMT_DIGEST,=h(tI_1)) = checksign(evI_1,pkS_1) in
        {150}let authTuple(idI_3: bitstring,kfprI_1: bitstring,ssI_1: bitstring,algI_1: bitstring,verI_1: bitstring) = tI_1 in
        {151}if (fp(kI_1) = kfprI_1) then
        {152}let (=POSS,=tI_1) = checksign(ppfI_3,kI_1) in
        {153}let (=BYTES,=fbI_3) = checksign(sgI_3,kI_1) in
        {154}let canon(cvc_1: bitstring,framed(=OT_ATTEST,=algI_1,=idI_3,=fp(kI_1),mhI_1: bitstring,cvI_3: bitstring,plI_1: bitstring)) = fbI_3 in
        {155}if (mhI_1 = h(tI_1)) then
        {156}event AcceptInner(ctx_1,kI_1,idI_3,fbI_3);
        (
            {157}out(typeCh, (OT_ATTEST,fbI_3))
        ) | (
            {158}out(acceptCh, (ctx_1,kI_1,idI_3,fbI_3))
        ) | (
            {159}out(scopeCh, (ctx_1,kI_1,idI_3,fbI_3))
        ) | (
            {160}out(sigCh, (ctx_1,kI_1,sgI_3))
        )
    )
) | (
    {161}!
    {162}in(honestCh, (kH: pkey,fbHon: bitstring));
    {163}in(acceptCh, (ctx_2: bitstring,kX: pkey,idX: bitstring,=fbHon));
    {164}if (kX = kH) then
    (
        {165}if (ctx_2 = BASE) then
        {166}event HonestAccepted(kX,fbHon)
    )
    else
        {167}event Reattributed(kX,kH,fbHon)
) | (
    {168}!
    {169}in(honestTypeCh, (otS: bitstring,fbT: bitstring));
    {170}in(typeCh, (otA: bitstring,=fbT));
    {171}if (otS = otA) then
        0
    else
        {172}event TypeConfused(otS,otA,fbT)
) | (
    {173}!
    {174}in(honestInnerCh, (kH_1: pkey,idH: bitstring,fbHon_1: bitstring));
    {175}in(scopeCh, (wctx(kW_1: pkey,idW_4: bitstring,fbW_4: bitstring),kIrep: pkey,idIrep: bitstring,=fbHon_1));
    {176}if ((kIrep = kH_1) && (idIrep = idH)) then
        {177}event HonestWrappedAccepted(kH_1,fbHon_1,kW_1)
    else
        {178}event Rescoped(kIrep,idIrep,kH_1,idH,fbHon_1)
) | (
    {179}!
    {180}in(honestSigCh, (kH_2: pkey,sgH: bitstring));
    {181}in(sigCh, (wctx(kW_2: pkey,idW_5: bitstring,fbW_5: bitstring),kIrep_1: pkey,=sgH));
    {182}if (kIrep_1 = kH_2) then
        0
    else
        {183}event InnerSigTransplanted(kIrep_1,sgH)
)

--  Process 1 (that is, process 0, with let moved downwards):
{1}new skS: skey;
{2}new skI1: skey;
{3}new skI2: skey;
{4}new skW1: skey;
{5}new skW2: skey;
{10}out(c, pk(skS));
{11}out(c, pk(skI1));
{12}out(c, pk(skI2));
{13}out(c, pk(skW1));
{14}out(c, pk(skW2));
{6}let mI1: bitstring = authTuple(issuerId,fp(pk(skI1)),ssetH,algH,verH) in
{15}out(c, mI1);
{7}let mI2: bitstring = authTuple(issuerId2,fp(pk(skI2)),ssetH,algH,verH) in
{16}out(c, mI2);
{8}let mW1: bitstring = authTuple(idW1,fp(pk(skW1)),ssetH,algH,verH) in
{17}out(c, mW1);
{9}let mW2: bitstring = authTuple(idW2,fp(pk(skW2)),ssetH,algH,verH) in
{18}out(c, mW2);
{19}out(c, skS);
(
    {20}!
    {22}event AuthorityPublishedDNS(mI1);
    {21}let skS_1: skey = skS in
    {23}out(c, sign((STMT_DIGEST,h(mI1)),skS_1))
) | (
    {24}!
    {26}event AuthorityPublishedDNS(mI2);
    {25}let skS_2: skey = skS in
    {27}out(c, sign((STMT_DIGEST,h(mI2)),skS_2))
) | (
    {28}!
    {30}event AuthorityPublishedDNS(mW1);
    {29}let skS_3: skey = skS in
    {31}out(c, sign((STMT_DIGEST,h(mW1)),skS_3))
) | (
    {32}!
    {34}event AuthorityPublishedDNS(mW2);
    {33}let skS_4: skey = skS in
    {35}out(c, sign((STMT_DIGEST,h(mW2)),skS_4))
) | (
    {36}!
    {40}in(c, payload: bitstring);
    {37}let skI: skey = skI1 in
    {41}event IssuerPossession(pk(skI));
    {42}let ppfI: bitstring = sign((POSS,mI1),skI) in
    {43}out(c, ppfI);
    {39}let cvI: bitstring = cvA in
    {38}let idI: bitstring = issuerId in
    {44}let fbI: bitstring = canon(cvI,framed(OT_ATTEST,algH,idI,fp(pk(skI)),h(mI1),cvI,payload)) in
    {46}event IssuerSigned(pk(skI),fbI);
    (
        {47}out(honestTypeCh, (OT_ATTEST,fbI))
    ) | (
        {48}out(honestCh, (pk(skI),fbI))
    ) | (
        {49}out(honestInnerCh, (pk(skI),idI,fbI))
    ) | (
        {45}let sgI: bitstring = sign((BYTES,fbI),skI) in
        (
            {50}out(honestSigCh, (pk(skI),sgI))
        ) | (
            {51}out(c, sgI)
        )
    )
) | (
    {52}!
    {56}in(c, (cvIw: bitstring,fbIn: bitstring,sgIn: bitstring));
    {53}let skW: skey = skI1 in
    {57}event IssuerPossession(pk(skW));
    {58}let ppfW: bitstring = sign((POSS,mI1),skW) in
    {59}out(c, ppfW);
    {55}let cvW: bitstring = cvB in
    {60}let fbC: bitstring = reserialize(cvW,fbIn) in
    {54}let idW: bitstring = issuerId in
    {61}let fbW: bitstring = framed(OT_WRAPPER,algH,idW,fp(pk(skW)),h(mI1),cvW,wrap(cvIw,(fbC,sgIn))) in
    {62}event IssuerSigned(pk(skW),fbW);
    (
        {63}out(honestTypeCh, (OT_WRAPPER,fbW))
    ) | (
        {64}out(c, sign((BYTES,fbW),skW))
    )
) | (
    {65}!
    {69}in(c, payload_1: bitstring);
    {66}let skI_1: skey = skI2 in
    {70}event IssuerPossession(pk(skI_1));
    {71}let ppfI_1: bitstring = sign((POSS,mI2),skI_1) in
    {72}out(c, ppfI_1);
    {68}let cvI_1: bitstring = cvA in
    {67}let idI_1: bitstring = issuerId2 in
    {73}let fbI_1: bitstring = canon(cvI_1,framed(OT_ATTEST,algH,idI_1,fp(pk(skI_1)),h(mI2),cvI_1,payload_1)) in
    {75}event IssuerSigned(pk(skI_1),fbI_1);
    (
        {76}out(honestTypeCh, (OT_ATTEST,fbI_1))
    ) | (
        {77}out(honestCh, (pk(skI_1),fbI_1))
    ) | (
        {78}out(honestInnerCh, (pk(skI_1),idI_1,fbI_1))
    ) | (
        {74}let sgI_1: bitstring = sign((BYTES,fbI_1),skI_1) in
        (
            {79}out(honestSigCh, (pk(skI_1),sgI_1))
        ) | (
            {80}out(c, sgI_1)
        )
    )
) | (
    {81}!
    {86}in(c, payload_2: bitstring);
    {82}let skO: skey = skI2 in
    {87}event IssuerPossession(pk(skO));
    {88}let ppfO: bitstring = sign((POSS,mI2),skO) in
    {89}out(c, ppfO);
    {85}let cvO: bitstring = cvA in
    {84}let ot: bitstring = OT_REVIEWREC in
    {83}let idO: bitstring = issuerId2 in
    {90}let fbO: bitstring = framed(ot,algH,idO,fp(pk(skO)),h(mI2),cvO,payload_2) in
    {91}event IssuerSigned(pk(skO),fbO);
    (
        {92}out(honestTypeCh, (ot,fbO))
    ) | (
        {93}out(c, sign((BYTES,fbO),skO))
    )
) | (
    {94}!
    {98}in(c, (cvIw_1: bitstring,fbIn_1: bitstring,sgIn_1: bitstring));
    {95}let skW_1: skey = skW1 in
    {99}event IssuerPossession(pk(skW_1));
    {100}let ppfW_1: bitstring = sign((POSS,mW1),skW_1) in
    {101}out(c, ppfW_1);
    {97}let cvW_1: bitstring = cvB in
    {102}let fbC_1: bitstring = reserialize(cvW_1,fbIn_1) in
    {96}let idW_1: bitstring = idW1 in
    {103}let fbW_1: bitstring = framed(OT_WRAPPER,algH,idW_1,fp(pk(skW_1)),h(mW1),cvW_1,wrap(cvIw_1,(fbC_1,sgIn_1))) in
    {104}event IssuerSigned(pk(skW_1),fbW_1);
    (
        {105}out(honestTypeCh, (OT_WRAPPER,fbW_1))
    ) | (
        {106}out(c, sign((BYTES,fbW_1),skW_1))
    )
) | (
    {107}!
    {111}in(c, (cvIw_2: bitstring,fbIn_2: bitstring,sgIn_2: bitstring));
    {108}let skW_2: skey = skW2 in
    {112}event IssuerPossession(pk(skW_2));
    {113}let ppfW_2: bitstring = sign((POSS,mW2),skW_2) in
    {114}out(c, ppfW_2);
    {110}let cvW_2: bitstring = cvB in
    {115}let fbC_2: bitstring = reserialize(cvW_2,fbIn_2) in
    {109}let idW_2: bitstring = idW2 in
    {116}let fbW_2: bitstring = framed(OT_WRAPPER,algH,idW_2,fp(pk(skW_2)),h(mW2),cvW_2,wrap(cvIw_2,(fbC_2,sgIn_2))) in
    {117}event IssuerSigned(pk(skW_2),fbW_2);
    (
        {118}out(honestTypeCh, (OT_WRAPPER,fbW_2))
    ) | (
        {119}out(c, sign((BYTES,fbW_2),skW_2))
    )
) | (
    {120}!
    {122}in(c, (tI: bitstring,evI: bitstring,kI: pkey,ppfI_2: bitstring,sgI_2: bitstring,fbI_2: bitstring));
    {121}let pkS: pkey = pk(skS) in
    {124}let (=STMT_DIGEST,=h(tI)) = checksign(evI,pkS) in
    {125}let authTuple(idI_2: bitstring,kfprI: bitstring,ssI: bitstring,algI: bitstring,verI: bitstring) = tI in
    {126}if (fp(kI) = kfprI) then
    {127}let (=POSS,=tI) = checksign(ppfI_2,kI) in
    {128}let (=BYTES,=fbI_2) = checksign(sgI_2,kI) in
    {129}let canon(cvc: bitstring,framed(=OT_ATTEST,=algI,=idI_2,=fp(kI),mhI: bitstring,cvI_2: bitstring,plI: bitstring)) = fbI_2 in
    {130}if (mhI = h(tI)) then
    {123}let ctx: bitstring = BASE in
    {131}event AcceptInner(ctx,kI,idI_2,fbI_2);
    (
        {132}out(typeCh, (OT_ATTEST,fbI_2))
    ) | (
        {133}out(acceptCh, (ctx,kI,idI_2,fbI_2))
    ) | (
        {134}out(scopeCh, (ctx,kI,idI_2,fbI_2))
    ) | (
        {135}out(sigCh, (ctx,kI,sgI_2))
    )
) | (
    {136}!
    {138}in(c, (tW: bitstring,evW: bitstring,kW: pkey,ppfW_3: bitstring,sgW: bitstring,fbW_3: bitstring,tI_1: bitstring,evI_1: bitstring,kI_1: pkey,ppfI_3: bitstring));
    {137}let pkS_1: pkey = pk(skS) in
    {139}let (=STMT_DIGEST,=h(tW)) = checksign(evW,pkS_1) in
    {140}let authTuple(idW_3: bitstring,kfprW: bitstring,ssW: bitstring,algW: bitstring,verW: bitstring) = tW in
    {141}if (fp(kW) = kfprW) then
    {142}let (=POSS,=tW) = checksign(ppfW_3,kW) in
    {143}let (=BYTES,=fbW_3) = checksign(sgW,kW) in
    {144}let framed(=OT_WRAPPER,=algW,=idW_3,=fp(kW),mhW: bitstring,cvW_3: bitstring,wrap(cvIw_3: bitstring,(fbI_3: bitstring,sgI_3: bitstring))) = fbW_3 in
    {145}if (mhW = h(tW)) then
    {146}event AcceptOuter(kW,idW_3,fbW_3);
    (
        {147}out(typeCh, (OT_WRAPPER,fbW_3))
    ) | (
        {149}let (=STMT_DIGEST,=h(tI_1)) = checksign(evI_1,pkS_1) in
        {150}let authTuple(idI_3: bitstring,kfprI_1: bitstring,ssI_1: bitstring,algI_1: bitstring,verI_1: bitstring) = tI_1 in
        {151}if (fp(kI_1) = kfprI_1) then
        {152}let (=POSS,=tI_1) = checksign(ppfI_3,kI_1) in
        {153}let (=BYTES,=fbI_3) = checksign(sgI_3,kI_1) in
        {154}let canon(cvc_1: bitstring,framed(=OT_ATTEST,=algI_1,=idI_3,=fp(kI_1),mhI_1: bitstring,cvI_3: bitstring,plI_1: bitstring)) = fbI_3 in
        {155}if (mhI_1 = h(tI_1)) then
        {148}let ctx_1: bitstring = wctx(kW,idW_3,fbW_3) in
        {156}event AcceptInner(ctx_1,kI_1,idI_3,fbI_3);
        (
            {157}out(typeCh, (OT_ATTEST,fbI_3))
        ) | (
            {158}out(acceptCh, (ctx_1,kI_1,idI_3,fbI_3))
        ) | (
            {159}out(scopeCh, (ctx_1,kI_1,idI_3,fbI_3))
        ) | (
            {160}out(sigCh, (ctx_1,kI_1,sgI_3))
        )
    )
) | (
    {161}!
    {162}in(honestCh, (kH: pkey,fbHon: bitstring));
    {163}in(acceptCh, (ctx_2: bitstring,kX: pkey,idX: bitstring,=fbHon));
    {164}if (kX = kH) then
    (
        {165}if (ctx_2 = BASE) then
        {166}event HonestAccepted(kX,fbHon)
    )
    else
        {167}event Reattributed(kX,kH,fbHon)
) | (
    {168}!
    {169}in(honestTypeCh, (otS: bitstring,fbT: bitstring));
    {170}in(typeCh, (otA: bitstring,=fbT));
    {171}if (otS = otA) then
        0
    else
        {172}event TypeConfused(otS,otA,fbT)
) | (
    {173}!
    {174}in(honestInnerCh, (kH_1: pkey,idH: bitstring,fbHon_1: bitstring));
    {175}in(scopeCh, (wctx(kW_1: pkey,idW_4: bitstring,fbW_4: bitstring),kIrep: pkey,idIrep: bitstring,=fbHon_1));
    {176}if ((kIrep = kH_1) && (idIrep = idH)) then
        {177}event HonestWrappedAccepted(kH_1,fbHon_1,kW_1)
    else
        {178}event Rescoped(kIrep,idIrep,kH_1,idH,fbHon_1)
) | (
    {179}!
    {180}in(honestSigCh, (kH_2: pkey,sgH: bitstring));
    {181}in(sigCh, (wctx(kW_2: pkey,idW_5: bitstring,fbW_5: bitstring),kIrep_1: pkey,=sgH));
    {182}if (kIrep_1 = kH_2) then
        0
    else
        {183}event InnerSigTransplanted(kIrep_1,sgH)
)

-- Query not event(TypeConfused(otS_1,otA_1,fb)) in process 1.
Translating the process into Horn clauses...
Completing...
200 rules inserted. Base: 163 rules (78 with conclusion selected). Queue: 45 rules.
400 rules inserted. Base: 177 rules (78 with conclusion selected). Queue: 72 rules.
600 rules inserted. Base: 208 rules (94 with conclusion selected). Queue: 180 rules.
800 rules inserted. Base: 238 rules (94 with conclusion selected). Queue: 157 rules.
1000 rules inserted. Base: 238 rules (94 with conclusion selected). Queue: 157 rules.
1200 rules inserted. Base: 269 rules (94 with conclusion selected). Queue: 131 rules.
1400 rules inserted. Base: 340 rules (94 with conclusion selected). Queue: 76 rules.
Starting query not event(TypeConfused(otS_1,otA_1,fb))
RESULT not event(TypeConfused(otS_1,otA_1,fb)) is true.
-- Query not event(Rescoped(kX_1,idX_1,kH_3,idH_1,fb)) in process 1.
Translating the process into Horn clauses...
Completing...
200 rules inserted. Base: 165 rules (78 with conclusion selected). Queue: 44 rules.
400 rules inserted. Base: 180 rules (78 with conclusion selected). Queue: 70 rules.
600 rules inserted. Base: 209 rules (94 with conclusion selected). Queue: 173 rules.
800 rules inserted. Base: 232 rules (94 with conclusion selected). Queue: 150 rules.
1000 rules inserted. Base: 232 rules (94 with conclusion selected). Queue: 150 rules.
1200 rules inserted. Base: 262 rules (94 with conclusion selected). Queue: 125 rules.
1400 rules inserted. Base: 355 rules (94 with conclusion selected). Queue: 42 rules.
Starting query not event(Rescoped(kX_1,idX_1,kH_3,idH_1,fb))
RESULT not event(Rescoped(kX_1,idX_1,kH_3,idH_1,fb)) is true.
-- Query not event(InnerSigTransplanted(kX_1,s)) in process 1.
Translating the process into Horn clauses...
Completing...
200 rules inserted. Base: 163 rules (78 with conclusion selected). Queue: 41 rules.
400 rules inserted. Base: 179 rules (78 with conclusion selected). Queue: 70 rules.
600 rules inserted. Base: 204 rules (94 with conclusion selected). Queue: 173 rules.
800 rules inserted. Base: 227 rules (94 with conclusion selected). Queue: 150 rules.
1000 rules inserted. Base: 227 rules (94 with conclusion selected). Queue: 150 rules.
1200 rules inserted. Base: 257 rules (94 with conclusion selected). Queue: 131 rules.
1400 rules inserted. Base: 365 rules (94 with conclusion selected). Queue: 27 rules.
Starting query not event(InnerSigTransplanted(kX_1,s))
RESULT not event(InnerSigTransplanted(kX_1,s)) is true.
-- Query not event(HonestWrappedAccepted(kH_3,fb,kW_3)) in process 1.
Translating the process into Horn clauses...
Completing...
200 rules inserted. Base: 163 rules (78 with conclusion selected). Queue: 41 rules.
400 rules inserted. Base: 177 rules (78 with conclusion selected). Queue: 72 rules.
600 rules inserted. Base: 204 rules (94 with conclusion selected). Queue: 173 rules.
800 rules inserted. Base: 227 rules (94 with conclusion selected). Queue: 150 rules.
1000 rules inserted. Base: 227 rules (94 with conclusion selected). Queue: 150 rules.
1200 rules inserted. Base: 257 rules (94 with conclusion selected). Queue: 131 rules.
1400 rules inserted. Base: 361 rules (94 with conclusion selected). Queue: 31 rules.
Starting query not event(HonestWrappedAccepted(kH_3,fb,kW_3))
goal reachable: attacker(k) && attacker(plI_2) -> event(HonestWrappedAccepted(pk(skI2[]),canon(cvA[],framed(OT_ATTEST,algH[],issuerId2[],fp(pk(skI2[])),h(authTuple(issuerId2[],fp(pk(skI2[])),ssetH[],algH[],verH[])),cvA[],plI_2)),pk(k)))

Derivation:

1. We assume as hypothesis that
attacker(plI_2).

2. The message plI_2 that the attacker may have by 1 may be received at input {69}.
So the message (pk(skI2[]),issuerId2[],canon(cvA[],framed(OT_ATTEST,algH[],issuerId2[],fp(pk(skI2[])),h(authTuple(issuerId2[],fp(pk(skI2[])),ssetH[],algH[],verH[])),cvA[],plI_2))) may be sent on channel honestInnerCh[] at output {78}.
mess(honestInnerCh[],(pk(skI2[]),issuerId2[],canon(cvA[],framed(OT_ATTEST,algH[],issuerId2[],fp(pk(skI2[])),h(authTuple(issuerId2[],fp(pk(skI2[])),ssetH[],algH[],verH[])),cvA[],plI_2)))).

3. The attacker has some term payload_3.
attacker(payload_3).

4. The message payload_3 that the attacker may have by 3 may be received at input {69}.
So the message sign((POSS,authTuple(issuerId2[],fp(pk(skI2[])),ssetH[],algH[],verH[])),skI2[]) may be sent to the attacker at output {72}.
attacker(sign((POSS,authTuple(issuerId2[],fp(pk(skI2[])),ssetH[],algH[],verH[])),skI2[])).

5. The message pk(skI2[]) may be sent to the attacker at output {12}.
attacker(pk(skI2[])).

6. The message skS[] may be sent to the attacker at output {19}.
attacker(skS[]).

7. The attacker initially knows verH[].
attacker(verH[]).

8. The attacker initially knows algH[].
attacker(algH[]).

9. The attacker initially knows ssetH[].
attacker(ssetH[]).

10. By 5, the attacker may know pk(skI2[]).
Using the function fp the attacker may obtain fp(pk(skI2[])).
attacker(fp(pk(skI2[]))).

11. The attacker initially knows issuerId2[].
attacker(issuerId2[]).

12. By 11, the attacker may know issuerId2[].
By 10, the attacker may know fp(pk(skI2[])).
By 9, the attacker may know ssetH[].
By 8, the attacker may know algH[].
By 7, the attacker may know verH[].
Using the function authTuple the attacker may obtain authTuple(issuerId2[],fp(pk(skI2[])),ssetH[],algH[],verH[]).
attacker(authTuple(issuerId2[],fp(pk(skI2[])),ssetH[],algH[],verH[])).

13. By 12, the attacker may know authTuple(issuerId2[],fp(pk(skI2[])),ssetH[],algH[],verH[]).
Using the function h the attacker may obtain h(authTuple(issuerId2[],fp(pk(skI2[])),ssetH[],algH[],verH[])).
attacker(h(authTuple(issuerId2[],fp(pk(skI2[])),ssetH[],algH[],verH[]))).

14. Using the function STMT_DIGEST the attacker may obtain STMT_DIGEST.
attacker(STMT_DIGEST).

15. By 14, the attacker may know STMT_DIGEST.
By 13, the attacker may know h(authTuple(issuerId2[],fp(pk(skI2[])),ssetH[],algH[],verH[])).
Using the function 2-tuple the attacker may obtain (STMT_DIGEST,h(authTuple(issuerId2[],fp(pk(skI2[])),ssetH[],algH[],verH[]))).
attacker((STMT_DIGEST,h(authTuple(issuerId2[],fp(pk(skI2[])),ssetH[],algH[],verH[])))).

16. By 15, the attacker may know (STMT_DIGEST,h(authTuple(issuerId2[],fp(pk(skI2[])),ssetH[],algH[],verH[]))).
By 6, the attacker may know skS[].
Using the function sign the attacker may obtain sign((STMT_DIGEST,h(authTuple(issuerId2[],fp(pk(skI2[])),ssetH[],algH[],verH[]))),skS[]).
attacker(sign((STMT_DIGEST,h(authTuple(issuerId2[],fp(pk(skI2[])),ssetH[],algH[],verH[]))),skS[])).

17. The message plI_2 that the attacker may have by 1 may be received at input {69}.
So the message sign((BYTES,canon(cvA[],framed(OT_ATTEST,algH[],issuerId2[],fp(pk(skI2[])),h(authTuple(issuerId2[],fp(pk(skI2[])),ssetH[],algH[],verH[])),cvA[],plI_2))),skI2[]) may be sent to the attacker at output {80}.
attacker(sign((BYTES,canon(cvA[],framed(OT_ATTEST,algH[],issuerId2[],fp(pk(skI2[])),h(authTuple(issuerId2[],fp(pk(skI2[])),ssetH[],algH[],verH[])),cvA[],plI_2))),skI2[])).

18. The attacker initially knows cvA[].
attacker(cvA[]).

19. Using the function OT_ATTEST the attacker may obtain OT_ATTEST.
attacker(OT_ATTEST).

20. By 19, the attacker may know OT_ATTEST.
By 8, the attacker may know algH[].
By 11, the attacker may know issuerId2[].
By 10, the attacker may know fp(pk(skI2[])).
By 13, the attacker may know h(authTuple(issuerId2[],fp(pk(skI2[])),ssetH[],algH[],verH[])).
By 18, the attacker may know cvA[].
By 1, the attacker may know plI_2.
Using the function framed the attacker may obtain framed(OT_ATTEST,algH[],issuerId2[],fp(pk(skI2[])),h(authTuple(issuerId2[],fp(pk(skI2[])),ssetH[],algH[],verH[])),cvA[],plI_2).
attacker(framed(OT_ATTEST,algH[],issuerId2[],fp(pk(skI2[])),h(authTuple(issuerId2[],fp(pk(skI2[])),ssetH[],algH[],verH[])),cvA[],plI_2)).

21. By 18, the attacker may know cvA[].
By 20, the attacker may know framed(OT_ATTEST,algH[],issuerId2[],fp(pk(skI2[])),h(authTuple(issuerId2[],fp(pk(skI2[])),ssetH[],algH[],verH[])),cvA[],plI_2).
Using the function canon the attacker may obtain canon(cvA[],framed(OT_ATTEST,algH[],issuerId2[],fp(pk(skI2[])),h(authTuple(issuerId2[],fp(pk(skI2[])),ssetH[],algH[],verH[])),cvA[],plI_2)).
attacker(canon(cvA[],framed(OT_ATTEST,algH[],issuerId2[],fp(pk(skI2[])),h(authTuple(issuerId2[],fp(pk(skI2[])),ssetH[],algH[],verH[])),cvA[],plI_2))).

22. By 21, the attacker may know canon(cvA[],framed(OT_ATTEST,algH[],issuerId2[],fp(pk(skI2[])),h(authTuple(issuerId2[],fp(pk(skI2[])),ssetH[],algH[],verH[])),cvA[],plI_2)).
By 17, the attacker may know sign((BYTES,canon(cvA[],framed(OT_ATTEST,algH[],issuerId2[],fp(pk(skI2[])),h(authTuple(issuerId2[],fp(pk(skI2[])),ssetH[],algH[],verH[])),cvA[],plI_2))),skI2[]).
Using the function 2-tuple the attacker may obtain (canon(cvA[],framed(OT_ATTEST,algH[],issuerId2[],fp(pk(skI2[])),h(authTuple(issuerId2[],fp(pk(skI2[])),ssetH[],algH[],verH[])),cvA[],plI_2)),sign((BYTES,canon(cvA[],framed(OT_ATTEST,algH[],issuerId2[],fp(pk(skI2[])),h(authTuple(issuerId2[],fp(pk(skI2[])),ssetH[],algH[],verH[])),cvA[],plI_2))),skI2[])).
attacker((canon(cvA[],framed(OT_ATTEST,algH[],issuerId2[],fp(pk(skI2[])),h(authTuple(issuerId2[],fp(pk(skI2[])),ssetH[],algH[],verH[])),cvA[],plI_2)),sign((BYTES,canon(cvA[],framed(OT_ATTEST,algH[],issuerId2[],fp(pk(skI2[])),h(authTuple(issuerId2[],fp(pk(skI2[])),ssetH[],algH[],verH[])),cvA[],plI_2))),skI2[]))).

23. The attacker has some term cvIw_4.
attacker(cvIw_4).

24. By 23, the attacker may know cvIw_4.
By 22, the attacker may know (canon(cvA[],framed(OT_ATTEST,algH[],issuerId2[],fp(pk(skI2[])),h(authTuple(issuerId2[],fp(pk(skI2[])),ssetH[],algH[],verH[])),cvA[],plI_2)),sign((BYTES,canon(cvA[],framed(OT_ATTEST,algH[],issuerId2[],fp(pk(skI2[])),h(authTuple(issuerId2[],fp(pk(skI2[])),ssetH[],algH[],verH[])),cvA[],plI_2))),skI2[])).
Using the function wrap the attacker may obtain wrap(cvIw_4,(canon(cvA[],framed(OT_ATTEST,algH[],issuerId2[],fp(pk(skI2[])),h(authTuple(issuerId2[],fp(pk(skI2[])),ssetH[],algH[],verH[])),cvA[],plI_2)),sign((BYTES,canon(cvA[],framed(OT_ATTEST,algH[],issuerId2[],fp(pk(skI2[])),h(authTuple(issuerId2[],fp(pk(skI2[])),ssetH[],algH[],verH[])),cvA[],plI_2))),skI2[]))).
attacker(wrap(cvIw_4,(canon(cvA[],framed(OT_ATTEST,algH[],issuerId2[],fp(pk(skI2[])),h(authTuple(issuerId2[],fp(pk(skI2[])),ssetH[],algH[],verH[])),cvA[],plI_2)),sign((BYTES,canon(cvA[],framed(OT_ATTEST,algH[],issuerId2[],fp(pk(skI2[])),h(authTuple(issuerId2[],fp(pk(skI2[])),ssetH[],algH[],verH[])),cvA[],plI_2))),skI2[])))).

25. The attacker has some term cvW_4.
attacker(cvW_4).

26. The attacker has some term verW_1.
attacker(verW_1).

27. The attacker has some term algW_1.
attacker(algW_1).

28. The attacker has some term ssW_1.
attacker(ssW_1).

29. We assume as hypothesis that
attacker(k).

30. By 29, the attacker may know k.
Using the function pk the attacker may obtain pk(k).
attacker(pk(k)).

31. By 30, the attacker may know pk(k).
Using the function fp the attacker may obtain fp(pk(k)).
attacker(fp(pk(k))).

32. The attacker has some term idW_6.
attacker(idW_6).

33. By 32, the attacker may know idW_6.
By 31, the attacker may know fp(pk(k)).
By 28, the attacker may know ssW_1.
By 27, the attacker may know algW_1.
By 26, the attacker may know verW_1.
Using the function authTuple the attacker may obtain authTuple(idW_6,fp(pk(k)),ssW_1,algW_1,verW_1).
attacker(authTuple(idW_6,fp(pk(k)),ssW_1,algW_1,verW_1)).

34. By 33, the attacker may know authTuple(idW_6,fp(pk(k)),ssW_1,algW_1,verW_1).
Using the function h the attacker may obtain h(authTuple(idW_6,fp(pk(k)),ssW_1,algW_1,verW_1)).
attacker(h(authTuple(idW_6,fp(pk(k)),ssW_1,algW_1,verW_1))).

35. Using the function OT_WRAPPER the attacker may obtain OT_WRAPPER.
attacker(OT_WRAPPER).

36. By 35, the attacker may know OT_WRAPPER.
By 27, the attacker may know algW_1.
By 32, the attacker may know idW_6.
By 31, the attacker may know fp(pk(k)).
By 34, the attacker may know h(authTuple(idW_6,fp(pk(k)),ssW_1,algW_1,verW_1)).
By 25, the attacker may know cvW_4.
By 24, the attacker may know wrap(cvIw_4,(canon(cvA[],framed(OT_ATTEST,algH[],issuerId2[],fp(pk(skI2[])),h(authTuple(issuerId2[],fp(pk(skI2[])),ssetH[],algH[],verH[])),cvA[],plI_2)),sign((BYTES,canon(cvA[],framed(OT_ATTEST,algH[],issuerId2[],fp(pk(skI2[])),h(authTuple(issuerId2[],fp(pk(skI2[])),ssetH[],algH[],verH[])),cvA[],plI_2))),skI2[]))).
Using the function framed the attacker may obtain framed(OT_WRAPPER,algW_1,idW_6,fp(pk(k)),h(authTuple(idW_6,fp(pk(k)),ssW_1,algW_1,verW_1)),cvW_4,wrap(cvIw_4,(canon(cvA[],framed(OT_ATTEST,algH[],issuerId2[],fp(pk(skI2[])),h(authTuple(issuerId2[],fp(pk(skI2[])),ssetH[],algH[],verH[])),cvA[],plI_2)),sign((BYTES,canon(cvA[],framed(OT_ATTEST,algH[],issuerId2[],fp(pk(skI2[])),h(authTuple(issuerId2[],fp(pk(skI2[])),ssetH[],algH[],verH[])),cvA[],plI_2))),skI2[])))).
attacker(framed(OT_WRAPPER,algW_1,idW_6,fp(pk(k)),h(authTuple(idW_6,fp(pk(k)),ssW_1,algW_1,verW_1)),cvW_4,wrap(cvIw_4,(canon(cvA[],framed(OT_ATTEST,algH[],issuerId2[],fp(pk(skI2[])),h(authTuple(issuerId2[],fp(pk(skI2[])),ssetH[],algH[],verH[])),cvA[],plI_2)),sign((BYTES,canon(cvA[],framed(OT_ATTEST,algH[],issuerId2[],fp(pk(skI2[])),h(authTuple(issuerId2[],fp(pk(skI2[])),ssetH[],algH[],verH[])),cvA[],plI_2))),skI2[]))))).

37. Using the function BYTES the attacker may obtain BYTES.
attacker(BYTES).

38. By 37, the attacker may know BYTES.
By 36, the attacker may know framed(OT_WRAPPER,algW_1,idW_6,fp(pk(k)),h(authTuple(idW_6,fp(pk(k)),ssW_1,algW_1,verW_1)),cvW_4,wrap(cvIw_4,(canon(cvA[],framed(OT_ATTEST,algH[],issuerId2[],fp(pk(skI2[])),h(authTuple(issuerId2[],fp(pk(skI2[])),ssetH[],algH[],verH[])),cvA[],plI_2)),sign((BYTES,canon(cvA[],framed(OT_ATTEST,algH[],issuerId2[],fp(pk(skI2[])),h(authTuple(issuerId2[],fp(pk(skI2[])),ssetH[],algH[],verH[])),cvA[],plI_2))),skI2[])))).
Using the function 2-tuple the attacker may obtain (BYTES,framed(OT_WRAPPER,algW_1,idW_6,fp(pk(k)),h(authTuple(idW_6,fp(pk(k)),ssW_1,algW_1,verW_1)),cvW_4,wrap(cvIw_4,(canon(cvA[],framed(OT_ATTEST,algH[],issuerId2[],fp(pk(skI2[])),h(authTuple(issuerId2[],fp(pk(skI2[])),ssetH[],algH[],verH[])),cvA[],plI_2)),sign((BYTES,canon(cvA[],framed(OT_ATTEST,algH[],issuerId2[],fp(pk(skI2[])),h(authTuple(issuerId2[],fp(pk(skI2[])),ssetH[],algH[],verH[])),cvA[],plI_2))),skI2[]))))).
attacker((BYTES,framed(OT_WRAPPER,algW_1,idW_6,fp(pk(k)),h(authTuple(idW_6,fp(pk(k)),ssW_1,algW_1,verW_1)),cvW_4,wrap(cvIw_4,(canon(cvA[],framed(OT_ATTEST,algH[],issuerId2[],fp(pk(skI2[])),h(authTuple(issuerId2[],fp(pk(skI2[])),ssetH[],algH[],verH[])),cvA[],plI_2)),sign((BYTES,canon(cvA[],framed(OT_ATTEST,algH[],issuerId2[],fp(pk(skI2[])),h(authTuple(issuerId2[],fp(pk(skI2[])),ssetH[],algH[],verH[])),cvA[],plI_2))),skI2[])))))).

39. By 38, the attacker may know (BYTES,framed(OT_WRAPPER,algW_1,idW_6,fp(pk(k)),h(authTuple(idW_6,fp(pk(k)),ssW_1,algW_1,verW_1)),cvW_4,wrap(cvIw_4,(canon(cvA[],framed(OT_ATTEST,algH[],issuerId2[],fp(pk(skI2[])),h(authTuple(issuerId2[],fp(pk(skI2[])),ssetH[],algH[],verH[])),cvA[],plI_2)),sign((BYTES,canon(cvA[],framed(OT_ATTEST,algH[],issuerId2[],fp(pk(skI2[])),h(authTuple(issuerId2[],fp(pk(skI2[])),ssetH[],algH[],verH[])),cvA[],plI_2))),skI2[]))))).
By 29, the attacker may know k.
Using the function sign the attacker may obtain sign((BYTES,framed(OT_WRAPPER,algW_1,idW_6,fp(pk(k)),h(authTuple(idW_6,fp(pk(k)),ssW_1,algW_1,verW_1)),cvW_4,wrap(cvIw_4,(canon(cvA[],framed(OT_ATTEST,algH[],issuerId2[],fp(pk(skI2[])),h(authTuple(issuerId2[],fp(pk(skI2[])),ssetH[],algH[],verH[])),cvA[],plI_2)),sign((BYTES,canon(cvA[],framed(OT_ATTEST,algH[],issuerId2[],fp(pk(skI2[])),h(authTuple(issuerId2[],fp(pk(skI2[])),ssetH[],algH[],verH[])),cvA[],plI_2))),skI2[]))))),k).
attacker(sign((BYTES,framed(OT_WRAPPER,algW_1,idW_6,fp(pk(k)),h(authTuple(idW_6,fp(pk(k)),ssW_1,algW_1,verW_1)),cvW_4,wrap(cvIw_4,(canon(cvA[],framed(OT_ATTEST,algH[],issuerId2[],fp(pk(skI2[])),h(authTuple(issuerId2[],fp(pk(skI2[])),ssetH[],algH[],verH[])),cvA[],plI_2)),sign((BYTES,canon(cvA[],framed(OT_ATTEST,algH[],issuerId2[],fp(pk(skI2[])),h(authTuple(issuerId2[],fp(pk(skI2[])),ssetH[],algH[],verH[])),cvA[],plI_2))),skI2[]))))),k)).

40. Using the function POSS the attacker may obtain POSS.
attacker(POSS).

41. By 40, the attacker may know POSS.
By 33, the attacker may know authTuple(idW_6,fp(pk(k)),ssW_1,algW_1,verW_1).
Using the function 2-tuple the attacker may obtain (POSS,authTuple(idW_6,fp(pk(k)),ssW_1,algW_1,verW_1)).
attacker((POSS,authTuple(idW_6,fp(pk(k)),ssW_1,algW_1,verW_1))).

42. By 41, the attacker may know (POSS,authTuple(idW_6,fp(pk(k)),ssW_1,algW_1,verW_1)).
By 29, the attacker may know k.
Using the function sign the attacker may obtain sign((POSS,authTuple(idW_6,fp(pk(k)),ssW_1,algW_1,verW_1)),k).
attacker(sign((POSS,authTuple(idW_6,fp(pk(k)),ssW_1,algW_1,verW_1)),k)).

43. By 14, the attacker may know STMT_DIGEST.
By 34, the attacker may know h(authTuple(idW_6,fp(pk(k)),ssW_1,algW_1,verW_1)).
Using the function 2-tuple the attacker may obtain (STMT_DIGEST,h(authTuple(idW_6,fp(pk(k)),ssW_1,algW_1,verW_1))).
attacker((STMT_DIGEST,h(authTuple(idW_6,fp(pk(k)),ssW_1,algW_1,verW_1)))).

44. By 43, the attacker may know (STMT_DIGEST,h(authTuple(idW_6,fp(pk(k)),ssW_1,algW_1,verW_1))).
By 6, the attacker may know skS[].
Using the function sign the attacker may obtain sign((STMT_DIGEST,h(authTuple(idW_6,fp(pk(k)),ssW_1,algW_1,verW_1))),skS[]).
attacker(sign((STMT_DIGEST,h(authTuple(idW_6,fp(pk(k)),ssW_1,algW_1,verW_1))),skS[])).

45. By 33, the attacker may know authTuple(idW_6,fp(pk(k)),ssW_1,algW_1,verW_1).
By 44, the attacker may know sign((STMT_DIGEST,h(authTuple(idW_6,fp(pk(k)),ssW_1,algW_1,verW_1))),skS[]).
By 30, the attacker may know pk(k).
By 42, the attacker may know sign((POSS,authTuple(idW_6,fp(pk(k)),ssW_1,algW_1,verW_1)),k).
By 39, the attacker may know sign((BYTES,framed(OT_WRAPPER,algW_1,idW_6,fp(pk(k)),h(authTuple(idW_6,fp(pk(k)),ssW_1,algW_1,verW_1)),cvW_4,wrap(cvIw_4,(canon(cvA[],framed(OT_ATTEST,algH[],issuerId2[],fp(pk(skI2[])),h(authTuple(issuerId2[],fp(pk(skI2[])),ssetH[],algH[],verH[])),cvA[],plI_2)),sign((BYTES,canon(cvA[],framed(OT_ATTEST,algH[],issuerId2[],fp(pk(skI2[])),h(authTuple(issuerId2[],fp(pk(skI2[])),ssetH[],algH[],verH[])),cvA[],plI_2))),skI2[]))))),k).
By 36, the attacker may know framed(OT_WRAPPER,algW_1,idW_6,fp(pk(k)),h(authTuple(idW_6,fp(pk(k)),ssW_1,algW_1,verW_1)),cvW_4,wrap(cvIw_4,(canon(cvA[],framed(OT_ATTEST,algH[],issuerId2[],fp(pk(skI2[])),h(authTuple(issuerId2[],fp(pk(skI2[])),ssetH[],algH[],verH[])),cvA[],plI_2)),sign((BYTES,canon(cvA[],framed(OT_ATTEST,algH[],issuerId2[],fp(pk(skI2[])),h(authTuple(issuerId2[],fp(pk(skI2[])),ssetH[],algH[],verH[])),cvA[],plI_2))),skI2[])))).
By 12, the attacker may know authTuple(issuerId2[],fp(pk(skI2[])),ssetH[],algH[],verH[]).
By 16, the attacker may know sign((STMT_DIGEST,h(authTuple(issuerId2[],fp(pk(skI2[])),ssetH[],algH[],verH[]))),skS[]).
By 5, the attacker may know pk(skI2[]).
By 4, the attacker may know sign((POSS,authTuple(issuerId2[],fp(pk(skI2[])),ssetH[],algH[],verH[])),skI2[]).
Using the function 10-tuple the attacker may obtain (authTuple(idW_6,fp(pk(k)),ssW_1,algW_1,verW_1),sign((STMT_DIGEST,h(authTuple(idW_6,fp(pk(k)),ssW_1,algW_1,verW_1))),skS[]),pk(k),sign((POSS,authTuple(idW_6,fp(pk(k)),ssW_1,algW_1,verW_1)),k),sign((BYTES,framed(OT_WRAPPER,algW_1,idW_6,fp(pk(k)),h(authTuple(idW_6,fp(pk(k)),ssW_1,algW_1,verW_1)),cvW_4,wrap(cvIw_4,(canon(cvA[],framed(OT_ATTEST,algH[],issuerId2[],fp(pk(skI2[])),h(authTuple(issuerId2[],fp(pk(skI2[])),ssetH[],algH[],verH[])),cvA[],plI_2)),sign((BYTES,canon(cvA[],framed(OT_ATTEST,algH[],issuerId2[],fp(pk(skI2[])),h(authTuple(issuerId2[],fp(pk(skI2[])),ssetH[],algH[],verH[])),cvA[],plI_2))),skI2[]))))),k),framed(OT_WRAPPER,algW_1,idW_6,fp(pk(k)),h(authTuple(idW_6,fp(pk(k)),ssW_1,algW_1,verW_1)),cvW_4,wrap(cvIw_4,(canon(cvA[],framed(OT_ATTEST,algH[],issuerId2[],fp(pk(skI2[])),h(authTuple(issuerId2[],fp(pk(skI2[])),ssetH[],algH[],verH[])),cvA[],plI_2)),sign((BYTES,canon(cvA[],framed(OT_ATTEST,algH[],issuerId2[],fp(pk(skI2[])),h(authTuple(issuerId2[],fp(pk(skI2[])),ssetH[],algH[],verH[])),cvA[],plI_2))),skI2[])))),authTuple(issuerId2[],fp(pk(skI2[])),ssetH[],algH[],verH[]),sign((STMT_DIGEST,h(authTuple(issuerId2[],fp(pk(skI2[])),ssetH[],algH[],verH[]))),skS[]),pk(skI2[]),sign((POSS,authTuple(issuerId2[],fp(pk(skI2[])),ssetH[],algH[],verH[])),skI2[])).
attacker((authTuple(idW_6,fp(pk(k)),ssW_1,algW_1,verW_1),sign((STMT_DIGEST,h(authTuple(idW_6,fp(pk(k)),ssW_1,algW_1,verW_1))),skS[]),pk(k),sign((POSS,authTuple(idW_6,fp(pk(k)),ssW_1,algW_1,verW_1)),k),sign((BYTES,framed(OT_WRAPPER,algW_1,idW_6,fp(pk(k)),h(authTuple(idW_6,fp(pk(k)),ssW_1,algW_1,verW_1)),cvW_4,wrap(cvIw_4,(canon(cvA[],framed(OT_ATTEST,algH[],issuerId2[],fp(pk(skI2[])),h(authTuple(issuerId2[],fp(pk(skI2[])),ssetH[],algH[],verH[])),cvA[],plI_2)),sign((BYTES,canon(cvA[],framed(OT_ATTEST,algH[],issuerId2[],fp(pk(skI2[])),h(authTuple(issuerId2[],fp(pk(skI2[])),ssetH[],algH[],verH[])),cvA[],plI_2))),skI2[]))))),k),framed(OT_WRAPPER,algW_1,idW_6,fp(pk(k)),h(authTuple(idW_6,fp(pk(k)),ssW_1,algW_1,verW_1)),cvW_4,wrap(cvIw_4,(canon(cvA[],framed(OT_ATTEST,algH[],issuerId2[],fp(pk(skI2[])),h(authTuple(issuerId2[],fp(pk(skI2[])),ssetH[],algH[],verH[])),cvA[],plI_2)),sign((BYTES,canon(cvA[],framed(OT_ATTEST,algH[],issuerId2[],fp(pk(skI2[])),h(authTuple(issuerId2[],fp(pk(skI2[])),ssetH[],algH[],verH[])),cvA[],plI_2))),skI2[])))),authTuple(issuerId2[],fp(pk(skI2[])),ssetH[],algH[],verH[]),sign((STMT_DIGEST,h(authTuple(issuerId2[],fp(pk(skI2[])),ssetH[],algH[],verH[]))),skS[]),pk(skI2[]),sign((POSS,authTuple(issuerId2[],fp(pk(skI2[])),ssetH[],algH[],verH[])),skI2[]))).

46. The message (authTuple(idW_6,fp(pk(k)),ssW_1,algW_1,verW_1),sign((STMT_DIGEST,h(authTuple(idW_6,fp(pk(k)),ssW_1,algW_1,verW_1))),skS[]),pk(k),sign((POSS,authTuple(idW_6,fp(pk(k)),ssW_1,algW_1,verW_1)),k),sign((BYTES,framed(OT_WRAPPER,algW_1,idW_6,fp(pk(k)),h(authTuple(idW_6,fp(pk(k)),ssW_1,algW_1,verW_1)),cvW_4,wrap(cvIw_4,(canon(cvA[],framed(OT_ATTEST,algH[],issuerId2[],fp(pk(skI2[])),h(authTuple(issuerId2[],fp(pk(skI2[])),ssetH[],algH[],verH[])),cvA[],plI_2)),sign((BYTES,canon(cvA[],framed(OT_ATTEST,algH[],issuerId2[],fp(pk(skI2[])),h(authTuple(issuerId2[],fp(pk(skI2[])),ssetH[],algH[],verH[])),cvA[],plI_2))),skI2[]))))),k),framed(OT_WRAPPER,algW_1,idW_6,fp(pk(k)),h(authTuple(idW_6,fp(pk(k)),ssW_1,algW_1,verW_1)),cvW_4,wrap(cvIw_4,(canon(cvA[],framed(OT_ATTEST,algH[],issuerId2[],fp(pk(skI2[])),h(authTuple(issuerId2[],fp(pk(skI2[])),ssetH[],algH[],verH[])),cvA[],plI_2)),sign((BYTES,canon(cvA[],framed(OT_ATTEST,algH[],issuerId2[],fp(pk(skI2[])),h(authTuple(issuerId2[],fp(pk(skI2[])),ssetH[],algH[],verH[])),cvA[],plI_2))),skI2[])))),authTuple(issuerId2[],fp(pk(skI2[])),ssetH[],algH[],verH[]),sign((STMT_DIGEST,h(authTuple(issuerId2[],fp(pk(skI2[])),ssetH[],algH[],verH[]))),skS[]),pk(skI2[]),sign((POSS,authTuple(issuerId2[],fp(pk(skI2[])),ssetH[],algH[],verH[])),skI2[])) that the attacker may have by 45 may be received at input {138}.
So the message (wctx(pk(k),idW_6,framed(OT_WRAPPER,algW_1,idW_6,fp(pk(k)),h(authTuple(idW_6,fp(pk(k)),ssW_1,algW_1,verW_1)),cvW_4,wrap(cvIw_4,(canon(cvA[],framed(OT_ATTEST,algH[],issuerId2[],fp(pk(skI2[])),h(authTuple(issuerId2[],fp(pk(skI2[])),ssetH[],algH[],verH[])),cvA[],plI_2)),sign((BYTES,canon(cvA[],framed(OT_ATTEST,algH[],issuerId2[],fp(pk(skI2[])),h(authTuple(issuerId2[],fp(pk(skI2[])),ssetH[],algH[],verH[])),cvA[],plI_2))),skI2[]))))),pk(skI2[]),issuerId2[],canon(cvA[],framed(OT_ATTEST,algH[],issuerId2[],fp(pk(skI2[])),h(authTuple(issuerId2[],fp(pk(skI2[])),ssetH[],algH[],verH[])),cvA[],plI_2))) may be sent on channel scopeCh[] at output {159}.
mess(scopeCh[],(wctx(pk(k),idW_6,framed(OT_WRAPPER,algW_1,idW_6,fp(pk(k)),h(authTuple(idW_6,fp(pk(k)),ssW_1,algW_1,verW_1)),cvW_4,wrap(cvIw_4,(canon(cvA[],framed(OT_ATTEST,algH[],issuerId2[],fp(pk(skI2[])),h(authTuple(issuerId2[],fp(pk(skI2[])),ssetH[],algH[],verH[])),cvA[],plI_2)),sign((BYTES,canon(cvA[],framed(OT_ATTEST,algH[],issuerId2[],fp(pk(skI2[])),h(authTuple(issuerId2[],fp(pk(skI2[])),ssetH[],algH[],verH[])),cvA[],plI_2))),skI2[]))))),pk(skI2[]),issuerId2[],canon(cvA[],framed(OT_ATTEST,algH[],issuerId2[],fp(pk(skI2[])),h(authTuple(issuerId2[],fp(pk(skI2[])),ssetH[],algH[],verH[])),cvA[],plI_2)))).

47. The message (pk(skI2[]),issuerId2[],canon(cvA[],framed(OT_ATTEST,algH[],issuerId2[],fp(pk(skI2[])),h(authTuple(issuerId2[],fp(pk(skI2[])),ssetH[],algH[],verH[])),cvA[],plI_2))) that may be sent on channel honestInnerCh[] by 2 may be received at input {174}.
The message (wctx(pk(k),idW_6,framed(OT_WRAPPER,algW_1,idW_6,fp(pk(k)),h(authTuple(idW_6,fp(pk(k)),ssW_1,algW_1,verW_1)),cvW_4,wrap(cvIw_4,(canon(cvA[],framed(OT_ATTEST,algH[],issuerId2[],fp(pk(skI2[])),h(authTuple(issuerId2[],fp(pk(skI2[])),ssetH[],algH[],verH[])),cvA[],plI_2)),sign((BYTES,canon(cvA[],framed(OT_ATTEST,algH[],issuerId2[],fp(pk(skI2[])),h(authTuple(issuerId2[],fp(pk(skI2[])),ssetH[],algH[],verH[])),cvA[],plI_2))),skI2[]))))),pk(skI2[]),issuerId2[],canon(cvA[],framed(OT_ATTEST,algH[],issuerId2[],fp(pk(skI2[])),h(authTuple(issuerId2[],fp(pk(skI2[])),ssetH[],algH[],verH[])),cvA[],plI_2))) that may be sent on channel scopeCh[] by 46 may be received at input {175}.
So event HonestWrappedAccepted(pk(skI2[]),canon(cvA[],framed(OT_ATTEST,algH[],issuerId2[],fp(pk(skI2[])),h(authTuple(issuerId2[],fp(pk(skI2[])),ssetH[],algH[],verH[])),cvA[],plI_2)),pk(k)) may be executed at {177}.
event(HonestWrappedAccepted(pk(skI2[]),canon(cvA[],framed(OT_ATTEST,algH[],issuerId2[],fp(pk(skI2[])),h(authTuple(issuerId2[],fp(pk(skI2[])),ssetH[],algH[],verH[])),cvA[],plI_2)),pk(k))).

48. By 47, event(HonestWrappedAccepted(pk(skI2[]),canon(cvA[],framed(OT_ATTEST,algH[],issuerId2[],fp(pk(skI2[])),h(authTuple(issuerId2[],fp(pk(skI2[])),ssetH[],algH[],verH[])),cvA[],plI_2)),pk(k))).
The goal is reached, represented in the following fact:
event(HonestWrappedAccepted(pk(skI2[]),canon(cvA[],framed(OT_ATTEST,algH[],issuerId2[],fp(pk(skI2[])),h(authTuple(issuerId2[],fp(pk(skI2[])),ssetH[],algH[],verH[])),cvA[],plI_2)),pk(k))).


A more detailed output of the traces is available with
  set traceDisplay = long.

new skS: skey creating skS_5 at {1}

new skI1: skey creating skI1_1 at {2}

new skI2: skey creating skI2_1 at {3}

new skW1: skey creating skW1_1 at {4}

new skW2: skey creating skW2_1 at {5}

out(c, ~M) with ~M = pk(skS_5) at {10}

out(c, ~M_1) with ~M_1 = pk(skI1_1) at {11}

out(c, ~M_2) with ~M_2 = pk(skI2_1) at {12}

out(c, ~M_3) with ~M_3 = pk(skW1_1) at {13}

out(c, ~M_4) with ~M_4 = pk(skW2_1) at {14}

out(c, authTuple(~M_5,~M_6,~M_7,~M_8,~M_9)) with ~M_5 = issuerId, ~M_6 = fp(pk(skI1_1)), ~M_7 = ssetH, ~M_8 = algH, ~M_9 = verH at {15}

out(c, authTuple(~M_10,~M_11,~M_12,~M_13,~M_14)) with ~M_10 = issuerId2, ~M_11 = fp(pk(skI2_1)), ~M_12 = ssetH, ~M_13 = algH, ~M_14 = verH at {16}

out(c, authTuple(~M_15,~M_16,~M_17,~M_18,~M_19)) with ~M_15 = idW1, ~M_16 = fp(pk(skW1_1)), ~M_17 = ssetH, ~M_18 = algH, ~M_19 = verH at {17}

out(c, authTuple(~M_20,~M_21,~M_22,~M_23,~M_24)) with ~M_20 = idW2, ~M_21 = fp(pk(skW2_1)), ~M_22 = ssetH, ~M_23 = algH, ~M_24 = verH at {18}

out(c, ~M_25) with ~M_25 = skS_5 at {19}

in(c, a) at {69} in copy a_1

event IssuerPossession(pk(skI2_1)) at {70} in copy a_1

out(c, ~M_26) with ~M_26 = sign((POSS,authTuple(issuerId2,fp(pk(skI2_1)),ssetH,algH,verH)),skI2_1) at {72} in copy a_1

event IssuerSigned(pk(skI2_1),canon(cvA,framed(OT_ATTEST,algH,issuerId2,fp(pk(skI2_1)),h(authTuple(issuerId2,fp(pk(skI2_1)),ssetH,algH,verH)),cvA,a))) at {75} in copy a_1

out(c, ~M_27) with ~M_27 = sign((BYTES,canon(cvA,framed(OT_ATTEST,algH,issuerId2,fp(pk(skI2_1)),h(authTuple(issuerId2,fp(pk(skI2_1)),ssetH,algH,verH)),cvA,a))),skI2_1) at {80} in copy a_1

in(c, a_2) at {69} in copy a_3

event IssuerPossession(pk(skI2_1)) at {70} in copy a_3

out(c, ~M_28) with ~M_28 = sign((POSS,authTuple(issuerId2,fp(pk(skI2_1)),ssetH,algH,verH)),skI2_1) at {72} in copy a_3

event IssuerSigned(pk(skI2_1),canon(cvA,framed(OT_ATTEST,algH,issuerId2,fp(pk(skI2_1)),h(authTuple(issuerId2,fp(pk(skI2_1)),ssetH,algH,verH)),cvA,a_2))) at {75} in copy a_3

out(c, ~M_29) with ~M_29 = sign((BYTES,canon(cvA,framed(OT_ATTEST,algH,issuerId2,fp(pk(skI2_1)),h(authTuple(issuerId2,fp(pk(skI2_1)),ssetH,algH,verH)),cvA,a_2))),skI2_1) at {80} in copy a_3

in(c, a) at {69} in copy a_4

event IssuerPossession(pk(skI2_1)) at {70} in copy a_4

out(c, ~M_30) with ~M_30 = sign((POSS,authTuple(issuerId2,fp(pk(skI2_1)),ssetH,algH,verH)),skI2_1) at {72} in copy a_4

event IssuerSigned(pk(skI2_1),canon(cvA,framed(OT_ATTEST,algH,issuerId2,fp(pk(skI2_1)),h(authTuple(issuerId2,fp(pk(skI2_1)),ssetH,algH,verH)),cvA,a))) at {75} in copy a_4

out(c, ~M_31) with ~M_31 = sign((BYTES,canon(cvA,framed(OT_ATTEST,algH,issuerId2,fp(pk(skI2_1)),h(authTuple(issuerId2,fp(pk(skI2_1)),ssetH,algH,verH)),cvA,a))),skI2_1) at {80} in copy a_4

in(c, (authTuple(a_5,fp(pk(a_6)),a_7,a_8,a_9),sign((STMT_DIGEST,h(authTuple(a_5,fp(pk(a_6)),a_7,a_8,a_9))),~M_25),pk(a_6),sign((POSS,authTuple(a_5,fp(pk(a_6)),a_7,a_8,a_9)),a_6),sign((BYTES,framed(OT_WRAPPER,a_8,a_5,fp(pk(a_6)),h(authTuple(a_5,fp(pk(a_6)),a_7,a_8,a_9)),a_10,wrap(a_11,(canon(cvA,framed(OT_ATTEST,algH,issuerId2,fp(~M_2),h(authTuple(issuerId2,fp(~M_2),ssetH,algH,verH)),cvA,a)),~M_27)))),a_6),framed(OT_WRAPPER,a_8,a_5,fp(pk(a_6)),h(authTuple(a_5,fp(pk(a_6)),a_7,a_8,a_9)),a_10,wrap(a_11,(canon(cvA,framed(OT_ATTEST,algH,issuerId2,fp(~M_2),h(authTuple(issuerId2,fp(~M_2),ssetH,algH,verH)),cvA,a)),~M_27))),authTuple(issuerId2,fp(~M_2),ssetH,algH,verH),sign((STMT_DIGEST,h(authTuple(issuerId2,fp(~M_2),ssetH,algH,verH))),~M_25),~M_2,~M_26)) with sign((STMT_DIGEST,h(authTuple(a_5,fp(pk(a_6)),a_7,a_8,a_9))),~M_25) = sign((STMT_DIGEST,h(authTuple(a_5,fp(pk(a_6)),a_7,a_8,a_9))),skS_5), sign((BYTES,framed(OT_WRAPPER,a_8,a_5,fp(pk(a_6)),h(authTuple(a_5,fp(pk(a_6)),a_7,a_8,a_9)),a_10,wrap(a_11,(canon(cvA,framed(OT_ATTEST,algH,issuerId2,fp(~M_2),h(authTuple(issuerId2,fp(~M_2),ssetH,algH,verH)),cvA,a)),~M_27)))),a_6) = sign((BYTES,framed(OT_WRAPPER,a_8,a_5,fp(pk(a_6)),h(authTuple(a_5,fp(pk(a_6)),a_7,a_8,a_9)),a_10,wrap(a_11,(canon(cvA,framed(OT_ATTEST,algH,issuerId2,fp(pk(skI2_1)),h(authTuple(issuerId2,fp(pk(skI2_1)),ssetH,algH,verH)),cvA,a)),sign((BYTES,canon(cvA,framed(OT_ATTEST,algH,issuerId2,fp(pk(skI2_1)),h(authTuple(issuerId2,fp(pk(skI2_1)),ssetH,algH,verH)),cvA,a))),skI2_1))))),a_6), fp(~M_2) = fp(pk(skI2_1)), h(authTuple(issuerId2,fp(~M_2),ssetH,algH,verH)) = h(authTuple(issuerId2,fp(pk(skI2_1)),ssetH,algH,verH)), ~M_27 = sign((BYTES,canon(cvA,framed(OT_ATTEST,algH,issuerId2,fp(pk(skI2_1)),h(authTuple(issuerId2,fp(pk(skI2_1)),ssetH,algH,verH)),cvA,a))),skI2_1), fp(~M_2) = fp(pk(skI2_1)), sign((STMT_DIGEST,h(authTuple(issuerId2,fp(~M_2),ssetH,algH,verH))),~M_25) = sign((STMT_DIGEST,h(authTuple(issuerId2,fp(pk(skI2_1)),ssetH,algH,verH))),skS_5), ~M_2 = pk(skI2_1), ~M_26 = sign((POSS,authTuple(issuerId2,fp(pk(skI2_1)),ssetH,algH,verH)),skI2_1) at {138} in copy a_12

event AcceptOuter(pk(a_6),a_5,framed(OT_WRAPPER,a_8,a_5,fp(pk(a_6)),h(authTuple(a_5,fp(pk(a_6)),a_7,a_8,a_9)),a_10,wrap(a_11,(canon(cvA,framed(OT_ATTEST,algH,issuerId2,fp(pk(skI2_1)),h(authTuple(issuerId2,fp(pk(skI2_1)),ssetH,algH,verH)),cvA,a)),sign((BYTES,canon(cvA,framed(OT_ATTEST,algH,issuerId2,fp(pk(skI2_1)),h(authTuple(issuerId2,fp(pk(skI2_1)),ssetH,algH,verH)),cvA,a))),skI2_1))))) at {146} in copy a_12

event AcceptInner(wctx(pk(a_6),a_5,framed(OT_WRAPPER,a_8,a_5,fp(pk(a_6)),h(authTuple(a_5,fp(pk(a_6)),a_7,a_8,a_9)),a_10,wrap(a_11,(canon(cvA,framed(OT_ATTEST,algH,issuerId2,fp(pk(skI2_1)),h(authTuple(issuerId2,fp(pk(skI2_1)),ssetH,algH,verH)),cvA,a)),sign((BYTES,canon(cvA,framed(OT_ATTEST,algH,issuerId2,fp(pk(skI2_1)),h(authTuple(issuerId2,fp(pk(skI2_1)),ssetH,algH,verH)),cvA,a))),skI2_1))))),pk(skI2_1),issuerId2,canon(cvA,framed(OT_ATTEST,algH,issuerId2,fp(pk(skI2_1)),h(authTuple(issuerId2,fp(pk(skI2_1)),ssetH,algH,verH)),cvA,a))) at {156} in copy a_12

out(honestInnerCh, (pk(skI2_1),issuerId2,canon(cvA,framed(OT_ATTEST,algH,issuerId2,fp(pk(skI2_1)),h(authTuple(issuerId2,fp(pk(skI2_1)),ssetH,algH,verH)),cvA,a)))) at {78} in copy a_1 received at {174} in copy a_13

out(scopeCh, (wctx(pk(a_6),a_5,framed(OT_WRAPPER,a_8,a_5,fp(pk(a_6)),h(authTuple(a_5,fp(pk(a_6)),a_7,a_8,a_9)),a_10,wrap(a_11,(canon(cvA,framed(OT_ATTEST,algH,issuerId2,fp(pk(skI2_1)),h(authTuple(issuerId2,fp(pk(skI2_1)),ssetH,algH,verH)),cvA,a)),sign((BYTES,canon(cvA,framed(OT_ATTEST,algH,issuerId2,fp(pk(skI2_1)),h(authTuple(issuerId2,fp(pk(skI2_1)),ssetH,algH,verH)),cvA,a))),skI2_1))))),pk(skI2_1),issuerId2,canon(cvA,framed(OT_ATTEST,algH,issuerId2,fp(pk(skI2_1)),h(authTuple(issuerId2,fp(pk(skI2_1)),ssetH,algH,verH)),cvA,a)))) at {159} in copy a_12 received at {175} in copy a_13

event HonestWrappedAccepted(pk(skI2_1),canon(cvA,framed(OT_ATTEST,algH,issuerId2,fp(pk(skI2_1)),h(authTuple(issuerId2,fp(pk(skI2_1)),ssetH,algH,verH)),cvA,a)),pk(a_6)) at {177} in copy a_13 (goal)

The event HonestWrappedAccepted(pk(skI2_1),canon(cvA,framed(OT_ATTEST,algH,issuerId2,fp(pk(skI2_1)),h(authTuple(issuerId2,fp(pk(skI2_1)),ssetH,algH,verH)),cvA,a)),pk(a_6)) is executed at {177} in copy a_13.
A trace has been found.
RESULT not event(HonestWrappedAccepted(kH_3,fb,kW_3)) is false.
-- Query not event(HonestAccepted(k,fb)) in process 1.
Translating the process into Horn clauses...
Completing...
200 rules inserted. Base: 163 rules (78 with conclusion selected). Queue: 41 rules.
400 rules inserted. Base: 177 rules (78 with conclusion selected). Queue: 72 rules.
600 rules inserted. Base: 204 rules (94 with conclusion selected). Queue: 176 rules.
800 rules inserted. Base: 226 rules (94 with conclusion selected). Queue: 153 rules.
1000 rules inserted. Base: 228 rules (96 with conclusion selected). Queue: 151 rules.
1200 rules inserted. Base: 260 rules (96 with conclusion selected). Queue: 124 rules.
1400 rules inserted. Base: 355 rules (96 with conclusion selected). Queue: 39 rules.
Starting query not event(HonestAccepted(k,fb))
goal reachable: attacker(plI_2) -> event(HonestAccepted(pk(skI2[]),canon(cvA[],framed(OT_ATTEST,algH[],issuerId2[],fp(pk(skI2[])),h(authTuple(issuerId2[],fp(pk(skI2[])),ssetH[],algH[],verH[])),cvA[],plI_2))))

Derivation:

1. We assume as hypothesis that
attacker(plI_2).

2. The message plI_2 that the attacker may have by 1 may be received at input {69}.
So the message (pk(skI2[]),canon(cvA[],framed(OT_ATTEST,algH[],issuerId2[],fp(pk(skI2[])),h(authTuple(issuerId2[],fp(pk(skI2[])),ssetH[],algH[],verH[])),cvA[],plI_2))) may be sent on channel honestCh[] at output {77}.
mess(honestCh[],(pk(skI2[]),canon(cvA[],framed(OT_ATTEST,algH[],issuerId2[],fp(pk(skI2[])),h(authTuple(issuerId2[],fp(pk(skI2[])),ssetH[],algH[],verH[])),cvA[],plI_2)))).

3. The attacker initially knows cvA[].
attacker(cvA[]).

4. The attacker initially knows verH[].
attacker(verH[]).

5. The attacker initially knows algH[].
attacker(algH[]).

6. The attacker initially knows ssetH[].
attacker(ssetH[]).

7. The message pk(skI2[]) may be sent to the attacker at output {12}.
attacker(pk(skI2[])).

8. By 7, the attacker may know pk(skI2[]).
Using the function fp the attacker may obtain fp(pk(skI2[])).
attacker(fp(pk(skI2[]))).

9. The attacker initially knows issuerId2[].
attacker(issuerId2[]).

10. By 9, the attacker may know issuerId2[].
By 8, the attacker may know fp(pk(skI2[])).
By 6, the attacker may know ssetH[].
By 5, the attacker may know algH[].
By 4, the attacker may know verH[].
Using the function authTuple the attacker may obtain authTuple(issuerId2[],fp(pk(skI2[])),ssetH[],algH[],verH[]).
attacker(authTuple(issuerId2[],fp(pk(skI2[])),ssetH[],algH[],verH[])).

11. By 10, the attacker may know authTuple(issuerId2[],fp(pk(skI2[])),ssetH[],algH[],verH[]).
Using the function h the attacker may obtain h(authTuple(issuerId2[],fp(pk(skI2[])),ssetH[],algH[],verH[])).
attacker(h(authTuple(issuerId2[],fp(pk(skI2[])),ssetH[],algH[],verH[]))).

12. Using the function OT_ATTEST the attacker may obtain OT_ATTEST.
attacker(OT_ATTEST).

13. By 12, the attacker may know OT_ATTEST.
By 5, the attacker may know algH[].
By 9, the attacker may know issuerId2[].
By 8, the attacker may know fp(pk(skI2[])).
By 11, the attacker may know h(authTuple(issuerId2[],fp(pk(skI2[])),ssetH[],algH[],verH[])).
By 3, the attacker may know cvA[].
By 1, the attacker may know plI_2.
Using the function framed the attacker may obtain framed(OT_ATTEST,algH[],issuerId2[],fp(pk(skI2[])),h(authTuple(issuerId2[],fp(pk(skI2[])),ssetH[],algH[],verH[])),cvA[],plI_2).
attacker(framed(OT_ATTEST,algH[],issuerId2[],fp(pk(skI2[])),h(authTuple(issuerId2[],fp(pk(skI2[])),ssetH[],algH[],verH[])),cvA[],plI_2)).

14. By 3, the attacker may know cvA[].
By 13, the attacker may know framed(OT_ATTEST,algH[],issuerId2[],fp(pk(skI2[])),h(authTuple(issuerId2[],fp(pk(skI2[])),ssetH[],algH[],verH[])),cvA[],plI_2).
Using the function canon the attacker may obtain canon(cvA[],framed(OT_ATTEST,algH[],issuerId2[],fp(pk(skI2[])),h(authTuple(issuerId2[],fp(pk(skI2[])),ssetH[],algH[],verH[])),cvA[],plI_2)).
attacker(canon(cvA[],framed(OT_ATTEST,algH[],issuerId2[],fp(pk(skI2[])),h(authTuple(issuerId2[],fp(pk(skI2[])),ssetH[],algH[],verH[])),cvA[],plI_2))).

15. The message plI_2 that the attacker may have by 1 may be received at input {69}.
So the message sign((BYTES,canon(cvA[],framed(OT_ATTEST,algH[],issuerId2[],fp(pk(skI2[])),h(authTuple(issuerId2[],fp(pk(skI2[])),ssetH[],algH[],verH[])),cvA[],plI_2))),skI2[]) may be sent to the attacker at output {80}.
attacker(sign((BYTES,canon(cvA[],framed(OT_ATTEST,algH[],issuerId2[],fp(pk(skI2[])),h(authTuple(issuerId2[],fp(pk(skI2[])),ssetH[],algH[],verH[])),cvA[],plI_2))),skI2[])).

16. The attacker has some term payload_3.
attacker(payload_3).

17. The message payload_3 that the attacker may have by 16 may be received at input {69}.
So the message sign((POSS,authTuple(issuerId2[],fp(pk(skI2[])),ssetH[],algH[],verH[])),skI2[]) may be sent to the attacker at output {72}.
attacker(sign((POSS,authTuple(issuerId2[],fp(pk(skI2[])),ssetH[],algH[],verH[])),skI2[])).

18. The message skS[] may be sent to the attacker at output {19}.
attacker(skS[]).

19. Using the function STMT_DIGEST the attacker may obtain STMT_DIGEST.
attacker(STMT_DIGEST).

20. By 19, the attacker may know STMT_DIGEST.
By 11, the attacker may know h(authTuple(issuerId2[],fp(pk(skI2[])),ssetH[],algH[],verH[])).
Using the function 2-tuple the attacker may obtain (STMT_DIGEST,h(authTuple(issuerId2[],fp(pk(skI2[])),ssetH[],algH[],verH[]))).
attacker((STMT_DIGEST,h(authTuple(issuerId2[],fp(pk(skI2[])),ssetH[],algH[],verH[])))).

21. By 20, the attacker may know (STMT_DIGEST,h(authTuple(issuerId2[],fp(pk(skI2[])),ssetH[],algH[],verH[]))).
By 18, the attacker may know skS[].
Using the function sign the attacker may obtain sign((STMT_DIGEST,h(authTuple(issuerId2[],fp(pk(skI2[])),ssetH[],algH[],verH[]))),skS[]).
attacker(sign((STMT_DIGEST,h(authTuple(issuerId2[],fp(pk(skI2[])),ssetH[],algH[],verH[]))),skS[])).

22. By 10, the attacker may know authTuple(issuerId2[],fp(pk(skI2[])),ssetH[],algH[],verH[]).
By 21, the attacker may know sign((STMT_DIGEST,h(authTuple(issuerId2[],fp(pk(skI2[])),ssetH[],algH[],verH[]))),skS[]).
By 7, the attacker may know pk(skI2[]).
By 17, the attacker may know sign((POSS,authTuple(issuerId2[],fp(pk(skI2[])),ssetH[],algH[],verH[])),skI2[]).
By 15, the attacker may know sign((BYTES,canon(cvA[],framed(OT_ATTEST,algH[],issuerId2[],fp(pk(skI2[])),h(authTuple(issuerId2[],fp(pk(skI2[])),ssetH[],algH[],verH[])),cvA[],plI_2))),skI2[]).
By 14, the attacker may know canon(cvA[],framed(OT_ATTEST,algH[],issuerId2[],fp(pk(skI2[])),h(authTuple(issuerId2[],fp(pk(skI2[])),ssetH[],algH[],verH[])),cvA[],plI_2)).
Using the function 6-tuple the attacker may obtain (authTuple(issuerId2[],fp(pk(skI2[])),ssetH[],algH[],verH[]),sign((STMT_DIGEST,h(authTuple(issuerId2[],fp(pk(skI2[])),ssetH[],algH[],verH[]))),skS[]),pk(skI2[]),sign((POSS,authTuple(issuerId2[],fp(pk(skI2[])),ssetH[],algH[],verH[])),skI2[]),sign((BYTES,canon(cvA[],framed(OT_ATTEST,algH[],issuerId2[],fp(pk(skI2[])),h(authTuple(issuerId2[],fp(pk(skI2[])),ssetH[],algH[],verH[])),cvA[],plI_2))),skI2[]),canon(cvA[],framed(OT_ATTEST,algH[],issuerId2[],fp(pk(skI2[])),h(authTuple(issuerId2[],fp(pk(skI2[])),ssetH[],algH[],verH[])),cvA[],plI_2))).
attacker((authTuple(issuerId2[],fp(pk(skI2[])),ssetH[],algH[],verH[]),sign((STMT_DIGEST,h(authTuple(issuerId2[],fp(pk(skI2[])),ssetH[],algH[],verH[]))),skS[]),pk(skI2[]),sign((POSS,authTuple(issuerId2[],fp(pk(skI2[])),ssetH[],algH[],verH[])),skI2[]),sign((BYTES,canon(cvA[],framed(OT_ATTEST,algH[],issuerId2[],fp(pk(skI2[])),h(authTuple(issuerId2[],fp(pk(skI2[])),ssetH[],algH[],verH[])),cvA[],plI_2))),skI2[]),canon(cvA[],framed(OT_ATTEST,algH[],issuerId2[],fp(pk(skI2[])),h(authTuple(issuerId2[],fp(pk(skI2[])),ssetH[],algH[],verH[])),cvA[],plI_2)))).

23. The message (authTuple(issuerId2[],fp(pk(skI2[])),ssetH[],algH[],verH[]),sign((STMT_DIGEST,h(authTuple(issuerId2[],fp(pk(skI2[])),ssetH[],algH[],verH[]))),skS[]),pk(skI2[]),sign((POSS,authTuple(issuerId2[],fp(pk(skI2[])),ssetH[],algH[],verH[])),skI2[]),sign((BYTES,canon(cvA[],framed(OT_ATTEST,algH[],issuerId2[],fp(pk(skI2[])),h(authTuple(issuerId2[],fp(pk(skI2[])),ssetH[],algH[],verH[])),cvA[],plI_2))),skI2[]),canon(cvA[],framed(OT_ATTEST,algH[],issuerId2[],fp(pk(skI2[])),h(authTuple(issuerId2[],fp(pk(skI2[])),ssetH[],algH[],verH[])),cvA[],plI_2))) that the attacker may have by 22 may be received at input {122}.
So the message (BASE,pk(skI2[]),issuerId2[],canon(cvA[],framed(OT_ATTEST,algH[],issuerId2[],fp(pk(skI2[])),h(authTuple(issuerId2[],fp(pk(skI2[])),ssetH[],algH[],verH[])),cvA[],plI_2))) may be sent on channel acceptCh[] at output {133}.
mess(acceptCh[],(BASE,pk(skI2[]),issuerId2[],canon(cvA[],framed(OT_ATTEST,algH[],issuerId2[],fp(pk(skI2[])),h(authTuple(issuerId2[],fp(pk(skI2[])),ssetH[],algH[],verH[])),cvA[],plI_2)))).

24. The message (pk(skI2[]),canon(cvA[],framed(OT_ATTEST,algH[],issuerId2[],fp(pk(skI2[])),h(authTuple(issuerId2[],fp(pk(skI2[])),ssetH[],algH[],verH[])),cvA[],plI_2))) that may be sent on channel honestCh[] by 2 may be received at input {162}.
The message (BASE,pk(skI2[]),issuerId2[],canon(cvA[],framed(OT_ATTEST,algH[],issuerId2[],fp(pk(skI2[])),h(authTuple(issuerId2[],fp(pk(skI2[])),ssetH[],algH[],verH[])),cvA[],plI_2))) that may be sent on channel acceptCh[] by 23 may be received at input {163}.
So event HonestAccepted(pk(skI2[]),canon(cvA[],framed(OT_ATTEST,algH[],issuerId2[],fp(pk(skI2[])),h(authTuple(issuerId2[],fp(pk(skI2[])),ssetH[],algH[],verH[])),cvA[],plI_2))) may be executed at {166}.
event(HonestAccepted(pk(skI2[]),canon(cvA[],framed(OT_ATTEST,algH[],issuerId2[],fp(pk(skI2[])),h(authTuple(issuerId2[],fp(pk(skI2[])),ssetH[],algH[],verH[])),cvA[],plI_2)))).

25. By 24, event(HonestAccepted(pk(skI2[]),canon(cvA[],framed(OT_ATTEST,algH[],issuerId2[],fp(pk(skI2[])),h(authTuple(issuerId2[],fp(pk(skI2[])),ssetH[],algH[],verH[])),cvA[],plI_2)))).
The goal is reached, represented in the following fact:
event(HonestAccepted(pk(skI2[]),canon(cvA[],framed(OT_ATTEST,algH[],issuerId2[],fp(pk(skI2[])),h(authTuple(issuerId2[],fp(pk(skI2[])),ssetH[],algH[],verH[])),cvA[],plI_2)))).


A more detailed output of the traces is available with
  set traceDisplay = long.

new skS: skey creating skS_5 at {1}

new skI1: skey creating skI1_1 at {2}

new skI2: skey creating skI2_1 at {3}

new skW1: skey creating skW1_1 at {4}

new skW2: skey creating skW2_1 at {5}

out(c, ~M) with ~M = pk(skS_5) at {10}

out(c, ~M_1) with ~M_1 = pk(skI1_1) at {11}

out(c, ~M_2) with ~M_2 = pk(skI2_1) at {12}

out(c, ~M_3) with ~M_3 = pk(skW1_1) at {13}

out(c, ~M_4) with ~M_4 = pk(skW2_1) at {14}

out(c, authTuple(~M_5,~M_6,~M_7,~M_8,~M_9)) with ~M_5 = issuerId, ~M_6 = fp(pk(skI1_1)), ~M_7 = ssetH, ~M_8 = algH, ~M_9 = verH at {15}

out(c, authTuple(~M_10,~M_11,~M_12,~M_13,~M_14)) with ~M_10 = issuerId2, ~M_11 = fp(pk(skI2_1)), ~M_12 = ssetH, ~M_13 = algH, ~M_14 = verH at {16}

out(c, authTuple(~M_15,~M_16,~M_17,~M_18,~M_19)) with ~M_15 = idW1, ~M_16 = fp(pk(skW1_1)), ~M_17 = ssetH, ~M_18 = algH, ~M_19 = verH at {17}

out(c, authTuple(~M_20,~M_21,~M_22,~M_23,~M_24)) with ~M_20 = idW2, ~M_21 = fp(pk(skW2_1)), ~M_22 = ssetH, ~M_23 = algH, ~M_24 = verH at {18}

out(c, ~M_25) with ~M_25 = skS_5 at {19}

in(c, a) at {69} in copy a_1

event IssuerPossession(pk(skI2_1)) at {70} in copy a_1

out(c, ~M_26) with ~M_26 = sign((POSS,authTuple(issuerId2,fp(pk(skI2_1)),ssetH,algH,verH)),skI2_1) at {72} in copy a_1

event IssuerSigned(pk(skI2_1),canon(cvA,framed(OT_ATTEST,algH,issuerId2,fp(pk(skI2_1)),h(authTuple(issuerId2,fp(pk(skI2_1)),ssetH,algH,verH)),cvA,a))) at {75} in copy a_1

out(c, ~M_27) with ~M_27 = sign((BYTES,canon(cvA,framed(OT_ATTEST,algH,issuerId2,fp(pk(skI2_1)),h(authTuple(issuerId2,fp(pk(skI2_1)),ssetH,algH,verH)),cvA,a))),skI2_1) at {80} in copy a_1

in(c, a_2) at {69} in copy a_3

event IssuerPossession(pk(skI2_1)) at {70} in copy a_3

out(c, ~M_28) with ~M_28 = sign((POSS,authTuple(issuerId2,fp(pk(skI2_1)),ssetH,algH,verH)),skI2_1) at {72} in copy a_3

event IssuerSigned(pk(skI2_1),canon(cvA,framed(OT_ATTEST,algH,issuerId2,fp(pk(skI2_1)),h(authTuple(issuerId2,fp(pk(skI2_1)),ssetH,algH,verH)),cvA,a_2))) at {75} in copy a_3

out(c, ~M_29) with ~M_29 = sign((BYTES,canon(cvA,framed(OT_ATTEST,algH,issuerId2,fp(pk(skI2_1)),h(authTuple(issuerId2,fp(pk(skI2_1)),ssetH,algH,verH)),cvA,a_2))),skI2_1) at {80} in copy a_3

in(c, a_2) at {69} in copy a_4

event IssuerPossession(pk(skI2_1)) at {70} in copy a_4

out(c, ~M_30) with ~M_30 = sign((POSS,authTuple(issuerId2,fp(pk(skI2_1)),ssetH,algH,verH)),skI2_1) at {72} in copy a_4

event IssuerSigned(pk(skI2_1),canon(cvA,framed(OT_ATTEST,algH,issuerId2,fp(pk(skI2_1)),h(authTuple(issuerId2,fp(pk(skI2_1)),ssetH,algH,verH)),cvA,a_2))) at {75} in copy a_4

out(c, ~M_31) with ~M_31 = sign((BYTES,canon(cvA,framed(OT_ATTEST,algH,issuerId2,fp(pk(skI2_1)),h(authTuple(issuerId2,fp(pk(skI2_1)),ssetH,algH,verH)),cvA,a_2))),skI2_1) at {80} in copy a_4

in(c, (authTuple(issuerId2,fp(~M_2),ssetH,algH,verH),sign((STMT_DIGEST,h(authTuple(issuerId2,fp(~M_2),ssetH,algH,verH))),~M_25),~M_2,~M_26,~M_29,canon(cvA,framed(OT_ATTEST,algH,issuerId2,fp(~M_2),h(authTuple(issuerId2,fp(~M_2),ssetH,algH,verH)),cvA,a_2)))) with fp(~M_2) = fp(pk(skI2_1)), sign((STMT_DIGEST,h(authTuple(issuerId2,fp(~M_2),ssetH,algH,verH))),~M_25) = sign((STMT_DIGEST,h(authTuple(issuerId2,fp(pk(skI2_1)),ssetH,algH,verH))),skS_5), ~M_2 = pk(skI2_1), ~M_26 = sign((POSS,authTuple(issuerId2,fp(pk(skI2_1)),ssetH,algH,verH)),skI2_1), ~M_29 = sign((BYTES,canon(cvA,framed(OT_ATTEST,algH,issuerId2,fp(pk(skI2_1)),h(authTuple(issuerId2,fp(pk(skI2_1)),ssetH,algH,verH)),cvA,a_2))),skI2_1), fp(~M_2) = fp(pk(skI2_1)), h(authTuple(issuerId2,fp(~M_2),ssetH,algH,verH)) = h(authTuple(issuerId2,fp(pk(skI2_1)),ssetH,algH,verH)) at {122} in copy a_5

event AcceptInner(BASE,pk(skI2_1),issuerId2,canon(cvA,framed(OT_ATTEST,algH,issuerId2,fp(pk(skI2_1)),h(authTuple(issuerId2,fp(pk(skI2_1)),ssetH,algH,verH)),cvA,a_2))) at {131} in copy a_5

out(honestCh, (pk(skI2_1),canon(cvA,framed(OT_ATTEST,algH,issuerId2,fp(pk(skI2_1)),h(authTuple(issuerId2,fp(pk(skI2_1)),ssetH,algH,verH)),cvA,a_2)))) at {77} in copy a_3 received at {162} in copy a_6

out(acceptCh, (BASE,pk(skI2_1),issuerId2,canon(cvA,framed(OT_ATTEST,algH,issuerId2,fp(pk(skI2_1)),h(authTuple(issuerId2,fp(pk(skI2_1)),ssetH,algH,verH)),cvA,a_2)))) at {133} in copy a_5 received at {163} in copy a_6

event HonestAccepted(pk(skI2_1),canon(cvA,framed(OT_ATTEST,algH,issuerId2,fp(pk(skI2_1)),h(authTuple(issuerId2,fp(pk(skI2_1)),ssetH,algH,verH)),cvA,a_2))) at {166} in copy a_6 (goal)

The event HonestAccepted(pk(skI2_1),canon(cvA,framed(OT_ATTEST,algH,issuerId2,fp(pk(skI2_1)),h(authTuple(issuerId2,fp(pk(skI2_1)),ssetH,algH,verH)),cvA,a_2))) is executed at {166} in copy a_6.
A trace has been found.
RESULT not event(HonestAccepted(k,fb)) is false.

--------------------------------------------------------------
Verification summary:

Query not event(TypeConfused(otS_1,otA_1,fb)) is true.

Query not event(Rescoped(kX_1,idX_1,kH_3,idH_1,fb)) is true.

Query not event(InnerSigTransplanted(kX_1,s)) is true.

Query not event(HonestWrappedAccepted(kH_3,fb,kW_3)) is false.

Query not event(HonestAccepted(k,fb)) is false.

--------------------------------------------------------------

